Component: ARM Compiler 5.06 update 5 (build 528) Tool: armlink [4d35e2]

==============================================================================

Section Cross References

    startup_stm32f10x_md.o(STACK) refers (Special) to heapauxi.o(.text) for __use_two_region_memory
    startup_stm32f10x_md.o(HEAP) refers (Special) to heapauxi.o(.text) for __use_two_region_memory
    startup_stm32f10x_md.o(RESET) refers (Special) to heapauxi.o(.text) for __use_two_region_memory
    startup_stm32f10x_md.o(RESET) refers to startup_stm32f10x_md.o(STACK) for __initial_sp
    startup_stm32f10x_md.o(RESET) refers to startup_stm32f10x_md.o(.text) for Reset_Handler
    startup_stm32f10x_md.o(RESET) refers to stm32f10x_it.o(i.NMI_Handler) for NMI_Handler
    startup_stm32f10x_md.o(RESET) refers to stm32f10x_it.o(i.HardFault_Handler) for HardFault_Handler
    startup_stm32f10x_md.o(RESET) refers to stm32f10x_it.o(i.MemManage_Handler) for MemManage_Handler
    startup_stm32f10x_md.o(RESET) refers to stm32f10x_it.o(i.BusFault_Handler) for BusFault_Handler
    startup_stm32f10x_md.o(RESET) refers to stm32f10x_it.o(i.UsageFault_Handler) for UsageFault_Handler
    startup_stm32f10x_md.o(RESET) refers to stm32f10x_it.o(i.SVC_Handler) for SVC_Handler
    startup_stm32f10x_md.o(RESET) refers to stm32f10x_it.o(i.DebugMon_Handler) for DebugMon_Handler
    startup_stm32f10x_md.o(RESET) refers to stm32f10x_it.o(i.PendSV_Handler) for PendSV_Handler
    startup_stm32f10x_md.o(RESET) refers to stm32f10x_it.o(i.SysTick_Handler) for SysTick_Handler
    startup_stm32f10x_md.o(RESET) refers to pid.o(i.TIM1_UP_IRQHandler) for TIM1_UP_IRQHandler
    startup_stm32f10x_md.o(RESET) refers to jy901.o(i.USART3_IRQHandler) for USART3_IRQHandler
    startup_stm32f10x_md.o(.text) refers (Special) to heapauxi.o(.text) for __use_two_region_memory
    startup_stm32f10x_md.o(.text) refers to system_stm32f10x.o(i.SystemInit) for SystemInit
    startup_stm32f10x_md.o(.text) refers to __main.o(!!!main) for __main
    startup_stm32f10x_md.o(.text) refers to startup_stm32f10x_md.o(HEAP) for Heap_Mem
    startup_stm32f10x_md.o(.text) refers to startup_stm32f10x_md.o(STACK) for Stack_Mem
    system_stm32f10x.o(i.SetSysClock) refers to system_stm32f10x.o(i.SetSysClockTo72) for SetSysClockTo72
    system_stm32f10x.o(i.SystemCoreClockUpdate) refers to system_stm32f10x.o(.data) for SystemCoreClock
    system_stm32f10x.o(i.SystemInit) refers to system_stm32f10x.o(i.SetSysClock) for SetSysClock
    stm32f10x_adc.o(i.ADC_DeInit) refers to stm32f10x_rcc.o(i.RCC_APB2PeriphResetCmd) for RCC_APB2PeriphResetCmd
    stm32f10x_bkp.o(i.BKP_DeInit) refers to stm32f10x_rcc.o(i.RCC_BackupResetCmd) for RCC_BackupResetCmd
    stm32f10x_can.o(i.CAN_DeInit) refers to stm32f10x_rcc.o(i.RCC_APB1PeriphResetCmd) for RCC_APB1PeriphResetCmd
    stm32f10x_can.o(i.CAN_GetITStatus) refers to stm32f10x_can.o(i.CheckITStatus) for CheckITStatus
    stm32f10x_cec.o(i.CEC_DeInit) refers to stm32f10x_rcc.o(i.RCC_APB1PeriphResetCmd) for RCC_APB1PeriphResetCmd
    stm32f10x_dac.o(i.DAC_DeInit) refers to stm32f10x_rcc.o(i.RCC_APB1PeriphResetCmd) for RCC_APB1PeriphResetCmd
    stm32f10x_flash.o(i.FLASH_EnableWriteProtection) refers to stm32f10x_flash.o(i.FLASH_WaitForLastOperation) for FLASH_WaitForLastOperation
    stm32f10x_flash.o(i.FLASH_EraseAllBank1Pages) refers to stm32f10x_flash.o(i.FLASH_WaitForLastBank1Operation) for FLASH_WaitForLastBank1Operation
    stm32f10x_flash.o(i.FLASH_EraseAllPages) refers to stm32f10x_flash.o(i.FLASH_WaitForLastOperation) for FLASH_WaitForLastOperation
    stm32f10x_flash.o(i.FLASH_EraseOptionBytes) refers to stm32f10x_flash.o(i.FLASH_GetReadOutProtectionStatus) for FLASH_GetReadOutProtectionStatus
    stm32f10x_flash.o(i.FLASH_EraseOptionBytes) refers to stm32f10x_flash.o(i.FLASH_WaitForLastOperation) for FLASH_WaitForLastOperation
    stm32f10x_flash.o(i.FLASH_ErasePage) refers to stm32f10x_flash.o(i.FLASH_WaitForLastOperation) for FLASH_WaitForLastOperation
    stm32f10x_flash.o(i.FLASH_ProgramHalfWord) refers to stm32f10x_flash.o(i.FLASH_WaitForLastOperation) for FLASH_WaitForLastOperation
    stm32f10x_flash.o(i.FLASH_ProgramOptionByteData) refers to stm32f10x_flash.o(i.FLASH_WaitForLastOperation) for FLASH_WaitForLastOperation
    stm32f10x_flash.o(i.FLASH_ProgramWord) refers to stm32f10x_flash.o(i.FLASH_WaitForLastOperation) for FLASH_WaitForLastOperation
    stm32f10x_flash.o(i.FLASH_ReadOutProtection) refers to stm32f10x_flash.o(i.FLASH_WaitForLastOperation) for FLASH_WaitForLastOperation
    stm32f10x_flash.o(i.FLASH_UserOptionByteConfig) refers to stm32f10x_flash.o(i.FLASH_WaitForLastOperation) for FLASH_WaitForLastOperation
    stm32f10x_flash.o(i.FLASH_WaitForLastBank1Operation) refers to stm32f10x_flash.o(i.FLASH_GetBank1Status) for FLASH_GetBank1Status
    stm32f10x_flash.o(i.FLASH_WaitForLastOperation) refers to stm32f10x_flash.o(i.FLASH_GetBank1Status) for FLASH_GetBank1Status
[...]
    .text                                    0x08001134   Section        0  _wcrtomb.o(.text)
    .text                                    0x08001174   Section        8  libspace.o(.text)
    .text                                    0x0800117c   Section       74  sys_stackheap_outer.o(.text)
    .text                                    0x080011c8   Section       16  rt_ctype_table.o(.text)
    .text                                    0x080011d8   Section        8  rt_locale_intlibspace.o(.text)
    .text                                    0x080011e0   Section        0  _printf_fp_infnan.o(.text)
    .text                                    0x08001260   Section        0  bigflt0.o(.text)
    .text                                    0x08001344   Section        0  exit.o(.text)
    .text                                    0x08001358   Section        0  sys_exit.o(.text)
    .text                                    0x08001364   Section        2  use_no_semi.o(.text)
    .text                                    0x08001366   Section        0  indicate_semi.o(.text)
    CL$$btod_d2e                             0x08001366   Section       62  btod.o(CL$$btod_d2e)
    CL$$btod_d2e_denorm_low                  0x080013a4   Section       70  btod.o(CL$$btod_d2e_denorm_low)
    CL$$btod_d2e_norm_op1                    0x080013ea   Section       96  btod.o(CL$$btod_d2e_norm_op1)
    CL$$btod_div_common                      0x0800144a   Section      824  btod.o(CL$$btod_div_common)
    CL$$btod_e2e                             0x08001782   Section      220  btod.o(CL$$btod_e2e)
    CL$$btod_ediv                            0x0800185e   Section       42  btod.o(CL$$btod_ediv)
    CL$$btod_emul                            0x08001888   Section       42  btod.o(CL$$btod_emul)
    CL$$btod_mult_common                     0x080018b2   Section      580  btod.o(CL$$btod_mult_common)
    i.BusFault_Handler                       0x08001af6   Section        0  stm32f10x_it.o(i.BusFault_Handler)
    i.DebugMon_Handler                       0x08001afa   Section        0  stm32f10x_it.o(i.DebugMon_Handler)
    i.Encoder_Init                           0x08001afc   Section        0  encoder.o(i.Encoder_Init)
    i.Encoder_Right                          0x08001c34   Section        0  encoder.o(i.Encoder_Right)
    i.GPIO_Init                              0x08001c50   Section        0  stm32f10x_gpio.o(i.GPIO_Init)
    i.GPIO_ResetBits                         0x08001d66   Section        0  stm32f10x_gpio.o(i.GPIO_ResetBits)
    i.GPIO_SetBits                           0x08001d6a   Section        0  stm32f10x_gpio.o(i.GPIO_SetBits)
    i.GPIO_WriteBit                          0x08001d6e   Section        0  stm32f10x_gpio.o(i.GPIO_WriteBit)
    i.HardFault_Handler                      0x08001d78   Section        0  stm32f10x_it.o(i.HardFault_Handler)
    i.JY901_GetAngle                         0x08001d7c   Section        0  jy901.o(i.JY901_GetAngle)
    i.JY901_Init                             0x08001eb8   Section        0  jy901.o(i.JY901_Init)
    i.MemManage_Handler                      0x08001ec0   Section        0  stm32f10x_it.o(i.MemManage_Handler)
    i.Motor_Init                             0x08001ec4   Section        0  motor.o(i.Motor_Init)
    i.Motor_SetPWM                           0x08001ef4   Section        0  motor.o(i.Motor_SetPWM)
    i.NMI_Handler                            0x08001f3c   Section        0  stm32f10x_it.o(i.NMI_Handler)
    i.NVIC_Init                              0x08001f40   Section        0  misc.o(i.NVIC_Init)
    i.NVIC_PriorityGroupConfig               0x08001fb0   Section        0  misc.o(i.NVIC_PriorityGroupConfig)
    i.OLED_Clear                             0x08001fc4   Section        0  oled.o(i.OLED_Clear)
    i.OLED_ClearArea                         0x08001fec   Section        0  oled.o(i.OLED_ClearArea)
    i.OLED_GPIO_Init                         0x0800207c   Section        0  oled.o(i.OLED_GPIO_Init)
    i.OLED_I2C_SendByte                      0x080020dc   Section        0  oled.o(i.OLED_I2C_SendByte)
    i.OLED_I2C_Start                         0x0800211a   Section        0  oled.o(i.OLED_I2C_Start)
    i.OLED_I2C_Stop                          0x08002136   Section        0  oled.o(i.OLED_I2C_Stop)
    i.OLED_Init                              0x0800214c   Section        0  oled.o(i.OLED_Init)
    i.OLED_Printf                            0x080021e6   Section        0  oled.o(i.OLED_Printf)
    i.OLED_SetCursor                         0x08002218   Section        0  oled.o(i.OLED_SetCursor)
    i.OLED_ShowChar                          0x0800223c   Section        0  oled.o(i.OLED_ShowChar)
    i.OLED_ShowImage                         0x08002290   Section        0  oled.o(i.OLED_ShowImage)
    i.OLED_ShowString                        0x0800238c   Section        0  oled.o(i.OLED_ShowString)
    i.OLED_Update                            0x08002550   Section        0  oled.o(i.OLED_Update)
    i.OLED_W_SCL                             0x08002578   Section        0  oled.o(i.OLED_W_SCL)
    i.OLED_W_SDA                             0x08002590   Section        0  oled.o(i.OLED_W_SDA)
    i.OLED_WriteCommand                      0x080025a8   Section        0  oled.o(i.OLED_WriteCommand)
    i.OLED_WriteData                         0x080025c8   Section        0  oled.o(i.OLED_WriteData)
    i.PWM_Init                               0x080025f8   Section        0  pwm.o(i.PWM_Init)
    i.PWM_SetCompare1                        0x08002698   Section        0  pwm.o(i.PWM_SetCompare1)
    i.PendSV_Handler                         0x080026ac   Section        0  stm32f10x_it.o(i.PendSV_Handler)
    i.Pid_Position                           0x080026b0   Section        0  pid.o(i.Pid_Position)
    i.RCC_APB1PeriphClockCmd                 0x080027b4   Section        0  stm32f10x_rcc.o(i.RCC_APB1PeriphClockCmd)
    i.RCC_APB2PeriphClockCmd                 0x080027d4   Section        0  stm32f10x_rcc.o(i.RCC_APB2PeriphClockCmd)
    i.RCC_GetClocksFreq                      0x080027f4   Section        0  stm32f10x_rcc.o(i.RCC_GetClocksFreq)
    i.SVC_Handler                            0x080028c8   Section        0  stm32f10x_it.o(i.SVC_Handler)
    i.Serial_Init                            0x080028cc   Section        0  serial.o(i.Serial_Init)
    i.SetSysClock                            0x08002984   Section        0  system_stm32f10x.o(i.SetSysClock)
    SetSysClock                              0x08002985   Thumb Code     8  system_stm32f10x.o(i.SetSysClock)
    i.SetSysClockTo72                        0x0800298c   Section        0  system_stm32f10x.o(i.SetSysClockTo72)
    SetSysClockTo72                          0x0800298d   Thumb Code   214  system_stm32f10x.o(i.SetSysClockTo72)
    i.SysTick_Handler                        0x08002a6c   Section        0  stm32f10x_it.o(i.SysTick_Handler)
    i.SystemInit                             0x08002a70   Section        0  system_stm32f10x.o(i.SystemInit)
    i.TI1_Config                             0x08002ad0   Section        0  stm32f10x_tim.o(i.TI1_Config)
    TI1_Config                               0x08002ad1   Thumb Code   108  stm32f10x_tim.o(i.TI1_Config)
    i.TI2_Config                             0x08002b50   Section        0  stm32f10x_tim.o(i.TI2_Config)
    TI2_Config                               0x08002b51   Thumb Code   130  stm32f10x_tim.o(i.TI2_Config)
    i.TI3_Config                             0x08002be8   Section        0  stm32f10x_tim.o(i.TI3_Config)
    TI3_Config                               0x08002be9   Thumb Code   122  stm32f10x_tim.o(i.TI3_Config)
    i.TI4_Config                             0x08002c78   Section        0  stm32f10x_tim.o(i.TI4_Config)
    TI4_Config                               0x08002c79   Thumb Code   130  stm32f10x_tim.o(i.TI4_Config)
    i.TIM1_UP_IRQHandler                     0x08002d10   Section        0  pid.o(i.TIM1_UP_IRQHandler)
    i.TIM_ClearFlag                          0x08002d50   Section        0  stm32f10x_tim.o(i.TIM_ClearFlag)
    i.TIM_ClearITPendingBit                  0x08002d56   Section        0  stm32f10x_tim.o(i.TIM_ClearITPendingBit)
    i.TIM_Cmd                                0x08002d5c   Section        0  stm32f10x_tim.o(i.TIM_Cmd)
    i.TIM_EncoderInterfaceConfig             0x08002d74   Section        0  stm32f10x_tim.o(i.TIM_EncoderInterfaceConfig)
    i.TIM_GetCounter                         0x08002db6   Section        0  stm32f10x_tim.o(i.TIM_GetCounter)
    i.TIM_GetITStatus                        0x08002dbc   Section        0  stm32f10x_tim.o(i.TIM_GetITStatus)
    i.TIM_ICInit                             0x08002de0   Section        0  stm32f10x_tim.o(i.TIM_ICInit)
    i.TIM_ICStructInit                       0x08002e8c   Section        0  stm32f10x_tim.o(i.TIM_ICStructInit)
    i.TIM_ITConfig                           0x08002e9e   Section        0  stm32f10x_tim.o(i.TIM_ITConfig)
    i.TIM_InternalClockConfig                0x08002eb0   Section        0  stm32f10x_tim.o(i.TIM_InternalClockConfig)
    i.TIM_OC1Init                            0x08002ebc   Section        0  stm32f10x_tim.o(i.TIM_OC1Init)
    i.TIM_OCStructInit                       0x08002f54   Section        0  stm32f10x_tim.o(i.TIM_OCStructInit)
    i.TIM_SetCompare1                        0x08002f68   Section        0  stm32f10x_tim.o(i.TIM_SetCompare1)
    i.TIM_SetCounter                         0x08002f6c   Section        0  stm32f10x_tim.o(i.TIM_SetCounter)
    i.TIM_SetIC1Prescaler                    0x08002f70   Section        0  stm32f10x_tim.o(i.TIM_SetIC1Prescaler)
    i.TIM_SetIC2Prescaler                    0x08002f82   Section        0  stm32f10x_tim.o(i.TIM_SetIC2Prescaler)
    i.TIM_SetIC3Prescaler                    0x08002f9c   Section        0  stm32f10x_tim.o(i.TIM_SetIC3Prescaler)
    i.TIM_SetIC4Prescaler                    0x08002fae   Section        0  stm32f10x_tim.o(i.TIM_SetIC4Prescaler)
    i.TIM_TimeBaseInit                       0x08002fc8   Section        0  stm32f10x_tim.o(i.TIM_TimeBaseInit)
    i.Timer_Init                             0x0800306c   Section        0  timer.o(i.Timer_Init)
    i.USART3_IRQHandler                      0x080030e8   Section        0  jy901.o(i.USART3_IRQHandler)
    i.USART_Cmd                              0x080031ac   Section        0  stm32f10x_usart.o(i.USART_Cmd)
    i.USART_GetITStatus                      0x080031c4   Section        0  stm32f10x_usart.o(i.USART_GetITStatus)
    i.USART_ITConfig                         0x08003218   Section        0  stm32f10x_usart.o(i.USART_ITConfig)
    i.USART_Init                             0x08003264   Section        0  stm32f10x_usart.o(i.USART_Init)
    i.USART_ReceiveData                      0x0800333c   Section        0  stm32f10x_usart.o(i.USART_ReceiveData)
    i.UsageFault_Handler                     0x08003346   Section        0  stm32f10x_it.o(i.UsageFault_Handler)
    i.__ARM_fpclassify                       0x0800334a   Section        0  fpclassify.o(i.__ARM_fpclassify)
    i._is_digit                              0x08003372   Section        0  __printf_wp.o(i._is_digit)
    i.main                                   0x08003380   Section        0  main.o(i.main)
    locale$$code                             0x08003428   Section       44  lc_numeric_c.o(locale$$code)
    locale$$code                             0x08003454   Section       44  lc_ctype_c.o(locale$$code)
    x$fpl$d2f                                0x08003480   Section       98  d2f.o(x$fpl$d2f)
    x$fpl$ddiv                               0x080034e4   Section      688  ddiv.o(x$fpl$ddiv)
    ddiv_entry                               0x080034eb   Thumb Code     0  ddiv.o(x$fpl$ddiv)
    x$fpl$dmul                               0x08003794   Section      340  dmul.o(x$fpl$dmul)
    x$fpl$dnaninf                            0x080038e8   Section      156  dnaninf.o(x$fpl$dnaninf)
    x$fpl$dretinf                            0x08003984   Section       12  dretinf.o(x$fpl$dretinf)
    x$fpl$f2d                                0x08003990   Section       86  f2d.o(x$fpl$f2d)
    x$fpl$fadd                               0x080039e8   Section      196  faddsub_clz.o(x$fpl$fadd)
    _fadd1                                   0x080039f7   Thumb Code     0  faddsub_clz.o(x$fpl$fadd)
    x$fpl$fcmpinf                            0x08003aac   Section       24  fcmpi.o(x$fpl$fcmpinf)
    x$fpl$feqf                               0x08003ac4   Section      104  feqf.o(x$fpl$feqf)
    x$fpl$ffix                               0x08003b2c   Section       54  ffix.o(x$fpl$ffix)
    x$fpl$fflt                               0x08003b64   Section       48  fflt_clz.o(x$fpl$fflt)
    x$fpl$fleqf                              0x08003b94   Section      104  fleqf.o(x$fpl$fleqf)
    x$fpl$fmul                               0x08003bfc   Section      258  fmul.o(x$fpl$fmul)
    x$fpl$fnaninf                            0x08003cfe   Section      140  fnaninf.o(x$fpl$fnaninf)
    x$fpl$fretinf                            0x08003d8a   Section       10  fretinf.o(x$fpl$fretinf)
    x$fpl$frleqf                             0x08003d94   Section       98  frleqf.o(x$fpl$frleqf)
    x$fpl$fsub                               0x08003df8   Section      234  faddsub_clz.o(x$fpl$fsub)
    _fsub1                                   0x08003e07   Thumb Code     0  faddsub_clz.o(x$fpl$fsub)
    x$fpl$printf1                            0x08003ee2   Section        4  printf1.o(x$fpl$printf1)
    x$fpl$printf2                            0x08003ee6   Section        4  printf2.o(x$fpl$printf2)
    .constdata                               0x08003eea   Section     2381  oled_data.o(.constdata)
    x$fpl$usenofp                            0x08003eea   Section        0  usenofp.o(x$fpl$usenofp)
    .constdata                               0x08004838   Section        8  _printf_wctomb.o(.constdata)
    initial_mbstate                          0x08004838   Data           8  _printf_wctomb.o(.constdata)
    .constdata                               0x08004840   Section       40  _printf_hex_int_ll_ptr.o(.constdata)
    uc_hextab                                0x08004840   Data          20  _printf_hex_int_ll_ptr.o(.constdata)
    lc_hextab                                0x08004854   Data          20  _printf_hex_int_ll_ptr.o(.constdata)
    .constdata                               0x08004868   Section       17  __printf_flags_ss_wp.o(.constdata)
    maptable                                 0x08004868   Data          17  __printf_flags_ss_wp.o(.constdata)
    .constdata                               0x08004879   Section       38  _printf_fp_hex.o(.constdata)
    lc_hextab                                0x08004879   Data          19  _printf_fp_hex.o(.constdata)
    uc_hextab                                0x0800488c   Data          19  _printf_fp_hex.o(.constdata)
    .constdata                               0x080048a0   Section      148  bigflt0.o(.constdata)
    tenpwrs_x                                0x080048a0   Data          60  bigflt0.o(.constdata)
    tenpwrs_i                                0x080048dc   Data          64  bigflt0.o(.constdata)
    locale$$data                             0x08004954   Section       28  lc_numeric_c.o(locale$$data)
    __lcnum_c_name                           0x08004958   Data           2  lc_numeric_c.o(locale$$data)
    __lcnum_c_start                          0x08004960   Data           0  lc_numeric_c.o(locale$$data)
    __lcnum_c_point                          0x0800496c   Data           0  lc_numeric_c.o(locale$$data)
    __lcnum_c_thousands                      0x0800496e   Data           0  lc_numeric_c.o(locale$$data)
    __lcnum_c_grouping                       0x0800496f   Data           0  lc_numeric_c.o(locale$$data)
    locale$$data                             0x08004970   Section      272  lc_ctype_c.o(locale$$data)
    __lcnum_c_end                            0x08004970   Data           0  lc_numeric_c.o(locale$$data)
    __lcctype_c_name                         0x08004974   Data           2  lc_ctype_c.o(locale$$data)
    __lcctype_c_start                        0x0800497c   Data           0  lc_ctype_c.o(locale$$data)
    __lcctype_c_end                          0x08004a80   Data           0  lc_ctype_c.o(locale$$data)
    .data                                    0x20000000   Section       20  stm32f10x_rcc.o(.data)
    APBAHBPrescTable                         0x20000000   Data          16  stm32f10x_rcc.o(.data)
    ADCPrescTable                            0x20000010   Data           4  stm32f10x_rcc.o(.data)
    .data                                    0x20000014   Section       44  pid.o(.data)
    Count                                    0x2000003c   Data           2  pid.o(.data)
    Change                                   0x2000003e   Data           2  pid.o(.data)
    .data                                    0x20000040   Section       30  jy901.o(.data)
    AddState                                 0x2000005c   Data           1  jy901.o(.data)
    pRxState                                 0x2000005d   Data           1  jy901.o(.data)
    .data                                    0x20000060   Section       12  main.o(.data)
    .bss                                     0x2000006c   Section     1024  oled.o(.bss)
    .bss                                     0x2000046c   Section       10  jy901.o(.bss)
    .bss                                     0x20000478   Section       96  libspace.o(.bss)
    HEAP                                     0x200004d8   Section      512  startup_stm32f10x_md.o(HEAP)
    Heap_Mem                                 0x200004d8   Data         512  startup_stm32f10x_md.o(HEAP)
    STACK                                    0x200006d8   Section     1024  startup_stm32f10x_md.o(STACK)
    Stack_Mem                                0x200006d8   Data        1024  startup_stm32f10x_md.o(STACK)
    __initial_sp                             0x20000ad8   Data           0  startup_stm32f10x_md.o(STACK)

    Global Symbols

    Symbol Name                              Value     Ov Type        Size  Object(Section)

    BuildAttributes$$THM_ISAv4$P$D$K$B$S$PE$A:L22UL41UL21$X:L11$S22US41US21$IEEE1$IW$USESV6$~STKCKD$USESV7$~SHL$OTIME$ROPI$IEEEX$EBA8$UX$STANDARDLIB$REQ8$PRES8$EABIv2 0x00000000   Number         0  anon$$obj.o ABSOLUTE
    __ARM_use_no_argv                        0x00000000   Number         0  main.o ABSOLUTE
    _printf_flags                            0x00000000   Number         0  printf_stubs.o ABSOLUTE
    _printf_return_value                     0x00000000   Number         0  printf_stubs.o ABSOLUTE
    _printf_sizespec                         0x00000000   Number         0  printf_stubs.o ABSOLUTE
    _printf_widthprec                        0x00000000   Number         0  printf_stubs.o ABSOLUTE
    __ARM_exceptions_init                     - Undefined Weak Reference
    __alloca_initialize                       - Undefined Weak Reference
    __arm_preinit_                            - Undefined Weak Reference
    __cpp_initialize__aeabi_                  - Undefined Weak Reference
    __cxa_finalize                            - Undefined Weak Reference
    __sigvec_lookup                           - Undefined Weak Reference
    _atexit_init                              - Undefined Weak Reference
    _call_atexit_fns                          - Undefined Weak Reference
    _clock_init                               - Undefined Weak Reference
    _fp_trap_init                             - Undefined Weak Reference
    _fp_trap_shutdown                         - Undefined Weak Reference
    _get_lc_collate                           - Undefined Weak Reference
    _get_lc_monetary                          - Undefined Weak Reference
    _get_lc_time                              - Undefined Weak Reference
    _getenv_init                              - Undefined Weak Reference
    _handle_redirection                       - Undefined Weak Reference
    _init_alloc                               - Undefined Weak Reference
    _init_user_alloc                          - Undefined Weak Reference
    _initio                                   - Undefined Weak Reference
    _printf_mbtowc                            - Undefined Weak Reference
    _printf_wc                                - Undefined Weak Reference
    _rand_init                                - Undefined Weak Reference
    _signal_finish                            - Undefined Weak Reference
    _signal_init                              - Undefined Weak Reference
    _terminate_alloc                          - Undefined Weak Reference
    _terminate_user_alloc                     - Undefined Weak Reference
    _terminateio                              - Undefined Weak Reference
    __Vectors_Size                           0x000000ec   Number         0  startup_stm32f10x_md.o ABSOLUTE
    __Vectors                                0x08000000   Data           4  startup_stm32f10x_md.o(RESET)
    __Vectors_End                            0x080000ec   Data           0  startup_stm32f10x_md.o(RESET)
    __main                                   0x080000ed   Thumb Code     8  __main.o(!!!main)
    __scatterload                            0x080000f5   Thumb Code     0  __scatter.o(!!!scatter)
    __scatterload_rt2                        0x080000f5   Thumb Code    44  __scatter.o(!!!scatter)
    __scatterload_rt2_thumb_only             0x080000f5   Thumb Code     0  __scatter.o(!!!scatter)
    __scatterload_null                       0x08000103   Thumb Code     0  __scatter.o(!!!scatter)
    __scatterload_copy                       0x08000129   Thumb Code    26  __scatter_copy.o(!!handler_copy)
    __scatterload_zeroinit                   0x08000145   Thumb Code    28  __scatter_zi.o(!!handler_zi)
    _printf_n                                0x08000161   Thumb Code     0  _printf_n.o(.ARM.Collect$$_printf_percent$$00000001)
    _printf_percent                          0x08000161   Thumb Code     0  _printf_percent.o(.ARM.Collect$$_printf_percent$$00000000)
    _printf_p                                0x08000167   Thumb Code     0  _printf_p.o(.ARM.Collect$$_printf_percent$$00000002)
    _printf_f                                0x0800016d   Thumb Code     0  _printf_f.o(.ARM.Collect$$_printf_percent$$00000003)
    _printf_e                                0x08000173   Thumb Code     0  _printf_e.o(.ARM.Collect$$_printf_percent$$00000004)
    _printf_g                                0x08000179   Thumb Code     0  _printf_g.o(.ARM.Collect$$_printf_percent$$00000005)
    _printf_a                                0x0800017f   Thumb Code     0  _printf_a.o(.ARM.Collect$$_printf_percent$$00000006)
    _printf_ll                               0x08000185   Thumb Code     0  _printf_ll.o(.ARM.Collect$$_printf_percent$$00000007)
    _printf_i                                0x0800018f   Thumb Code     0  _printf_i.o(.ARM.Collect$$_printf_percent$$00000008)
    _printf_d                                0x08000195   Thumb Code     0  _printf_d.o(.ARM.Collect$$_printf_percent$$00000009)
    _printf_u                                0x0800019b   Thumb Code     0  _printf_u.o(.ARM.Collect$$_printf_percent$$0000000A)
    _printf_o                                0x080001a1   Thumb Code     0  _printf_o.o(.ARM.Collect$$_printf_percent$$0000000B)
    _printf_x                                0x080001a7   Thumb Code     0  _printf_x.o(.ARM.Collect$$_printf_percent$$0000000C)
    _printf_lli                              0x080001ad   Thumb Code     0  _printf_lli.o(.ARM.Collect$$_printf_percent$$0000000D)
    _printf_lld                              0x080001b3   Thumb Code     0  _printf_lld.o(.ARM.Collect$$_printf_percent$$0000000E)
    _printf_llu                              0x080001b9   Thumb Code     0  _printf_llu.o(.ARM.Collect$$_printf_percent$$0000000F)
    _printf_llo                              0x080001bf   Thumb Code     0  _printf_llo.o(.ARM.Collect$$_printf_percent$$00000010)
    _printf_llx                              0x080001c5   Thumb Code     0  _printf_llx.o(.ARM.Collect$$_printf_percent$$00000011)
    _printf_l                                0x080001cb   Thumb Code     0  _printf_l.o(.ARM.Collect$$_printf_percent$$00000012)
    _printf_c                                0x080001d5   Thumb Code     0  _printf_c.o(.ARM.Collect$$_printf_percent$$00000013)
    _printf_s                                0x080001db   Thumb Code     0  _printf_s.o(.ARM.Collect$$_printf_percent$$00000014)
    _printf_lc                               0x080001e1   Thumb Code     0  _printf_lc.o(.ARM.Collect$$_printf_percent$$00000015)
    _printf_ls                               0x080001e7   Thumb Code     0  _printf_ls.o(.ARM.Collect$$_printf_percent$$00000016)
    _printf_percent_end                      0x080001ed   Thumb Code     0  _printf_percent_end.o(.ARM.Collect$$_printf_percent$$00000017)
    __rt_lib_init                            0x080001f1   Thumb Code     0  libinit.o(.ARM.Collect$$libinit$$00000000)
    __rt_lib_init_fp_1                       0x080001f3   Thumb Code     0  libinit2.o(.ARM.Collect$$libinit$$00000002)
    __rt_lib_init_heap_1                     0x080001f3   Thumb Code     0  libinit2.o(.ARM.Collect$$libinit$$0000000A)
    __rt_lib_init_lc_common                  0x080001f3   Thumb Code     0  libinit2.o(.ARM.Collect$$libinit$$0000000F)
    __rt_lib_init_preinit_1                  0x080001f3   Thumb Code     0  libinit2.o(.ARM.Collect$$libinit$$00000004)
    __rt_lib_init_rand_1                     0x080001f3   Thumb Code     0  libinit2.o(.ARM.Collect$$libinit$$0000000E)
    __rt_lib_init_user_alloc_1               0x080001f3   Thumb Code     0  libinit2.o(.ARM.Collect$$libinit$$0000000C)
    __rt_lib_init_lc_collate_1               0x080001f9   Thumb Code     0  libinit2.o(.ARM.Collect$$libinit$$00000011)
    __rt_lib_init_lc_ctype_2                 0x080001f9   Thumb Code     0  libinit2.o(.ARM.Collect$$libinit$$00000012)
    __rt_lib_init_lc_ctype_1                 0x08000205   Thumb Code     0  libinit2.o(.ARM.Collect$$libinit$$00000013)
    __rt_lib_init_lc_monetary_1              0x08000205   Thumb Code     0  libinit2.o(.ARM.Collect$$libinit$$00000015)
    __rt_lib_init_lc_numeric_2               0x08000205   Thumb Code     0  libinit2.o(.ARM.Collect$$libinit$$00000016)
    __rt_lib_init_alloca_1                   0x0800020f   Thumb Code     0  libinit2.o(.ARM.Collect$$libinit$$0000002E)
    __rt_lib_init_argv_1                     0x0800020f   Thumb Code     0  libinit2.o(.ARM.Collect$$libinit$$0000002C)
    __rt_lib_init_atexit_1                   0x0800020f   Thumb Code     0  libinit2.o(.ARM.Collect$$libinit$$0000001B)
    __rt_lib_init_clock_1                    0x0800020f   Thumb Code     0  libinit2.o(.ARM.Collect$$libinit$$00000021)
    __rt_lib_init_cpp_1                      0x0800020f   Thumb Code     0  libinit2.o(.ARM.Collect$$libinit$$00000032)
    __rt_lib_init_exceptions_1               0x0800020f   Thumb Code     0  libinit2.o(.ARM.Collect$$libinit$$00000030)
    __rt_lib_init_fp_trap_1                  0x0800020f   Thumb Code     0  libinit2.o(.ARM.Collect$$libinit$$0000001F)
    __rt_lib_init_getenv_1                   0x0800020f   Thumb Code     0  libinit2.o(.ARM.Collect$$libinit$$00000023)
    __rt_lib_init_lc_numeric_1               0x0800020f   Thumb Code     0  libinit2.o(.ARM.Collect$$libinit$$00000017)
    __rt_lib_init_lc_time_1                  0x0800020f   Thumb Code     0  libinit2.o(.ARM.Collect$$libinit$$00000019)
    __rt_lib_init_return                     0x0800020f   Thumb Code     0  libinit2.o(.ARM.Collect$$libinit$$00000033)
    __rt_lib_init_signal_1                   0x0800020f   Thumb Code     0  libinit2.o(.ARM.Collect$$libinit$$0000001D)
    __rt_lib_init_stdio_1                    0x0800020f   Thumb Code     0  libinit2.o(.ARM.Collect$$libinit$$00000025)
    __rt_lib_shutdown                        0x08000211   Thumb Code     0  libshutdown.o(.ARM.Collect$$libshutdown$$00000000)
    __rt_lib_shutdown_cpp_1                  0x08000213   Thumb Code     0  libshutdown2.o(.ARM.Collect$$libshutdown$$00000002)
    __rt_lib_shutdown_fp_trap_1              0x08000213   Thumb Code     0  libshutdown2.o(.ARM.Collect$$libshutdown$$00000007)
    __rt_lib_shutdown_heap_1                 0x08000213   Thumb Code     0  libshutdown2.o(.ARM.Collect$$libshutdown$$0000000F)
    __rt_lib_shutdown_return                 0x08000213   Thumb Code     0  libshutdown2.o(.ARM.Collect$$libshutdown$$00000010)
    __rt_lib_shutdown_signal_1               0x08000213   Thumb Code     0  libshutdown2.o(.ARM.Collect$$libshutdown$$0000000A)
    __rt_lib_shutdown_stdio_1                0x08000213   Thumb Code     0  libshutdown2.o(.ARM.Collect$$libshutdown$$00000004)
    __rt_lib_shutdown_user_alloc_1           0x08000213   Thumb Code     0  libshutdown2.o(.ARM.Collect$$libshutdown$$0000000C)
    __rt_entry                               0x08000215   Thumb Code     0  __rtentry.o(.ARM.Collect$$rtentry$$00000000)
    __rt_entry_presh_1                       0x08000215   Thumb Code     0  __rtentry2.o(.ARM.Collect$$rtentry$$00000002)
    __rt_entry_sh                            0x08000215   Thumb Code     0  __rtentry4.o(.ARM.Collect$$rtentry$$00000004)
    __rt_entry_li                            0x0800021b   Thumb Code     0  __rtentry2.o(.ARM.Collect$$rtentry$$0000000A)
    __rt_entry_postsh_1                      0x0800021b   Thumb Code     0  __rtentry2.o(.ARM.Collect$$rtentry$$00000009)
    __rt_entry_main                          0x0800021f   Thumb Code     0  __rtentry2.o(.ARM.Collect$$rtentry$$0000000D)
    __rt_entry_postli_1                      0x0800021f   Thumb Code     0  __rtentry2.o(.ARM.Collect$$rtentry$$0000000C)
    __rt_exit                                0x08000227   Thumb Code     0  rtexit.o(.ARM.Collect$$rtexit$$00000000)
    __rt_exit_ls                             0x08000229   Thumb Code     0  rtexit2.o(.ARM.Collect$$rtexit$$00000003)
    __rt_exit_prels_1                        0x08000229   Thumb Code     0  rtexit2.o(.ARM.Collect$$rtexit$$00000002)
    __rt_exit_exit                           0x0800022d   Thumb Code     0  rtexit2.o(.ARM.Collect$$rtexit$$00000004)
    Reset_Handler                            0x08000235   Thumb Code     8  startup_stm32f10x_md.o(.text)
    ADC1_2_IRQHandler                        0x0800024f   Thumb Code     0  startup_stm32f10x_md.o(.text)
    CAN1_RX1_IRQHandler                      0x0800024f   Thumb Code     0  startup_stm32f10x_md.o(.text)
    CAN1_SCE_IRQHandler                      0x0800024f   Thumb Code     0  startup_stm32f10x_md.o(.text)
    DMA1_Channel1_IRQHandler                 0x0800024f   Thumb Code     0  startup_stm32f10x_md.o(.text)
    DMA1_Channel2_IRQHandler                 0x0800024f   Thumb Code     0  startup_stm32f10x_md.o(.text)
    DMA1_Channel3_IRQHandler                 0x0800024f   Thumb Code     0  startup_stm32f10x_md.o(.text)
    DMA1_Channel4_IRQHandler                 0x0800024f   Thumb Code     0  startup_stm32f10x_md.o(.text)
    DMA1_Channel5_IRQHandler                 0x0800024f   Thumb Code     0  startup_stm32f10x_md.o(.text)
    DMA1_Channel6_IRQHandler                 0x0800024f   Thumb Code     0  startup_stm32f10x_md.o(.text)
    DMA1_Channel7_IRQHandler                 0x0800024f   Thumb Code     0  startup_stm32f10x_md.o(.text)
    EXTI0_IRQHandler                         0x0800024f   Thumb Code     0  startup_stm32f10x_md.o(.text)
    EXTI15_10_IRQHandler                     0x0800024f   Thumb Code     0  startup_stm32f10x_md.o(.text)
    EXTI1_IRQHandler                         0x0800024f   Thumb Code     0  startup_stm32f10x_md.o(.text)
    EXTI2_IRQHandler                         0x0800024f   Thumb Code     0  startup_stm32f10x_md.o(.text)
    EXTI3_IRQHandler                         0x0800024f   Thumb Code     0  startup_stm32f10x_md.o(.text)
    EXTI4_IRQHandler                         0x0800024f   Thumb Code     0  startup_stm32f10x_md.o(.text)
    EXTI9_5_IRQHandler                       0x0800024f   Thumb Code     0  startup_stm32f10x_md.o(.text)
    FLASH_IRQHandler                         0x0800024f   Thumb Code     0  startup_stm32f10x_md.o(.text)
    I2C1_ER_IRQHandler                       0x0800024f   Thumb Code     0  startup_stm32f10x_md.o(.text)
    I2C1_EV_IRQHandler                       0x0800024f   Thumb Code     0  startup_stm32f10x_md.o(.text)
    I2C2_ER_IRQHandler                       0x0800024f   Thumb Code     0  startup_stm32f10x_md.o(.text)
    I2C2_EV_IRQHandler                       0x0800024f   Thumb Code     0  startup_stm32f10x_md.o(.text)
    PVD_IRQHandler                           0x0800024f   Thumb Code     0  startup_stm32f10x_md.o(.text)
    RCC_IRQHandler                           0x0800024f   Thumb Code     0  startup_stm32f10x_md.o(.text)
    RTCAlarm_IRQHandler                      0x0800024f   Thumb Code     0  startup_stm32f10x_md.o(.text)
    RTC_IRQHandler                           0x0800024f   Thumb Code     0  startup_stm32f10x_md.o(.text)
    SPI1_IRQHandler                          0x0800024f   Thumb Code     0  startup_stm32f10x_md.o(.text)
    SPI2_IRQHandler                          0x0800024f   Thumb Code     0  startup_stm32f10x_md.o(.text)
    TAMPER_IRQHandler                        0x0800024f   Thumb Code     0  startup_stm32f10x_md.o(.text)
    TIM1_BRK_IRQHandler                      0x0800024f   Thumb Code     0  startup_stm32f10x_md.o(.text)
    TIM1_CC_IRQHandler                       0x0800024f   Thumb Code     0  startup_stm32f10x_md.o(.text)
    TIM1_TRG_COM_IRQHandler                  0x0800024f   Thumb Code     0  startup_stm32f10x_md.o(.text)
    TIM2_IRQHandler                          0x0800024f   Thumb Code     0  startup_stm32f10x_md.o(.text)
    TIM3_IRQHandler                          0x0800024f   Thumb Code     0  startup_stm32f10x_md.o(.text)
    TIM4_IRQHandler                          0x0800024f   Thumb Code     0  startup_stm32f10x_md.o(.text)
    USART1_IRQHandler                        0x0800024f   Thumb Code     0  startup_stm32f10x_md.o(.text)
    USART2_IRQHandler                        0x0800024f   Thumb Code     0  startup_stm32f10x_md.o(.text)
    USBWakeUp_IRQHandler                     0x0800024f   Thumb Code     0  startup_stm32f10x_md.o(.text)
    USB_HP_CAN1_TX_IRQHandler                0x0800024f   Thumb Code     0  startup_stm32f10x_md.o(.text)
    USB_LP_CAN1_RX0_IRQHandler               0x0800024f   Thumb Code     0  startup_stm32f10x_md.o(.text)
    WWDG_IRQHandler                          0x0800024f   Thumb Code     0  startup_stm32f10x_md.o(.text)
    __user_initial_stackheap                 0x08000251   Thumb Code     0  startup_stm32f10x_md.o(.text)
    vsprintf                                 0x08000275   Thumb Code    32  vsprintf.o(.text)
    strcmp                                   0x08000299   Thumb Code   128  strcmpv7m.o(.text)
    __use_two_region_memory                  0x08000319   Thumb Code     2  heapauxi.o(.text)
    __rt_heap_escrow$2region                 0x0800031b   Thumb Code     2  heapauxi.o(.text)
    __rt_heap_expand$2region                 0x0800031d   Thumb Code     2  heapauxi.o(.text)
    _printf_pre_padding                      0x0800031f   Thumb Code    44  _printf_pad.o(.text)
    _printf_post_padding                     0x0800034b   Thumb Code    34  _printf_pad.o(.text)
    _printf_truncate_signed                  0x0800036d   Thumb Code    18  _printf_truncate.o(.text)
    _printf_truncate_unsigned                0x0800037f   Thumb Code    18  _printf_truncate.o(.text)
    _printf_str                              0x08000391   Thumb Code    82  _printf_str.o(.text)
    _printf_int_dec                          0x080003e5   Thumb Code   104  _printf_dec.o(.text)
    _printf_charcount                        0x0800045d   Thumb Code    40  _printf_charcount.o(.text)
    _printf_char_common                      0x0800048f   Thumb Code    32  _printf_char_common.o(.text)
    _sputc                                   0x080004b5   Thumb Code    10  _sputc.o(.text)
    _printf_wctomb                           0x080004c1   Thumb Code   182  _printf_wctomb.o(.text)
    _printf_longlong_dec                     0x0800057d   Thumb Code   108  _printf_longlong_dec.o(.text)
    _printf_longlong_oct                     0x080005f9   Thumb Code    66  _printf_oct_int_ll.o(.text)
    _printf_int_oct                          0x0800063b   Thumb Code    24  _printf_oct_int_ll.o(.text)
    _printf_ll_oct                           0x08000653   Thumb Code    12  _printf_oct_int_ll.o(.text)
    _printf_longlong_hex                     0x08000669   Thumb Code    86  _printf_hex_int_ll_ptr.o(.text)
    _printf_int_hex                          0x080006bf   Thumb Code    28  _printf_hex_int_ll_ptr.o(.text)
    _printf_ll_hex                           0x080006db   Thumb Code    12  _printf_hex_int_ll_ptr.o(.text)
    _printf_hex_ptr                          0x080006e7   Thumb Code    18  _printf_hex_int_ll_ptr.o(.text)
    __printf                                 0x080006fd   Thumb Code   388  __printf_flags_ss_wp.o(.text)
    _ll_udiv10                               0x08000885   Thumb Code   138  lludiv10.o(.text)
    _printf_int_common                       0x0800090f   Thumb Code   178  _printf_intcommon.o(.text)
    __lib_sel_fp_printf                      0x080009c1   Thumb Code     2  _printf_fp_dec.o(.text)
    _printf_fp_dec_real                      0x08000b73   Thumb Code   620  _printf_fp_dec.o(.text)
    _printf_fp_hex_real                      0x08000de1   Thumb Code   756  _printf_fp_hex.o(.text)
    _printf_cs_common                        0x080010dd   Thumb Code    20  _printf_char.o(.text)
    _printf_char                             0x080010f1   Thumb Code    16  _printf_char.o(.text)
    _printf_string                           0x08001101   Thumb Code     8  _printf_char.o(.text)
    _printf_lcs_common                       0x08001109   Thumb Code    20  _printf_wchar.o(.text)
    _printf_wchar                            0x0800111d   Thumb Code    16  _printf_wchar.o(.text)
    _printf_wstring                          0x0800112d   Thumb Code     8  _printf_wchar.o(.text)
    _wcrtomb                                 0x08001135   Thumb Code    64  _wcrtomb.o(.text)
    __user_libspace                          0x08001175   Thumb Code     8  libspace.o(.text)
    __user_perproc_libspace                  0x08001175   Thumb Code     0  libspace.o(.text)
    __user_perthread_libspace                0x08001175   Thumb Code     0  libspace.o(.text)
    __user_setup_stackheap                   0x0800117d   Thumb Code    74  sys_stackheap_outer.o(.text)
    __rt_ctype_table                         0x080011c9   Thumb Code    16  rt_ctype_table.o(.text)
    __rt_locale                              0x080011d9   Thumb Code     8  rt_locale_intlibspace.o(.text)
    _printf_fp_infnan                        0x080011e1   Thumb Code   112  _printf_fp_infnan.o(.text)
    _btod_etento                             0x08001261   Thumb Code   224  bigflt0.o(.text)
    exit                                     0x08001345   Thumb Code    18  exit.o(.text)
    _sys_exit                                0x08001359   Thumb Code     8  sys_exit.o(.text)
    __I$use$semihosting                      0x08001365   Thumb Code     0  use_no_semi.o(.text)
    __use_no_semihosting_swi                 0x08001365   Thumb Code     2  use_no_semi.o(.text)
    __semihosting_library_function           0x08001367   Thumb Code     0  indicate_semi.o(.text)
    _btod_d2e                                0x08001367   Thumb Code    62  btod.o(CL$$btod_d2e)
    _d2e_denorm_low                          0x080013a5   Thumb Code    70  btod.o(CL$$btod_d2e_denorm_low)
    _d2e_norm_op1                            0x080013eb   Thumb Code    96  btod.o(CL$$btod_d2e_norm_op1)
    __btod_div_common                        0x0800144b   Thumb Code   696  btod.o(CL$$btod_div_common)
    _e2e                                     0x08001783   Thumb Code   220  btod.o(CL$$btod_e2e)
    _btod_ediv                               0x0800185f   Thumb Code    42  btod.o(CL$$btod_ediv)
    _btod_emul                               0x08001889   Thumb Code    42  btod.o(CL$$btod_emul)
    __btod_mult_common                       0x080018b3   Thumb Code   580  btod.o(CL$$btod_mult_common)
    BusFault_Handler                         0x08001af7   Thumb Code     4  stm32f10x_it.o(i.BusFault_Handler)
    DebugMon_Handler                         0x08001afb   Thumb Code     2  stm32f10x_it.o(i.DebugMon_Handler)
    Encoder_Init                             0x08001afd   Thumb Code   296  encoder.o(i.Encoder_Init)
    Encoder_Right                            0x08001c35   Thumb Code    22  encoder.o(i.Encoder_Right)
    GPIO_Init                                0x08001c51   Thumb Code   278  stm32f10x_gpio.o(i.GPIO_Init)
    GPIO_ResetBits                           0x08001d67   Thumb Code     4  stm32f10x_gpio.o(i.GPIO_ResetBits)
    GPIO_SetBits                             0x08001d6b   Thumb Code     4  stm32f10x_gpio.o(i.GPIO_SetBits)
    GPIO_WriteBit                            0x08001d6f   Thumb Code    10  stm32f10x_gpio.o(i.GPIO_WriteBit)
    HardFault_Handler                        0x08001d79   Thumb Code     4  stm32f10x_it.o(i.HardFault_Handler)
    JY901_GetAngle                           0x08001d7d   Thumb Code   266  jy901.o(i.JY901_GetAngle)
    JY901_Init                               0x08001eb9   Thumb Code     8  jy901.o(i.JY901_Init)
    MemManage_Handler                        0x08001ec1   Thumb Code     4  stm32f10x_it.o(i.MemManage_Handler)
    Motor_Init                               0x08001ec5   Thumb Code    44  motor.o(i.Motor_Init)
    Motor_SetPWM                             0x08001ef5   Thumb Code    66  motor.o(i.Motor_SetPWM)
    NMI_Handler                              0x08001f3d   Thumb Code     2  stm32f10x_it.o(i.NMI_Handler)
    NVIC_Init                                0x08001f41   Thumb Code   100  misc.o(i.NVIC_Init)
    NVIC_PriorityGroupConfig                 0x08001fb1   Thumb Code    10  misc.o(i.NVIC_PriorityGroupConfig)
    OLED_Clear                               0x08001fc5   Thumb Code    36  oled.o(i.OLED_Clear)
    OLED_ClearArea                           0x08001fed   Thumb Code   140  oled.o(i.OLED_ClearArea)
    OLED_GPIO_Init                           0x0800207d   Thumb Code    92  oled.o(i.OLED_GPIO_Init)
    OLED_I2C_SendByte                        0x080020dd   Thumb Code    62  oled.o(i.OLED_I2C_SendByte)
    OLED_I2C_Start                           0x0800211b   Thumb Code    28  oled.o(i.OLED_I2C_Start)
    OLED_I2C_Stop                            0x08002137   Thumb Code    22  oled.o(i.OLED_I2C_Stop)
    OLED_Init                                0x0800214d   Thumb Code   154  oled.o(i.OLED_Init)
    OLED_Printf                              0x080021e7   Thumb Code    50  oled.o(i.OLED_Printf)
    OLED_SetCursor                           0x08002219   Thumb Code    34  oled.o(i.OLED_SetCursor)
    OLED_ShowChar                            0x0800223d   Thumb Code    74  oled.o(i.OLED_ShowChar)
    OLED_ShowImage                           0x08002291   Thumb Code   248  oled.o(i.OLED_ShowImage)
    OLED_ShowString                          0x0800238d   Thumb Code   442  oled.o(i.OLED_ShowString)
    OLED_Update                              0x08002551   Thumb Code    36  oled.o(i.OLED_Update)
    OLED_W_SCL                               0x08002579   Thumb Code    18  oled.o(i.OLED_W_SCL)
    OLED_W_SDA                               0x08002591   Thumb Code    18  oled.o(i.OLED_W_SDA)
    OLED_WriteCommand                        0x080025a9   Thumb Code    32  oled.o(i.OLED_WriteCommand)
    OLED_WriteData                           0x080025c9   Thumb Code    46  oled.o(i.OLED_WriteData)
    PWM_Init                                 0x080025f9   Thumb Code   152  pwm.o(i.PWM_Init)
    PWM_SetCompare1                          0x08002699   Thumb Code    14  pwm.o(i.PWM_SetCompare1)
    PendSV_Handler                           0x080026ad   Thumb Code     2  stm32f10x_it.o(i.PendSV_Handler)
    Pid_Position                             0x080026b1   Thumb Code   214  pid.o(i.Pid_Position)
    RCC_APB1PeriphClockCmd                   0x080027b5   Thumb Code    26  stm32f10x_rcc.o(i.RCC_APB1PeriphClockCmd)
    RCC_APB2PeriphClockCmd                   0x080027d5   Thumb Code    26  stm32f10x_rcc.o(i.RCC_APB2PeriphClockCmd)
    RCC_GetClocksFreq                        0x080027f5   Thumb Code   192  stm32f10x_rcc.o(i.RCC_GetClocksFreq)
    SVC_Handler                              0x080028c9   Thumb Code     2  stm32f10x_it.o(i.SVC_Handler)
    Serial_Init                              0x080028cd   Thumb Code   174  serial.o(i.Serial_Init)
    SysTick_Handler                          0x08002a6d   Thumb Code     2  stm32f10x_it.o(i.SysTick_Handler)
    SystemInit                               0x08002a71   Thumb Code    78  system_stm32f10x.o(i.SystemInit)
    TIM1_UP_IRQHandler                       0x08002d11   Thumb Code    52  pid.o(i.TIM1_UP_IRQHandler)
    TIM_ClearFlag                            0x08002d51   Thumb Code     6  stm32f10x_tim.o(i.TIM_ClearFlag)
    TIM_ClearITPendingBit                    0x08002d57   Thumb Code     6  stm32f10x_tim.o(i.TIM_ClearITPendingBit)
    TIM_Cmd                                  0x08002d5d   Thumb Code    24  stm32f10x_tim.o(i.TIM_Cmd)
    TIM_EncoderInterfaceConfig               0x08002d75   Thumb Code    66  stm32f10x_tim.o(i.TIM_EncoderInterfaceConfig)
    TIM_GetCounter                           0x08002db7   Thumb Code     6  stm32f10x_tim.o(i.TIM_GetCounter)
    TIM_GetITStatus                          0x08002dbd   Thumb Code    34  stm32f10x_tim.o(i.TIM_GetITStatus)
    TIM_ICInit                               0x08002de1   Thumb Code   150  stm32f10x_tim.o(i.TIM_ICInit)
    TIM_ICStructInit                         0x08002e8d   Thumb Code    18  stm32f10x_tim.o(i.TIM_ICStructInit)
    TIM_ITConfig                             0x08002e9f   Thumb Code    18  stm32f10x_tim.o(i.TIM_ITConfig)
    TIM_InternalClockConfig                  0x08002eb1   Thumb Code    12  stm32f10x_tim.o(i.TIM_InternalClockConfig)
    TIM_OC1Init                              0x08002ebd   Thumb Code   132  stm32f10x_tim.o(i.TIM_OC1Init)
    TIM_OCStructInit                         0x08002f55   Thumb Code    20  stm32f10x_tim.o(i.TIM_OCStructInit)
    TIM_SetCompare1                          0x08002f69   Thumb Code     4  stm32f10x_tim.o(i.TIM_SetCompare1)
    TIM_SetCounter                           0x08002f6d   Thumb Code     4  stm32f10x_tim.o(i.TIM_SetCounter)
    TIM_SetIC1Prescaler                      0x08002f71   Thumb Code    18  stm32f10x_tim.o(i.TIM_SetIC1Prescaler)
    TIM_SetIC2Prescaler                      0x08002f83   Thumb Code    26  stm32f10x_tim.o(i.TIM_SetIC2Prescaler)
    TIM_SetIC3Prescaler                      0x08002f9d   Thumb Code    18  stm32f10x_tim.o(i.TIM_SetIC3Prescaler)
    TIM_SetIC4Prescaler                      0x08002faf   Thumb Code    26  stm32f10x_tim.o(i.TIM_SetIC4Prescaler)
    TIM_TimeBaseInit                         0x08002fc9   Thumb Code   122  stm32f10x_tim.o(i.TIM_TimeBaseInit)
    Timer_Init                               0x0800306d   Thumb Code   120  timer.o(i.Timer_Init)
    USART3_IRQHandler                        0x080030e9   Thumb Code   164  jy901.o(i.USART3_IRQHandler)
    USART_Cmd                                0x080031ad   Thumb Code    24  stm32f10x_usart.o(i.USART_Cmd)
    USART_GetITStatus                        0x080031c5   Thumb Code    84  stm32f10x_usart.o(i.USART_GetITStatus)
    USART_ITConfig                           0x08003219   Thumb Code    74  stm32f10x_usart.o(i.USART_ITConfig)
    USART_Init                               0x08003265   Thumb Code   210  stm32f10x_usart.o(i.USART_Init)
    USART_ReceiveData                        0x0800333d   Thumb Code    10  stm32f10x_usart.o(i.USART_ReceiveData)
    UsageFault_Handler                       0x08003347   Thumb Code     4  stm32f10x_it.o(i.UsageFault_Handler)
    __ARM_fpclassify                         0x0800334b   Thumb Code    40  fpclassify.o(i.__ARM_fpclassify)
    _is_digit                                0x08003373   Thumb Code    14  __printf_wp.o(i._is_digit)
    main                                     0x08003381   Thumb Code   120  main.o(i.main)
    _get_lc_numeric                          0x08003429   Thumb Code    44  lc_numeric_c.o(locale$$code)
    _get_lc_ctype                            0x08003455   Thumb Code    44  lc_ctype_c.o(locale$$code)
    __aeabi_d2f                              0x08003481   Thumb Code     0  d2f.o(x$fpl$d2f)
    _d2f                                     0x08003481   Thumb Code    98  d2f.o(x$fpl$d2f)
    __aeabi_ddiv                             0x080034e5   Thumb Code     0  ddiv.o(x$fpl$ddiv)
    _ddiv                                    0x080034e5   Thumb Code   552  ddiv.o(x$fpl$ddiv)
    __aeabi_dmul                             0x08003795   Thumb Code     0  dmul.o(x$fpl$dmul)
    _dmul                                    0x08003795   Thumb Code   332  dmul.o(x$fpl$dmul)
    __fpl_dnaninf                            0x080038e9   Thumb Code   156  dnaninf.o(x$fpl$dnaninf)
    __fpl_dretinf                            0x08003985   Thumb Code    12  dretinf.o(x$fpl$dretinf)
    __aeabi_f2d                              0x08003991   Thumb Code     0  f2d.o(x$fpl$f2d)
    _f2d                                     0x08003991   Thumb Code    86  f2d.o(x$fpl$f2d)
    __aeabi_fadd                             0x080039e9   Thumb Code     0  faddsub_clz.o(x$fpl$fadd)
    _fadd                                    0x080039e9   Thumb Code   196  faddsub_clz.o(x$fpl$fadd)
    __fpl_fcmp_Inf                           0x08003aad   Thumb Code    24  fcmpi.o(x$fpl$fcmpinf)
    __aeabi_cfcmpeq                          0x08003ac5   Thumb Code     0  feqf.o(x$fpl$feqf)
    _fcmpeq                                  0x08003ac5   Thumb Code   104  feqf.o(x$fpl$feqf)
    __aeabi_f2iz                             0x08003b2d   Thumb Code     0  ffix.o(x$fpl$ffix)
    _ffix                                    0x08003b2d   Thumb Code    54  ffix.o(x$fpl$ffix)
    __aeabi_i2f                              0x08003b65   Thumb Code     0  fflt_clz.o(x$fpl$fflt)
    _fflt                                    0x08003b65   Thumb Code    48  fflt_clz.o(x$fpl$fflt)
    __aeabi_cfcmple                          0x08003b95   Thumb Code     0  fleqf.o(x$fpl$fleqf)
    _fcmple                                  0x08003b95   Thumb Code   104  fleqf.o(x$fpl$fleqf)
    __fpl_fcmple_InfNaN                      0x08003be7   Thumb Code     0  fleqf.o(x$fpl$fleqf)
    __aeabi_fmul                             0x08003bfd   Thumb Code     0  fmul.o(x$fpl$fmul)
    _fmul                                    0x08003bfd   Thumb Code   258  fmul.o(x$fpl$fmul)
    __fpl_fnaninf                            0x08003cff   Thumb Code   140  fnaninf.o(x$fpl$fnaninf)
    __fpl_fretinf                            0x08003d8b   Thumb Code    10  fretinf.o(x$fpl$fretinf)
    __aeabi_cfrcmple                         0x08003d95   Thumb Code     0  frleqf.o(x$fpl$frleqf)
    _frcmple                                 0x08003d95   Thumb Code    98  frleqf.o(x$fpl$frleqf)
    __aeabi_fsub                             0x08003df9   Thumb Code     0  faddsub_clz.o(x$fpl$fsub)
    _fsub                                    0x08003df9   Thumb Code   234  faddsub_clz.o(x$fpl$fsub)
    _printf_fp_dec                           0x08003ee3   Thumb Code     4  printf1.o(x$fpl$printf1)
    _printf_fp_hex                           0x08003ee7   Thumb Code     4  printf2.o(x$fpl$printf2)
    OLED_F8x16                               0x08003eea   Data        1520  oled_data.o(.constdata)
    __I$use$fp                               0x08003eea   Number         0  usenofp.o(x$fpl$usenofp)
    OLED_F6x8                                0x080044da   Data         570  oled_data.o(.constdata)
    OLED_CF16x16                             0x08004714   Data         259  oled_data.o(.constdata)
    Diode                                    0x08004817   Data          32  oled_data.o(.constdata)
    Region$$Table$$Base                      0x08004934   Number         0  anon$$obj.o(Region$$Table)
    Region$$Table$$Limit                     0x08004954   Number         0  anon$$obj.o(Region$$Table)
    __ctype                                  0x0800497d   Data           0  lc_ctype_c.o(locale$$data)
    zuosudu                                  0x20000014   Data           4  pid.o(.data)
    yousudu                                  0x20000018   Data           4  pid.o(.data)
    Actual                                   0x2000001c   Data           4  pid.o(.data)
    Out                                      0x20000020   Data           4  pid.o(.data)
    Kp                                       0x20000024   Data           4  pid.o(.data)
    Ki                                       0x20000028   Data           4  pid.o(.data)
    Kd                                       0x2000002c   Data           4  pid.o(.data)
    Error0                                   0x20000030   Data           4  pid.o(.data)
    Error1                                   0x20000034   Data           4  pid.o(.data)
    ErrorInt                                 0x20000038   Data           4  pid.o(.data)
    JY901_Flag                               0x20000040   Data           1  jy901.o(.data)
    RollH                                    0x20000041   Data           1  jy901.o(.data)
    RollL                                    0x20000042   Data           1  jy901.o(.data)
    PitchH                                   0x20000043   Data           1  jy901.o(.data)
    PitchL                                   0x20000044   Data           1  jy901.o(.data)
    YawH                                     0x20000045   Data           1  jy901.o(.data)
    YawL                                     0x20000046   Data           1  jy901.o(.data)
    Roll_B                                   0x20000048   Data           2  jy901.o(.data)
    Pitch_B                                  0x2000004a   Data           2  jy901.o(.data)
    Yaw_B                                    0x2000004c   Data           2  jy901.o(.data)
    P                                        0x20000050   Data           4  jy901.o(.data)
    R                                        0x20000054   Data           4  jy901.o(.data)
    Y                                        0x20000058   Data           4  jy901.o(.data)
    Pitch                                    0x20000060   Data           4  main.o(.data)
    Roll                                     0x20000064   Data           4  main.o(.data)
    Yaw                                      0x20000068   Data           4  main.o(.data)
    OLED_DisplayBuf                          0x2000006c   Data        1024  oled.o(.bss)
    Angle_Packet                             0x2000046c   Data          10  jy901.o(.bss)
    __libspace_start                         0x20000478   Data          96  libspace.o(.bss)
    __temporary_stack_top$libspace           0x200004d8   Data           0  libspace.o(.bss)



==============================================================================

Memory Map of the image

  Image Entry point : 0x080000ed

  Load Region LR_IROM1 (Base: 0x08000000, Size: 0x00004aec, Max: 0x00010000, ABSOLUTE)

    Execution Region ER_IROM1 (Exec base: 0x08000000, Load base: 0x08000000, Size: 0x00004a80, Max: 0x00010000, ABSOLUTE)

    Exec Addr    Load Addr    Size         Type   Attr      Idx    E Section Name        Object

    0x08000000   0x08000000   0x000000ec   Data   RO            3    RESET               startup_stm32f10x_md.o
    0x080000ec   0x080000ec   0x00000008   Code   RO         4235  * !!!main             c_w.l(__main.o)
    0x080000f4   0x080000f4   0x00000034   Code   RO         4678    !!!scatter          c_w.l(__scatter.o)
    0x08000128   0x08000128   0x0000001a   Code   RO         4680    !!handler_copy      c_w.l(__scatter_copy.o)
    0x08000142   0x08000142   0x00000002   PAD
    0x08000144   0x08000144   0x0000001c   Code   RO         4682    !!handler_zi        c_w.l(__scatter_zi.o)
    0x08000160   0x08000160   0x00000000   Code   RO         4389    .ARM.Collect$$_printf_percent$$00000000  c_w.l(_printf_percent.o)
    0x08000160   0x08000160   0x00000006   Code   RO         4378    .ARM.Collect$$_printf_percent$$00000001  c_w.l(_printf_n.o)
    0x08000166   0x08000166   0x00000006   Code   RO         4380    .ARM.Collect$$_printf_percent$$00000002  c_w.l(_printf_p.o)
    0x0800016c   0x0800016c   0x00000006   Code   RO         4385    .ARM.Collect$$_printf_percent$$00000003  c_w.l(_printf_f.o)
    0x08000172   0x08000172   0x00000006   Code   RO         4386    .ARM.Collect$$_printf_percent$$00000004  c_w.l(_printf_e.o)
    0x08000178   0x08000178   0x00000006   Code   RO         4387    .ARM.Collect$$_printf_percent$$00000005  c_w.l(_printf_g.o)
    0x0800017e   0x0800017e   0x00000006   Code   RO         4388    .ARM.Collect$$_printf_percent$$00000006  c_w.l(_printf_a.o)
    0x08000184   0x08000184   0x0000000a   Code   RO         4393    .ARM.Collect$$_printf_percent$$00000007  c_w.l(_printf_ll.o)
    0x0800018e   0x0800018e   0x00000006   Code   RO         4382    .ARM.Collect$$_printf_percent$$00000008  c_w.l(_printf_i.o)
    0x08000194   0x08000194   0x00000006   Code   RO         4383    .ARM.Collect$$_printf_percent$$00000009  c_w.l(_printf_d.o)
    0x0800019a   0x0800019a   0x00000006   Code   RO         4384    .ARM.Collect$$_printf_percent$$0000000A  c_w.l(_printf_u.o)
    0x080001a0   0x080001a0   0x00000006   Code   RO         4381    .ARM.Collect$$_printf_percent$$0000000B  c_w.l(_printf_o.o)
    0x080001a6   0x080001a6   0x00000006   Code   RO         4379    .ARM.Collect$$_printf_percent$$0000000C  c_w.l(_printf_x.o)
    0x080001ac   0x080001ac   0x00000006   Code   RO         4390    .ARM.Collect$$_printf_percent$$0000000D  c_w.l(_printf_lli.o)
    0x080001b2   0x080001b2   0x00000006   Code   RO         4391    .ARM.Collect$$_printf_percent$$0000000E  c_w.l(_printf_lld.o)
    0x080001b8   0x080001b8   0x00000006   Code   RO         4392    .ARM.Collect$$_printf_percent$$0000000F  c_w.l(_printf_llu.o)
    0x080001be   0x080001be   0x00000006   Code   RO         4397    .ARM.Collect$$_printf_percent$$00000010  c_w.l(_printf_llo.o)
    0x080001c4   0x080001c4   0x00000006   Code   RO         4398    .ARM.Collect$$_printf_percent$$00000011  c_w.l(_printf_llx.o)
    0x080001ca   0x080001ca   0x0000000a   Code   RO         4394    .ARM.Collect$$_printf_percent$$00000012  c_w.l(_printf_l.o)
    0x080001d4   0x080001d4   0x00000006   Code   RO         4376    .ARM.Collect$$_printf_percent$$00000013  c_w.l(_printf_c.o)
    0x080001da   0x080001da   0x00000006   Code   RO         4377    .ARM.Collect$$_printf_percent$$00000014  c_w.l(_printf_s.o)
    0x080001e0   0x080001e0   0x00000006   Code   RO         4395    .ARM.Collect$$_printf_percent$$00000015  c_w.l(_printf_lc.o)
    0x080001e6   0x080001e6   0x00000006   Code   RO         4396    .ARM.Collect$$_printf_percent$$00000016  c_w.l(_printf_ls.o)
    0x080001ec   0x080001ec   0x00000004   Code   RO         4482    .ARM.Collect$$_printf_percent$$00000017  c_w.l(_printf_percent_end.o)
    0x080001f0   0x080001f0   0x00000002   Code   RO         4540    .ARM.Collect$$libinit$$00000000  c_w.l(libinit.o)
    0x080001f2   0x080001f2   0x00000000   Code   RO         4551    .ARM.Collect$$libinit$$00000002  c_w.l(libinit2.o)
    0x080001f2   0x080001f2   0x00000000   Code   RO         4553    .ARM.Collect$$libinit$$00000004  c_w.l(libinit2.o)
    0x080001f2   0x080001f2   0x00000000   Code   RO         4556    .ARM.Collect$$libinit$$0000000A  c_w.l(libinit2.o)
    0x080001f2   0x080001f2   0x00000000   Code   RO         4558    .ARM.Collect$$libinit$$0000000C  c_w.l(libinit2.o)
    0x080001f2   0x080001f2   0x00000000   Code   RO         4560    .ARM.Collect$$libinit$$0000000E  c_w.l(libinit2.o)
    0x080001f2   0x080001f2   0x00000006   Code   RO         4561    .ARM.Collect$$libinit$$0000000F  c_w.l(libinit2.o)
    0x080001f8   0x080001f8   0x00000000   Code   RO         4563    .ARM.Collect$$libinit$$00000011  c_w.l(libinit2.o)
    0x080001f8   0x080001f8   0x0000000c   Code   RO         4564    .ARM.Collect$$libinit$$00000012  c_w.l(libinit2.o)
    0x08000204   0x08000204   0x00000000   Code   RO         4565    .ARM.Collect$$libinit$$00000013  c_w.l(libinit2.o)
    0x08000204   0x08000204   0x00000000   Code   RO         4567    .ARM.Collect$$libinit$$00000015  c_w.l(libinit2.o)
    0x08000204   0x08000204   0x0000000a   Code   RO         4568    .ARM.Collect$$libinit$$00000016  c_w.l(libinit2.o)
    0x0800020e   0x0800020e   0x00000000   Code   RO         4569    .ARM.Collect$$libinit$$00000017  c_w.l(libinit2.o)
    0x0800020e   0x0800020e   0x00000000   Code   RO         4571    .ARM.Collect$$libinit$$00000019  c_w.l(libinit2.o)
    0x0800020e   0x0800020e   0x00000000   Code   RO         4573    .ARM.Collect$$libinit$$0000001B  c_w.l(libinit2.o)
    0x0800020e   0x0800020e   0x00000000   Code   RO         4575    .ARM.Collect$$libinit$$0000001D  c_w.l(libinit2.o)
    0x0800020e   0x0800020e   0x00000000   Code   RO         4577    .ARM.Collect$$libinit$$0000001F  c_w.l(libinit2.o)
    0x0800020e   0x0800020e   0x00000000   Code   RO         4579    .ARM.Collect$$libinit$$00000021  c_w.l(libinit2.o)
    0x0800020e   0x0800020e   0x00000000   Code   RO         4581    .ARM.Collect$$libinit$$00000023  c_w.l(libinit2.o)
    0x0800020e   0x0800020e   0x00000000   Code   RO         4583    .ARM.Collect$$libinit$$00000025  c_w.l(libinit2.o)
    0x0800020e   0x0800020e   0x00000000   Code   RO         4587    .ARM.Collect$$libinit$$0000002C  c_w.l(libinit2.o)
    0x0800020e   0x0800020e   0x00000000   Code   RO         4589    .ARM.Collect$$libinit$$0000002E  c_w.l(libinit2.o)
    0x0800020e   0x0800020e   0x00000000   Code   RO         4591    .ARM.Collect$$libinit$$00000030  c_w.l(libinit2.o)
    0x0800020e   0x0800020e   0x00000000   Code   RO         4593    .ARM.Collect$$libinit$$00000032  c_w.l(libinit2.o)
    0x0800020e   0x0800020e   0x00000002   Code   RO         4594    .ARM.Collect$$libinit$$00000033  c_w.l(libinit2.o)
    0x08000210   0x08000210   0x00000002   Code   RO         4618    .ARM.Collect$$libshutdown$$00000000  c_w.l(libshutdown.o)
    0x08000212   0x08000212   0x00000000   Code   RO         4631    .ARM.Collect$$libshutdown$$00000002  c_w.l(libshutdown2.o)
    0x08000212   0x08000212   0x00000000   Code   RO         4633    .ARM.Collect$$libshutdown$$00000004  c_w.l(libshutdown2.o)
    0x08000212   0x08000212   0x00000000   Code   RO         4636    .ARM.Collect$$libshutdown$$00000007  c_w.l(libshutdown2.o)
    0x08000212   0x08000212   0x00000000   Code   RO         4639    .ARM.Collect$$libshutdown$$0000000A  c_w.l(libshutdown2.o)
    0x08000212   0x08000212   0x00000000   Code   RO         4641    .ARM.Collect$$libshutdown$$0000000C  c_w.l(libshutdown2.o)
    0x08000212   0x08000212   0x00000000   Code   RO         4644    .ARM.Collect$$libshutdown$$0000000F  c_w.l(libshutdown2.o)
    0x08000212   0x08000212   0x00000002   Code   RO         4645    .ARM.Collect$$libshutdown$$00000010  c_w.l(libshutdown2.o)
    0x08000214   0x08000214   0x00000000   Code   RO         4305    .ARM.Collect$$rtentry$$00000000  c_w.l(__rtentry.o)
    0x08000214   0x08000214   0x00000000   Code   RO         4448    .ARM.Collect$$rtentry$$00000002  c_w.l(__rtentry2.o)
    0x08000214   0x08000214   0x00000006   Code   RO         4460    .ARM.Collect$$rtentry$$00000004  c_w.l(__rtentry4.o)
    0x0800021a   0x0800021a   0x00000000   Code   RO         4450    .ARM.Collect$$rtentry$$00000009  c_w.l(__rtentry2.o)
    0x0800021a   0x0800021a   0x00000004   Code   RO         4451    .ARM.Collect$$rtentry$$0000000A  c_w.l(__rtentry2.o)
    0x0800021e   0x0800021e   0x00000000   Code   RO         4453    .ARM.Collect$$rtentry$$0000000C  c_w.l(__rtentry2.o)
    0x0800021e   0x0800021e   0x00000008   Code   RO         4454    .ARM.Collect$$rtentry$$0000000D  c_w.l(__rtentry2.o)
    0x08000226   0x08000226   0x00000002   Code   RO         4545    .ARM.Collect$$rtexit$$00000000  c_w.l(rtexit.o)
    0x08000228   0x08000228   0x00000000   Code   RO         4598    .ARM.Collect$$rtexit$$00000002  c_w.l(rtexit2.o)
    0x08000228   0x08000228   0x00000004   Code   RO         4599    .ARM.Collect$$rtexit$$00000003  c_w.l(rtexit2.o)
    0x0800022c   0x0800022c   0x00000006   Code   RO         4600    .ARM.Collect$$rtexit$$00000004  c_w.l(rtexit2.o)
    0x08000232   0x08000232   0x00000002   PAD
    0x08000234   0x08000234   0x00000040   Code   RO            4    .text               startup_stm32f10x_md.o
    0x08000274   0x08000274   0x00000024   Code   RO         4229    .text               c_w.l(vsprintf.o)
    0x08000298   0x08000298   0x00000080   Code   RO         4231    .text               c_w.l(strcmpv7m.o)
    0x08000318   0x08000318   0x00000006   Code   RO         4233    .text               c_w.l(heapauxi.o)
    0x0800031e   0x0800031e   0x0000004e   Code   RO         4310    .text               c_w.l(_printf_pad.o)
    0x0800036c   0x0800036c   0x00000024   Code   RO         4312    .text               c_w.l(_printf_truncate.o)
    0x08000390   0x08000390   0x00000052   Code   RO         4314    .text               c_w.l(_printf_str.o)
    0x080003e2   0x080003e2   0x00000002   PAD
    0x080003e4   0x080003e4   0x00000078   Code   RO         4316    .text               c_w.l(_printf_dec.o)
    0x0800045c   0x0800045c   0x00000028   Code   RO         4318    .text               c_w.l(_printf_charcount.o)
    0x08000484   0x08000484   0x00000030   Code   RO         4320    .text               c_w.l(_printf_char_common.o)
    0x080004b4   0x080004b4   0x0000000a   Code   RO         4322    .text               c_w.l(_sputc.o)
    0x080004be   0x080004be   0x00000002   PAD
    0x080004c0   0x080004c0   0x000000bc   Code   RO         4324    .text               c_w.l(_printf_wctomb.o)
    0x0800057c   0x0800057c   0x0000007c   Code   RO         4327    .text               c_w.l(_printf_longlong_dec.o)
    0x080005f8   0x080005f8   0x00000070   Code   RO         4333    .text               c_w.l(_printf_oct_int_ll.o)
    0x08000668   0x08000668   0x00000094   Code   RO         4353    .text               c_w.l(_printf_hex_int_ll_ptr.o)
    0x080006fc   0x080006fc   0x00000188   Code   RO         4373    .text               c_w.l(__printf_flags_ss_wp.o)
    0x08000884   0x08000884   0x0000008a   Code   RO         4467    .text               c_w.l(lludiv10.o)
    0x0800090e   0x0800090e   0x000000b2   Code   RO         4469    .text               c_w.l(_printf_intcommon.o)
    0x080009c0   0x080009c0   0x0000041e   Code   RO         4471    .text               c_w.l(_printf_fp_dec.o)
    0x08000dde   0x08000dde   0x00000002   PAD
    0x08000de0   0x08000de0   0x000002fc   Code   RO         4473    .text               c_w.l(_printf_fp_hex.o)
    0x080010dc   0x080010dc   0x0000002c   Code   RO         4478    .text               c_w.l(_printf_char.o)
    0x08001108   0x08001108   0x0000002c   Code   RO         4480    .text               c_w.l(_printf_wchar.o)
    0x08001134   0x08001134   0x00000040   Code   RO         4483    .text               c_w.l(_wcrtomb.o)
    0x08001174   0x08001174   0x00000008   Code   RO         4491    .text               c_w.l(libspace.o)
    0x0800117c   0x0800117c   0x0000004a   Code   RO         4494    .text               c_w.l(sys_stackheap_outer.o)
    0x080011c6   0x080011c6   0x00000002   PAD
    0x080011c8   0x080011c8   0x00000010   Code   RO         4496    .text               c_w.l(rt_ctype_table.o)
    0x080011d8   0x080011d8   0x00000008   Code   RO         4501    .text               c_w.l(rt_locale_intlibspace.o)
    0x080011e0   0x080011e0   0x00000080   Code   RO         4503    .text               c_w.l(_printf_fp_infnan.o)
    0x08001260   0x08001260   0x000000e4   Code   RO         4505    .text               c_w.l(bigflt0.o)
    0x08001344   0x08001344   0x00000012   Code   RO         4533    .text               c_w.l(exit.o)
    0x08001356   0x08001356   0x00000002   PAD
    0x08001358   0x08001358   0x0000000c   Code   RO         4610    .text               c_w.l(sys_exit.o)
    0x08001364   0x08001364   0x00000002   Code   RO         4621    .text               c_w.l(use_no_semi.o)
    0x08001366   0x08001366   0x00000000   Code   RO         4623    .text               c_w.l(indicate_semi.o)
    0x08001366   0x08001366   0x0000003e   Code   RO         4508    CL$$btod_d2e        c_w.l(btod.o)
    0x080013a4   0x080013a4   0x00000046   Code   RO         4510    CL$$btod_d2e_denorm_low  c_w.l(btod.o)
    0x080013ea   0x080013ea   0x00000060   Code   RO         4509    CL$$btod_d2e_norm_op1  c_w.l(btod.o)
    0x0800144a   0x0800144a   0x00000338   Code   RO         4518    CL$$btod_div_common  c_w.l(btod.o)
    0x08001782   0x08001782   0x000000dc   Code   RO         4515    CL$$btod_e2e        c_w.l(btod.o)
    0x0800185e   0x0800185e   0x0000002a   Code   RO         4512    CL$$btod_ediv       c_w.l(btod.o)
    0x08001888   0x08001888   0x0000002a   Code   RO         4511    CL$$btod_emul       c_w.l(btod.o)
    0x080018b2   0x080018b2   0x00000244   Code   RO         4517    CL$$btod_mult_common  c_w.l(btod.o)
    0x08001af6   0x08001af6   0x00000004   Code   RO         4164    i.BusFault_Handler  stm32f10x_it.o
    0x08001afa   0x08001afa   0x00000002   Code   RO         4165    i.DebugMon_Handler  stm32f10x_it.o
    0x08001afc   0x08001afc   0x00000138   Code   RO         3779    i.Encoder_Init      encoder.o
    0x08001c34   0x08001c34   0x0000001c   Code   RO         3781    i.Encoder_Right     encoder.o
    0x08001c50   0x08001c50   0x00000116   Code   RO         1347    i.GPIO_Init         stm32f10x_gpio.o
    0x08001d66   0x08001d66   0x00000004   Code   RO         1354    i.GPIO_ResetBits    stm32f10x_gpio.o
    0x08001d6a   0x08001d6a   0x00000004   Code   RO         1355    i.GPIO_SetBits      stm32f10x_gpio.o
    0x08001d6e   0x08001d6e   0x0000000a   Code   RO         1358    i.GPIO_WriteBit     stm32f10x_gpio.o
    0x08001d78   0x08001d78   0x00000004   Code   RO         4166    i.HardFault_Handler  stm32f10x_it.o
    0x08001d7c   0x08001d7c   0x0000013c   Code   RO         4075    i.JY901_GetAngle    jy901.o
    0x08001eb8   0x08001eb8   0x00000008   Code   RO         4076    i.JY901_Init        jy901.o
    0x08001ec0   0x08001ec0   0x00000004   Code   RO         4167    i.MemManage_Handler  stm32f10x_it.o
    0x08001ec4   0x08001ec4   0x00000030   Code   RO         3657    i.Motor_Init        motor.o
    0x08001ef4   0x08001ef4   0x00000048   Code   RO         3658    i.Motor_SetPWM      motor.o
    0x08001f3c   0x08001f3c   0x00000002   Code   RO         4168    i.NMI_Handler       stm32f10x_it.o
    0x08001f3e   0x08001f3e   0x00000002   PAD
    0x08001f40   0x08001f40   0x00000070   Code   RO          137    i.NVIC_Init         misc.o
    0x08001fb0   0x08001fb0   0x00000014   Code   RO          138    i.NVIC_PriorityGroupConfig  misc.o
    0x08001fc4   0x08001fc4   0x00000028   Code   RO         3345    i.OLED_Clear        oled.o
    0x08001fec   0x08001fec   0x00000090   Code   RO         3346    i.OLED_ClearArea    oled.o
    0x0800207c   0x0800207c   0x00000060   Code   RO         3354    i.OLED_GPIO_Init    oled.o
    0x080020dc   0x080020dc   0x0000003e   Code   RO         3356    i.OLED_I2C_SendByte  oled.o
    0x0800211a   0x0800211a   0x0000001c   Code   RO         3357    i.OLED_I2C_Start    oled.o
    0x08002136   0x08002136   0x00000016   Code   RO         3358    i.OLED_I2C_Stop     oled.o
    0x0800214c   0x0800214c   0x0000009a   Code   RO         3359    i.OLED_Init         oled.o
    0x080021e6   0x080021e6   0x00000032   Code   RO         3362    i.OLED_Printf       oled.o
    0x08002218   0x08002218   0x00000022   Code   RO         3365    i.OLED_SetCursor    oled.o
    0x0800223a   0x0800223a   0x00000002   PAD
    0x0800223c   0x0800223c   0x00000054   Code   RO         3367    i.OLED_ShowChar     oled.o
    0x08002290   0x08002290   0x000000fc   Code   RO         3370    i.OLED_ShowImage    oled.o
    0x0800238c   0x0800238c   0x000001c4   Code   RO         3373    i.OLED_ShowString   oled.o
    0x08002550   0x08002550   0x00000028   Code   RO         3374    i.OLED_Update       oled.o
    0x08002578   0x08002578   0x00000018   Code   RO         3376    i.OLED_W_SCL        oled.o
    0x08002590   0x08002590   0x00000018   Code   RO         3377    i.OLED_W_SDA        oled.o
    0x080025a8   0x080025a8   0x00000020   Code   RO         3378    i.OLED_WriteCommand  oled.o
    0x080025c8   0x080025c8   0x0000002e   Code   RO         3379    i.OLED_WriteData    oled.o
    0x080025f6   0x080025f6   0x00000002   PAD
    0x080025f8   0x080025f8   0x000000a0   Code   RO         3761    i.PWM_Init          pwm.o
    0x08002698   0x08002698   0x00000014   Code   RO         3762    i.PWM_SetCompare1   pwm.o
    0x080026ac   0x080026ac   0x00000002   Code   RO         4169    i.PendSV_Handler    stm32f10x_it.o
    0x080026ae   0x080026ae   0x00000002   PAD
    0x080026b0   0x080026b0   0x00000104   Code   RO         3959    i.Pid_Position      pid.o
    0x080027b4   0x080027b4   0x00000020   Code   RO         1775    i.RCC_APB1PeriphClockCmd  stm32f10x_rcc.o
    0x080027d4   0x080027d4   0x00000020   Code   RO         1777    i.RCC_APB2PeriphClockCmd  stm32f10x_rcc.o
    0x080027f4   0x080027f4   0x000000d4   Code   RO         1785    i.RCC_GetClocksFreq  stm32f10x_rcc.o
    0x080028c8   0x080028c8   0x00000002   Code   RO         4170    i.SVC_Handler       stm32f10x_it.o
    0x080028ca   0x080028ca   0x00000002   PAD
    0x080028cc   0x080028cc   0x000000b8   Code   RO         3805    i.Serial_Init       serial.o
    0x08002984   0x08002984   0x00000008   Code   RO           24    i.SetSysClock       system_stm32f10x.o
    0x0800298c   0x0800298c   0x000000e0   Code   RO           25    i.SetSysClockTo72   system_stm32f10x.o
    0x08002a6c   0x08002a6c   0x00000002   Code   RO         4171    i.SysTick_Handler   stm32f10x_it.o
    0x08002a6e   0x08002a6e   0x00000002   PAD
    0x08002a70   0x08002a70   0x00000060   Code   RO           27    i.SystemInit        system_stm32f10x.o
    0x08002ad0   0x08002ad0   0x00000080   Code   RO         2405    i.TI1_Config        stm32f10x_tim.o
    0x08002b50   0x08002b50   0x00000098   Code   RO         2406    i.TI2_Config        stm32f10x_tim.o
    0x08002be8   0x08002be8   0x00000090   Code   RO         2407    i.TI3_Config        stm32f10x_tim.o
    0x08002c78   0x08002c78   0x00000098   Code   RO         2408    i.TI4_Config        stm32f10x_tim.o
    0x08002d10   0x08002d10   0x00000040   Code   RO         3960    i.TIM1_UP_IRQHandler  pid.o
    0x08002d50   0x08002d50   0x00000006   Code   RO         2415    i.TIM_ClearFlag     stm32f10x_tim.o
    0x08002d56   0x08002d56   0x00000006   Code   RO         2416    i.TIM_ClearITPendingBit  stm32f10x_tim.o
    0x08002d5c   0x08002d5c   0x00000018   Code   RO         2421    i.TIM_Cmd           stm32f10x_tim.o
    0x08002d74   0x08002d74   0x00000042   Code   RO         2430    i.TIM_EncoderInterfaceConfig  stm32f10x_tim.o
    0x08002db6   0x08002db6   0x00000006   Code   RO         2440    i.TIM_GetCounter    stm32f10x_tim.o
    0x08002dbc   0x08002dbc   0x00000022   Code   RO         2442    i.TIM_GetITStatus   stm32f10x_tim.o
    0x08002dde   0x08002dde   0x00000002   PAD
    0x08002de0   0x08002de0   0x000000ac   Code   RO         2444    i.TIM_ICInit        stm32f10x_tim.o
    0x08002e8c   0x08002e8c   0x00000012   Code   RO         2445    i.TIM_ICStructInit  stm32f10x_tim.o
    0x08002e9e   0x08002e9e   0x00000012   Code   RO         2446    i.TIM_ITConfig      stm32f10x_tim.o
    0x08002eb0   0x08002eb0   0x0000000c   Code   RO         2448    i.TIM_InternalClockConfig  stm32f10x_tim.o
    0x08002ebc   0x08002ebc   0x00000098   Code   RO         2450    i.TIM_OC1Init       stm32f10x_tim.o
    0x08002f54   0x08002f54   0x00000014   Code   RO         2468    i.TIM_OCStructInit  stm32f10x_tim.o
    0x08002f68   0x08002f68   0x00000004   Code   RO         2482    i.TIM_SetCompare1   stm32f10x_tim.o
    0x08002f6c   0x08002f6c   0x00000004   Code   RO         2486    i.TIM_SetCounter    stm32f10x_tim.o
    0x08002f70   0x08002f70   0x00000012   Code   RO         2487    i.TIM_SetIC1Prescaler  stm32f10x_tim.o
    0x08002f82   0x08002f82   0x0000001a   Code   RO         2488    i.TIM_SetIC2Prescaler  stm32f10x_tim.o
    0x08002f9c   0x08002f9c   0x00000012   Code   RO         2489    i.TIM_SetIC3Prescaler  stm32f10x_tim.o
    0x08002fae   0x08002fae   0x0000001a   Code   RO         2490    i.TIM_SetIC4Prescaler  stm32f10x_tim.o
    0x08002fc8   0x08002fc8   0x000000a4   Code   RO         2492    i.TIM_TimeBaseInit  stm32f10x_tim.o
    0x0800306c   0x0800306c   0x0000007c   Code   RO         3220    i.Timer_Init        timer.o
    0x080030e8   0x080030e8   0x000000c4   Code   RO         4077    i.USART3_IRQHandler  jy901.o
    0x080031ac   0x080031ac   0x00000018   Code   RO         2960    i.USART_Cmd         stm32f10x_usart.o
    0x080031c4   0x080031c4   0x00000054   Code   RO         2964    i.USART_GetITStatus  stm32f10x_usart.o
    0x08003218   0x08003218   0x0000004a   Code   RO         2966    i.USART_ITConfig    stm32f10x_usart.o
    0x08003262   0x08003262   0x00000002   PAD
    0x08003264   0x08003264   0x000000d8   Code   RO         2967    i.USART_Init        stm32f10x_usart.o
    0x0800333c   0x0800333c   0x0000000a   Code   RO         2974    i.USART_ReceiveData  stm32f10x_usart.o
    0x08003346   0x08003346   0x00000004   Code   RO         4172    i.UsageFault_Handler  stm32f10x_it.o
    0x0800334a   0x0800334a   0x00000028   Code   RO         4487    i.__ARM_fpclassify  m_ws.l(fpclassify.o)
    0x08003372   0x08003372   0x0000000e   Code   RO         4366    i._is_digit         c_w.l(__printf_wp.o)
    0x08003380   0x08003380   0x000000a8   Code   RO         4111    i.main              main.o
    0x08003428   0x08003428   0x0000002c   Code   RO         4531    locale$$code        c_w.l(lc_numeric_c.o)
    0x08003454   0x08003454   0x0000002c   Code   RO         4548    locale$$code        c_w.l(lc_ctype_c.o)
    0x08003480   0x08003480   0x00000062   Code   RO         4237    x$fpl$d2f           fz_ws.l(d2f.o)
    0x080034e2   0x080034e2   0x00000002   PAD
    0x080034e4   0x080034e4   0x000002b0   Code   RO         4246    x$fpl$ddiv          fz_ws.l(ddiv.o)
    0x08003794   0x08003794   0x00000154   Code   RO         4265    x$fpl$dmul          fz_ws.l(dmul.o)
    0x080038e8   0x080038e8   0x0000009c   Code   RO         4401    x$fpl$dnaninf       fz_ws.l(dnaninf.o)
    0x08003984   0x08003984   0x0000000c   Code   RO         4403    x$fpl$dretinf       fz_ws.l(dretinf.o)
    0x08003990   0x08003990   0x00000056   Code   RO         4269    x$fpl$f2d           fz_ws.l(f2d.o)
    0x080039e6   0x080039e6   0x00000002   PAD
    0x080039e8   0x080039e8   0x000000c4   Code   RO         4271    x$fpl$fadd          fz_ws.l(faddsub_clz.o)
    0x08003aac   0x08003aac   0x00000018   Code   RO         4407    x$fpl$fcmpinf       fz_ws.l(fcmpi.o)
    0x08003ac4   0x08003ac4   0x00000068   Code   RO         4277    x$fpl$feqf          fz_ws.l(feqf.o)
    0x08003b2c   0x08003b2c   0x00000036   Code   RO         4279    x$fpl$ffix          fz_ws.l(ffix.o)
    0x08003b62   0x08003b62   0x00000002   PAD
    0x08003b64   0x08003b64   0x00000030   Code   RO         4284    x$fpl$fflt          fz_ws.l(fflt_clz.o)
    0x08003b94   0x08003b94   0x00000068   Code   RO         4289    x$fpl$fleqf         fz_ws.l(fleqf.o)
    0x08003bfc   0x08003bfc   0x00000102   Code   RO         4291    x$fpl$fmul          fz_ws.l(fmul.o)
    0x08003cfe   0x08003cfe   0x0000008c   Code   RO         4409    x$fpl$fnaninf       fz_ws.l(fnaninf.o)
    0x08003d8a   0x08003d8a   0x0000000a   Code   RO         4411    x$fpl$fretinf       fz_ws.l(fretinf.o)
    0x08003d94   0x08003d94   0x00000062   Code   RO         4293    x$fpl$frleqf        fz_ws.l(frleqf.o)
    0x08003df6   0x08003df6   0x00000002   PAD
    0x08003df8   0x08003df8   0x000000ea   Code   RO         4273    x$fpl$fsub          fz_ws.l(faddsub_clz.o)
    0x08003ee2   0x08003ee2   0x00000004   Code   RO         4413    x$fpl$printf1       fz_ws.l(printf1.o)
    0x08003ee6   0x08003ee6   0x00000004   Code   RO         4415    x$fpl$printf2       fz_ws.l(printf2.o)
    0x08003eea   0x08003eea   0x00000000   Code   RO         4421    x$fpl$usenofp       fz_ws.l(usenofp.o)
    0x08003eea   0x08003eea   0x0000094d   Data   RO         3591    .constdata          oled_data.o
    0x08004837   0x08004837   0x00000001   PAD
    0x08004838   0x08004838   0x00000008   Data   RO         4325    .constdata          c_w.l(_printf_wctomb.o)
    0x08004840   0x08004840   0x00000028   Data   RO         4354    .constdata          c_w.l(_printf_hex_int_ll_ptr.o)
    0x08004868   0x08004868   0x00000011   Data   RO         4374    .constdata          c_w.l(__printf_flags_ss_wp.o)
    0x08004879   0x08004879   0x00000026   Data   RO         4474    .constdata          c_w.l(_printf_fp_hex.o)
    0x0800489f   0x0800489f   0x00000001   PAD
    0x080048a0   0x080048a0   0x00000094   Data   RO         4506    .constdata          c_w.l(bigflt0.o)
    0x08004934   0x08004934   0x00000020   Data   RO         4676    Region$$Table       anon$$obj.o
    0x08004954   0x08004954   0x0000001c   Data   RO         4530    locale$$data        c_w.l(lc_numeric_c.o)
    0x08004970   0x08004970   0x00000110   Data   RO         4547    locale$$data        c_w.l(lc_ctype_c.o)


    Execution Region RW_IRAM1 (Exec base: 0x20000000, Load base: 0x08004a80, Size: 0x00000ad8, Max: 0x00005000, ABSOLUTE)

    Exec Addr    Load Addr    Size         Type   Attr      Idx    E Section Name        Object

    0x20000000   0x08004a80   0x00000014   Data   RW         1805    .data               stm32f10x_rcc.o
    0x20000014   0x08004a94   0x0000002c   Data   RW         3961    .data               pid.o
    0x20000040   0x08004ac0   0x0000001e   Data   RW         4079    .data               jy901.o
    0x2000005e   0x08004ade   0x00000002   PAD
    0x20000060   0x08004ae0   0x0000000c   Data   RW         4112    .data               main.o
    0x2000006c        -       0x00000400   Zero   RW         3381    .bss                oled.o
    0x2000046c        -       0x0000000a   Zero   RW         4078    .bss                jy901.o
    0x20000476   0x08004aec   0x00000002   PAD
    0x20000478        -       0x00000060   Zero   RW         4492    .bss                c_w.l(libspace.o)
    0x200004d8        -       0x00000200   Zero   RW            2    HEAP                startup_stm32f10x_md.o
    0x200006d8        -       0x00000400   Zero   RW            1    STACK               startup_stm32f10x_md.o


==============================================================================

Image component sizes


      Code (inc. data)   RO Data    RW Data    ZI Data      Debug   Object Name

         0          0          0          0          0       4500   core_cm3.o
       340         22          0          0          0       1183   encoder.o
       520         82          0         30         10       2705   jy901.o
       168         48          0         12          0        740   main.o
       132         22          0          0          0     204911   misc.o
       120         10          0          0          0      29608   motor.o
      1584         52          0          0       1024      11845   oled.o
         0          0       2381          0          0       1178   oled_data.o
       324         58          0         44          0       1557   pid.o
       180         14          0          0          0       1089   pwm.o
       184         10          0          0          0     218318   serial.o
        64         26        236          0       1536        832   startup_stm32f10x_md.o
       296          0          0          0          0      11940   stm32f10x_gpio.o
        26          0          0          0          0       4034   stm32f10x_it.o
       276         32          0         20          0      13166   stm32f10x_rcc.o
      1370        170          0          0          0      35030   stm32f10x_tim.o
       408          6          0          0          0      11014   stm32f10x_usart.o
       328         28          0          0          0      19077   system_stm32f10x.o
       124          4          0          0          0     224225   timer.o

    ----------------------------------------------------------------------
      6460        584       2650        108       2572     796952   Object Totals
         0          0         32          0          0          0   (incl. Generated)
        16          0          1          2          2          0   (incl. Padding)

    ----------------------------------------------------------------------

      Code (inc. data)   RO Data    RW Data    ZI Data      Debug   Library Member Name

         8          0          0          0          0         68   __main.o
       392          4         17          0          0         92   __printf_flags_ss_wp.o
        14          0          0          0          0         68   __printf_wp.o
         0          0          0          0          0          0   __rtentry.o
        12          0          0          0          0          0   __rtentry2.o
         6          0          0          0          0          0   __rtentry4.o
        52          8          0          0          0          0   __scatter.o
        26          0          0          0          0          0   __scatter_copy.o
        28          0          0          0          0          0   __scatter_zi.o
         6          0          0          0          0          0   _printf_a.o
         6          0          0          0          0          0   _printf_c.o
        44          0          0          0          0        108   _printf_char.o
        48          6          0          0          0         96   _printf_char_common.o
        40          0          0          0          0         68   _printf_charcount.o
         6          0          0          0          0          0   _printf_d.o
       120         16          0          0          0         92   _printf_dec.o
         6          0          0          0          0          0   _printf_e.o
         6          0          0          0          0          0   _printf_f.o
      1054          0          0          0          0        216   _printf_fp_dec.o
       764          8         38          0          0        100   _printf_fp_hex.o
       128         16          0          0          0         84   _printf_fp_infnan.o
         6          0          0          0          0          0   _printf_g.o
       148          4         40          0          0        160   _printf_hex_int_ll_ptr.o
         6          0          0          0          0          0   _printf_i.o
       178          0          0          0          0         88   _printf_intcommon.o
        10          0          0          0          0          0   _printf_l.o
         6          0          0          0          0          0   _printf_lc.o
        10          0          0          0          0          0   _printf_ll.o
         6          0          0          0          0          0   _printf_lld.o
         6          0          0          0          0          0   _printf_lli.o
         6          0          0          0          0          0   _printf_llo.o
         6          0          0          0          0          0   _printf_llu.o
         6          0          0          0          0          0   _printf_llx.o
       124         16          0          0          0         92   _printf_longlong_dec.o
         6          0          0          0          0          0   _printf_ls.o
         6          0          0          0          0          0   _printf_n.o
         6          0          0          0          0          0   _printf_o.o
       112         10          0          0          0        124   _printf_oct_int_ll.o
         6          0          0          0          0          0   _printf_p.o
        78          0          0          0          0        108   _printf_pad.o
         0          0          0          0          0          0   _printf_percent.o
         4          0          0          0          0          0   _printf_percent_end.o
         6          0          0          0          0          0   _printf_s.o
        82          0          0          0          0         80   _printf_str.o
        36          0          0          0          0         84   _printf_truncate.o
         6          0          0          0          0          0   _printf_u.o
        44          0          0          0          0        108   _printf_wchar.o
       188          6          8          0          0         92   _printf_wctomb.o
         6          0          0          0          0          0   _printf_x.o
        10          0          0          0          0         68   _sputc.o
        64          0          0          0          0         92   _wcrtomb.o
       228          4        148          0          0         96   bigflt0.o
      1936        128          0          0          0        672   btod.o
        18          0          0          0          0         80   exit.o
         6          0          0          0          0        152   heapauxi.o
         0          0          0          0          0          0   indicate_semi.o
        44         10        272          0          0         76   lc_ctype_c.o
        44         10         28          0          0         76   lc_numeric_c.o
         2          0          0          0          0          0   libinit.o
        30          0          0          0          0          0   libinit2.o
         2          0          0          0          0          0   libshutdown.o
         2          0          0          0          0          0   libshutdown2.o
         8          4          0          0         96         68   libspace.o
       138          0          0          0          0         80   lludiv10.o
        16          4          0          0          0         76   rt_ctype_table.o
         8          4          0          0          0         68   rt_locale_intlibspace.o
         2          0          0          0          0          0   rtexit.o
        10          0          0          0          0          0   rtexit2.o
       128          0          0          0          0         68   strcmpv7m.o
        12          4          0          0          0         68   sys_exit.o
        74          0          0          0          0         80   sys_stackheap_outer.o
         2          0          0          0          0         68   use_no_semi.o
        36          4          0          0          0         76   vsprintf.o
        98          4          0          0          0         92   d2f.o
       688        140          0          0          0        208   ddiv.o
       340         12          0          0          0        104   dmul.o
       156          4          0          0          0         92   dnaninf.o
        12          0          0          0          0         68   dretinf.o
        86          4          0          0          0         84   f2d.o
       430          8          0          0          0        168   faddsub_clz.o
        24          0          0          0          0         68   fcmpi.o
       104          4          0          0          0         84   feqf.o
        54          4          0          0          0         84   ffix.o
        48          0          0          0          0         68   fflt_clz.o
       104          4          0          0          0         84   fleqf.o
       258          4          0          0          0         84   fmul.o
       140          4          0          0          0         84   fnaninf.o
        10          0          0          0          0         68   fretinf.o
        98          0          0          0          0         68   frleqf.o
         4          0          0          0          0         68   printf1.o
         4          0          0          0          0         68   printf2.o
         0          0          0          0          0          0   usenofp.o
        40          0          0          0          0         68   fpclassify.o

    ----------------------------------------------------------------------
      9410        458        552          0         96       5604   Library Totals
        22          0          1          0          0          0   (incl. Padding)

    ----------------------------------------------------------------------

      Code (inc. data)   RO Data    RW Data    ZI Data      Debug   Library Name

      6690        266        551          0         96       3892   c_w.l
      2658        192          0          0          0       1644   fz_ws.l
        40          0          0          0          0         68   m_ws.l

    ----------------------------------------------------------------------
      9410        458        552          0         96       5604   Library Totals

    ----------------------------------------------------------------------

==============================================================================


      Code (inc. data)   RO Data    RW Data    ZI Data      Debug   

     15870       1042       3202        108       2668     795480   Grand Totals
     15870       1042       3202        108       2668     795480   ELF Image Totals
     15870       1042       3202        108          0          0   ROM Totals

==============================================================================

    Total RO  Size (Code + RO Data)                19072 (  18.63kB)
    Total RW  Size (RW Data + ZI Data)              2776 (   2.71kB)
    Total ROM Size (Code + RO Data + RW Data)      19180 (  18.73kB)

==============================================================================

