Component: ARM Compiler 5.06 update 7 (build 960) Tool: armlink [4d3601]

==============================================================================

Section Cross References

    startup_stm32f10x_md.o(STACK) refers (Special) to heapauxi.o(.text) for __use_two_region_memory
    startup_stm32f10x_md.o(HEAP) refers (Special) to heapauxi.o(.text) for __use_two_region_memory
    startup_stm32f10x_md.o(RESET) refers (Special) to heapauxi.o(.text) for __use_two_region_memory
    startup_stm32f10x_md.o(RESET) refers to startup_stm32f10x_md.o(STACK) for __initial_sp
    startup_stm32f10x_md.o(RESET) refers to startup_stm32f10x_md.o(.text) for Reset_Handler
    startup_stm32f10x_md.o(RESET) refers to stm32f10x_it.o(i.NMI_Handler) for NMI_Handler
    startup_stm32f10x_md.o(RESET) refers to stm32f10x_it.o(i.HardFault_Handler) for HardFault_Handler
    startup_stm32f10x_md.o(RESET) refers to stm32f10x_it.o(i.MemManage_Handler) for MemManage_Handler
    startup_stm32f10x_md.o(RESET) refers to stm32f10x_it.o(i.BusFault_Handler) for BusFault_Handler
    startup_stm32f10x_md.o(RESET) refers to stm32f10x_it.o(i.UsageFault_Handler) for UsageFault_Handler
    startup_stm32f10x_md.o(RESET) refers to stm32f10x_it.o(i.SVC_Handler) for SVC_Handler
    startup_stm32f10x_md.o(RESET) refers to stm32f10x_it.o(i.DebugMon_Handler) for DebugMon_Handler
    startup_stm32f10x_md.o(RESET) refers to stm32f10x_it.o(i.PendSV_Handler) for PendSV_Handler
    startup_stm32f10x_md.o(RESET) refers to stm32f10x_it.o(i.SysTick_Handler) for SysTick_Handler
    startup_stm32f10x_md.o(RESET) refers to pid.o(i.TIM1_UP_IRQHandler) for TIM1_UP_IRQHandler
    startup_stm32f10x_md.o(RESET) refers to jy901.o(i.USART2_IRQHandler) for USART2_IRQHandler
    startup_stm32f10x_md.o(RESET) refers to serial.o(i.USART3_IRQHandler) for USART3_IRQHandler
    startup_stm32f10x_md.o(.text) refers (Special) to heapauxi.o(.text) for __use_two_region_memory
    startup_stm32f10x_md.o(.text) refers to system_stm32f10x.o(i.SystemInit) for SystemInit
    startup_stm32f10x_md.o(.text) refers to __main.o(!!!main) for __main
    startup_stm32f10x_md.o(.text) refers to startup_stm32f10x_md.o(HEAP) for Heap_Mem
    startup_stm32f10x_md.o(.text) refers to startup_stm32f10x_md.o(STACK) for Stack_Mem
    system_stm32f10x.o(i.SetSysClock) refers to system_stm32f10x.o(i.SetSysClockTo72) for SetSysClockTo72
    system_stm32f10x.o(i.SystemCoreClockUpdate) refers to system_stm32f10x.o(.data) for .data
    system_stm32f10x.o(i.SystemInit) refers to system_stm32f10x.o(i.SetSysClock) for SetSysClock
    stm32f10x_adc.o(i.ADC_DeInit) refers to stm32f10x_rcc.o(i.RCC_APB2PeriphResetCmd) for RCC_APB2PeriphResetCmd
    stm32f10x_bkp.o(i.BKP_DeInit) refers to stm32f10x_rcc.o(i.RCC_BackupResetCmd) for RCC_BackupResetCmd
    stm32f10x_can.o(i.CAN_DeInit) refers to stm32f10x_rcc.o(i.RCC_APB1PeriphResetCmd) for RCC_APB1PeriphResetCmd
    stm32f10x_can.o(i.CAN_GetITStatus) refers to stm32f10x_can.o(i.CheckITStatus) for CheckITStatus
    stm32f10x_cec.o(i.CEC_DeInit) refers to stm32f10x_rcc.o(i.RCC_APB1PeriphResetCmd) for RCC_APB1PeriphResetCmd
    stm32f10x_dac.o(i.DAC_DeInit) refers to stm32f10x_rcc.o(i.RCC_APB1PeriphResetCmd) for RCC_APB1PeriphResetCmd
    stm32f10x_flash.o(i.FLASH_EnableWriteProtection) refers to stm32f10x_flash.o(i.FLASH_WaitForLastOperation) for FLASH_WaitForLastOperation
    stm32f10x_flash.o(i.FLASH_EraseAllBank1Pages) refers to stm32f10x_flash.o(i.FLASH_WaitForLastBank1Operation) for FLASH_WaitForLastBank1Operation
    stm32f10x_flash.o(i.FLASH_EraseAllPages) refers to stm32f10x_flash.o(i.FLASH_WaitForLastOperation) for FLASH_WaitForLastOperation
    stm32f10x_flash.o(i.FLASH_EraseOptionBytes) refers to stm32f10x_flash.o(i.FLASH_GetReadOutProtectionStatus) for FLASH_GetReadOutProtectionStatus
    stm32f10x_flash.o(i.FLASH_EraseOptionBytes) refers to stm32f10x_flash.o(i.FLASH_WaitForLastOperation) for FLASH_WaitForLastOperation
    stm32f10x_flash.o(i.FLASH_ErasePage) refers to stm32f10x_flash.o(i.FLASH_WaitForLastOperation) for FLASH_WaitForLastOperation
    stm32f10x_flash.o(i.FLASH_ProgramHalfWord) refers to stm32f10x_flash.o(i.FLASH_WaitForLastOperation) for FLASH_WaitForLastOperation
    stm32f10x_flash.o(i.FLASH_ProgramOptionByteData) refers to stm32f10x_flash.o(i.FLASH_WaitForLastOperation) for FLASH_WaitForLastOperation
    stm32f10x_flash.o(i.FLASH_ProgramWord) refers to stm32f10x_flash.o(i.FLASH_WaitForLastOperation) for FLASH_WaitForLastOperation
    stm32f10x_flash.o(i.FLASH_ReadOutProtection) refers to stm32f10x_flash.o(i.FLASH_WaitForLastOperation) for FLASH_WaitForLastOperation
    stm32f10x_flash.o(i.FLASH_UserOptionByteConfig) refers to stm32f10x_flash.o(i.FLASH_WaitForLastOperation) for FLASH_WaitForLastOperation
    stm32f10x_flash.o(i.FLASH_WaitForLastBank1Operation) refers to stm32f10x_flash.o(i.FLASH_GetBank1Status) for FLASH_GetBank1Status
[...]
    i.TIM_SetCounter                         0x08003252   Section        0  stm32f10x_tim.o(i.TIM_SetCounter)
    i.TIM_SetIC1Prescaler                    0x08003256   Section        0  stm32f10x_tim.o(i.TIM_SetIC1Prescaler)
    i.TIM_SetIC2Prescaler                    0x08003266   Section        0  stm32f10x_tim.o(i.TIM_SetIC2Prescaler)
    i.TIM_SetIC3Prescaler                    0x0800327e   Section        0  stm32f10x_tim.o(i.TIM_SetIC3Prescaler)
    i.TIM_SetIC4Prescaler                    0x0800328e   Section        0  stm32f10x_tim.o(i.TIM_SetIC4Prescaler)
    i.TIM_TimeBaseInit                       0x080032a8   Section        0  stm32f10x_tim.o(i.TIM_TimeBaseInit)
    i.Timer_Init                             0x08003344   Section        0  timer.o(i.Timer_Init)
    i.Turn_LLeft                             0x080033c0   Section        0  car.o(i.Turn_LLeft)
    i.Turn_LRight                            0x080033d4   Section        0  car.o(i.Turn_LRight)
    i.Turn_SLeft                             0x080033e8   Section        0  car.o(i.Turn_SLeft)
    i.Turn_SRight                            0x080033fc   Section        0  car.o(i.Turn_SRight)
    i.USART2_IRQHandler                      0x08003410   Section        0  jy901.o(i.USART2_IRQHandler)
    i.USART3_IRQHandler                      0x08003444   Section        0  serial.o(i.USART3_IRQHandler)
    i.USART_ClearITPendingBit                0x0800347c   Section        0  stm32f10x_usart.o(i.USART_ClearITPendingBit)
    i.USART_Cmd                              0x0800348c   Section        0  stm32f10x_usart.o(i.USART_Cmd)
    i.USART_GetITStatus                      0x080034a4   Section        0  stm32f10x_usart.o(i.USART_GetITStatus)
    i.USART_ITConfig                         0x080034e4   Section        0  stm32f10x_usart.o(i.USART_ITConfig)
    i.USART_Init                             0x0800351c   Section        0  stm32f10x_usart.o(i.USART_Init)
    i.USART_ReceiveData                      0x080035d8   Section        0  stm32f10x_usart.o(i.USART_ReceiveData)
    i.UsageFault_Handler                     0x080035e0   Section        0  stm32f10x_it.o(i.UsageFault_Handler)
    i.You_xunji                              0x080035e4   Section        0  pid_user.o(i.You_xunji)
    i.Zuo_xunji                              0x08003730   Section        0  pid_user.o(i.Zuo_xunji)
    i.__ARM_fpclassify                       0x0800387c   Section        0  fpclassify.o(i.__ARM_fpclassify)
    i._is_digit                              0x080038a4   Section        0  __printf_wp.o(i._is_digit)
    i.jy901_ReceiveData                      0x080038b4   Section        0  jy901.o(i.jy901_ReceiveData)
    i.main                                   0x08003930   Section        0  main.o(i.main)
    i.zhuanxiang                             0x08003a1c   Section        0  pid_user.o(i.zhuanxiang)
    i.zouzhixian                             0x08003b58   Section        0  pid_user.o(i.zouzhixian)
    locale$$code                             0x08003c2c   Section       44  lc_numeric_c.o(locale$$code)
    locale$$code                             0x08003c58   Section       44  lc_ctype_c.o(locale$$code)
    x$fpl$dcmpinf                            0x08003c84   Section       24  dcmpi.o(x$fpl$dcmpinf)
    x$fpl$dleqf                              0x08003c9c   Section      120  dleqf.o(x$fpl$dleqf)
    x$fpl$dnaninf                            0x08003d14   Section      156  dnaninf.o(x$fpl$dnaninf)
    x$fpl$dretinf                            0x08003db0   Section       12  dretinf.o(x$fpl$dretinf)
    x$fpl$f2d                                0x08003dbc   Section       86  f2d.o(x$fpl$f2d)
    x$fpl$fadd                               0x08003e14   Section      196  faddsub_clz.o(x$fpl$fadd)
    _fadd1                                   0x08003e23   Thumb Code     0  faddsub_clz.o(x$fpl$fadd)
    x$fpl$fcheck1                            0x08003ed8   Section       12  fcheck1.o(x$fpl$fcheck1)
    x$fpl$ffix                               0x08003ee4   Section       54  ffix.o(x$fpl$ffix)
    x$fpl$fflt                               0x08003f1c   Section       48  fflt_clz.o(x$fpl$fflt)
    x$fpl$fmul                               0x08003f4c   Section      258  fmul.o(x$fpl$fmul)
    x$fpl$fnaninf                            0x0800404e   Section      140  fnaninf.o(x$fpl$fnaninf)
    x$fpl$fretinf                            0x080040da   Section       10  fretinf.o(x$fpl$fretinf)
    x$fpl$fsub                               0x080040e4   Section      234  faddsub_clz.o(x$fpl$fsub)
    _fsub1                                   0x080040f3   Thumb Code     0  faddsub_clz.o(x$fpl$fsub)
    x$fpl$printf1                            0x080041ce   Section        4  printf1.o(x$fpl$printf1)
    x$fpl$printf2                            0x080041d2   Section        4  printf2.o(x$fpl$printf2)
    x$fpl$retnan                             0x080041d6   Section      100  retnan.o(x$fpl$retnan)
    x$fpl$scalbnf                            0x0800423a   Section       76  scalbnf.o(x$fpl$scalbnf)
    x$fpl$trapveneer                         0x08004286   Section       48  trapv.o(x$fpl$trapveneer)
    .constdata                               0x080042b6   Section     1520  oled_data.o(.constdata)
    x$fpl$usenofp                            0x080042b6   Section        0  usenofp.o(x$fpl$usenofp)
    .constdata                               0x080048a6   Section      570  oled_data.o(.constdata)
    .constdata                               0x08004ae0   Section      259  oled_data.o(.constdata)
    .constdata                               0x08004be4   Section        8  _printf_wctomb.o(.constdata)
    initial_mbstate                          0x08004be4   Data           8  _printf_wctomb.o(.constdata)
    .constdata                               0x08004bec   Section       40  _printf_hex_int_ll_ptr.o(.constdata)
    uc_hextab                                0x08004bec   Data          20  _printf_hex_int_ll_ptr.o(.constdata)
    lc_hextab                                0x08004c00   Data          20  _printf_hex_int_ll_ptr.o(.constdata)
    .constdata                               0x08004c14   Section       17  __printf_flags_ss_wp.o(.constdata)
    maptable                                 0x08004c14   Data          17  __printf_flags_ss_wp.o(.constdata)
    .constdata                               0x08004c25   Section       38  _printf_fp_hex.o(.constdata)
    lc_hextab                                0x08004c25   Data          19  _printf_fp_hex.o(.constdata)
    uc_hextab                                0x08004c38   Data          19  _printf_fp_hex.o(.constdata)
    .constdata                               0x08004c4c   Section      148  bigflt0.o(.constdata)
    tenpwrs_x                                0x08004c4c   Data          60  bigflt0.o(.constdata)
    tenpwrs_i                                0x08004c88   Data          64  bigflt0.o(.constdata)
    locale$$data                             0x08004d00   Section       28  lc_numeric_c.o(locale$$data)
    __lcnum_c_name                           0x08004d04   Data           2  lc_numeric_c.o(locale$$data)
    __lcnum_c_start                          0x08004d0c   Data           0  lc_numeric_c.o(locale$$data)
    __lcnum_c_point                          0x08004d18   Data           0  lc_numeric_c.o(locale$$data)
    __lcnum_c_thousands                      0x08004d1a   Data           0  lc_numeric_c.o(locale$$data)
    __lcnum_c_grouping                       0x08004d1b   Data           0  lc_numeric_c.o(locale$$data)
    locale$$data                             0x08004d1c   Section      272  lc_ctype_c.o(locale$$data)
    __lcnum_c_end                            0x08004d1c   Data           0  lc_numeric_c.o(locale$$data)
    __lcctype_c_name                         0x08004d20   Data           2  lc_ctype_c.o(locale$$data)
    __lcctype_c_start                        0x08004d28   Data           0  lc_ctype_c.o(locale$$data)
    __lcctype_c_end                          0x08004e2c   Data           0  lc_ctype_c.o(locale$$data)
    .data                                    0x20000000   Section       20  stm32f10x_rcc.o(.data)
    ADCPrescTable                            0x20000000   Data           4  stm32f10x_rcc.o(.data)
    APBAHBPrescTable                         0x20000004   Data          16  stm32f10x_rcc.o(.data)
    .data                                    0x20000014   Section        2  serial.o(.data)
    .data                                    0x20000018   Section       16  jy901.o(.data)
    RxState                                  0x20000018   Data           1  jy901.o(.data)
    RxIndex                                  0x20000019   Data           1  jy901.o(.data)
    .data                                    0x20000028   Section      124  pid.o(.data)
    Count1                                   0x20000028   Data           2  pid.o(.data)
    Count2                                   0x2000002a   Data           2  pid.o(.data)
    .data                                    0x200000a4   Section       12  main.o(.data)
    .data                                    0x200000b0   Section        2  main.o(.data)
    .bss                                     0x200000b4   Section     1024  oled.o(.bss)
    .bss                                     0x200004b4   Section       11  jy901.o(.bss)
    RxBuffer                                 0x200004b4   Data          11  jy901.o(.bss)
    .bss                                     0x200004c0   Section       96  libspace.o(.bss)
    HEAP                                     0x20000520   Section      512  startup_stm32f10x_md.o(HEAP)
    Heap_Mem                                 0x20000520   Data         512  startup_stm32f10x_md.o(HEAP)
    STACK                                    0x20000720   Section     1024  startup_stm32f10x_md.o(STACK)
    Stack_Mem                                0x20000720   Data        1024  startup_stm32f10x_md.o(STACK)
    __initial_sp                             0x20000b20   Data           0  startup_stm32f10x_md.o(STACK)

    Global Symbols

    Symbol Name                              Value     Ov Type        Size  Object(Section)

    BuildAttributes$$THM_ISAv4$P$D$K$B$S$PE$A:L22UL41UL21$X:L11$S22US41US21$IEEE1$IW$USESV6$~STKCKD$USESV7$~SHL$OTIME$ROPI$IEEEX$EBA8$UX$STANDARDLIB$REQ8$PRES8$EABIv2 0x00000000   Number         0  anon$$obj.o ABSOLUTE
    __ARM_use_no_argv                        0x00000000   Number         0  main.o ABSOLUTE
    _printf_flags                            0x00000000   Number         0  printf_stubs.o ABSOLUTE
    _printf_return_value                     0x00000000   Number         0  printf_stubs.o ABSOLUTE
    _printf_sizespec                         0x00000000   Number         0  printf_stubs.o ABSOLUTE
    _printf_widthprec                        0x00000000   Number         0  printf_stubs.o ABSOLUTE
    __ARM_exceptions_init                     - Undefined Weak Reference
    __alloca_initialize                       - Undefined Weak Reference
    __arm_fini_                               - Undefined Weak Reference
    __arm_preinit_                            - Undefined Weak Reference
    __cpp_initialize__aeabi_                  - Undefined Weak Reference
    __cxa_finalize                            - Undefined Weak Reference
    __sigvec_lookup                           - Undefined Weak Reference
    _atexit_init                              - Undefined Weak Reference
    _call_atexit_fns                          - Undefined Weak Reference
    _clock_init                               - Undefined Weak Reference
    _fp_trap_init                             - Undefined Weak Reference
    _fp_trap_shutdown                         - Undefined Weak Reference
    _get_lc_collate                           - Undefined Weak Reference
    _get_lc_monetary                          - Undefined Weak Reference
    _get_lc_time                              - Undefined Weak Reference
    _getenv_init                              - Undefined Weak Reference
    _handle_redirection                       - Undefined Weak Reference
    _init_alloc                               - Undefined Weak Reference
    _init_user_alloc                          - Undefined Weak Reference
    _initio                                   - Undefined Weak Reference
    _printf_mbtowc                            - Undefined Weak Reference
    _printf_wc                                - Undefined Weak Reference
    _rand_init                                - Undefined Weak Reference
    _signal_finish                            - Undefined Weak Reference
    _signal_init                              - Undefined Weak Reference
    _terminate_alloc                          - Undefined Weak Reference
    _terminate_user_alloc                     - Undefined Weak Reference
    _terminateio                              - Undefined Weak Reference
    __Vectors_Size                           0x000000ec   Number         0  startup_stm32f10x_md.o ABSOLUTE
    __Vectors                                0x08000000   Data           4  startup_stm32f10x_md.o(RESET)
    __Vectors_End                            0x080000ec   Data           0  startup_stm32f10x_md.o(RESET)
    __main                                   0x080000ed   Thumb Code     8  __main.o(!!!main)
    __scatterload                            0x080000f5   Thumb Code     0  __scatter.o(!!!scatter)
    __scatterload_rt2                        0x080000f5   Thumb Code    44  __scatter.o(!!!scatter)
    __scatterload_rt2_thumb_only             0x080000f5   Thumb Code     0  __scatter.o(!!!scatter)
    __scatterload_null                       0x08000103   Thumb Code     0  __scatter.o(!!!scatter)
    __scatterload_copy                       0x08000129   Thumb Code    26  __scatter_copy.o(!!handler_copy)
    __scatterload_zeroinit                   0x08000145   Thumb Code    28  __scatter_zi.o(!!handler_zi)
    _printf_n                                0x08000161   Thumb Code     0  _printf_n.o(.ARM.Collect$$_printf_percent$$00000001)
    _printf_percent                          0x08000161   Thumb Code     0  _printf_percent.o(.ARM.Collect$$_printf_percent$$00000000)
    _printf_p                                0x08000167   Thumb Code     0  _printf_p.o(.ARM.Collect$$_printf_percent$$00000002)
    _printf_f                                0x0800016d   Thumb Code     0  _printf_f.o(.ARM.Collect$$_printf_percent$$00000003)
    _printf_e                                0x08000173   Thumb Code     0  _printf_e.o(.ARM.Collect$$_printf_percent$$00000004)
    _printf_g                                0x08000179   Thumb Code     0  _printf_g.o(.ARM.Collect$$_printf_percent$$00000005)
    _printf_a                                0x0800017f   Thumb Code     0  _printf_a.o(.ARM.Collect$$_printf_percent$$00000006)
    _printf_ll                               0x08000185   Thumb Code     0  _printf_ll.o(.ARM.Collect$$_printf_percent$$00000007)
    _printf_i                                0x0800018f   Thumb Code     0  _printf_i.o(.ARM.Collect$$_printf_percent$$00000008)
    _printf_d                                0x08000195   Thumb Code     0  _printf_d.o(.ARM.Collect$$_printf_percent$$00000009)
    _printf_u                                0x0800019b   Thumb Code     0  _printf_u.o(.ARM.Collect$$_printf_percent$$0000000A)
    _printf_o                                0x080001a1   Thumb Code     0  _printf_o.o(.ARM.Collect$$_printf_percent$$0000000B)
    _printf_x                                0x080001a7   Thumb Code     0  _printf_x.o(.ARM.Collect$$_printf_percent$$0000000C)
    _printf_lli                              0x080001ad   Thumb Code     0  _printf_lli.o(.ARM.Collect$$_printf_percent$$0000000D)
    _printf_lld                              0x080001b3   Thumb Code     0  _printf_lld.o(.ARM.Collect$$_printf_percent$$0000000E)
    _printf_llu                              0x080001b9   Thumb Code     0  _printf_llu.o(.ARM.Collect$$_printf_percent$$0000000F)
    _printf_llo                              0x080001bf   Thumb Code     0  _printf_llo.o(.ARM.Collect$$_printf_percent$$00000010)
    _printf_llx                              0x080001c5   Thumb Code     0  _printf_llx.o(.ARM.Collect$$_printf_percent$$00000011)
    _printf_l                                0x080001cb   Thumb Code     0  _printf_l.o(.ARM.Collect$$_printf_percent$$00000012)
    _printf_c                                0x080001d5   Thumb Code     0  _printf_c.o(.ARM.Collect$$_printf_percent$$00000013)
    _printf_s                                0x080001db   Thumb Code     0  _printf_s.o(.ARM.Collect$$_printf_percent$$00000014)
    _printf_lc                               0x080001e1   Thumb Code     0  _printf_lc.o(.ARM.Collect$$_printf_percent$$00000015)
    _printf_ls                               0x080001e7   Thumb Code     0  _printf_ls.o(.ARM.Collect$$_printf_percent$$00000016)
    _printf_percent_end                      0x080001ed   Thumb Code     0  _printf_percent_end.o(.ARM.Collect$$_printf_percent$$00000017)
    __rt_lib_init                            0x080001f1   Thumb Code     0  libinit.o(.ARM.Collect$$libinit$$00000000)
    __rt_lib_init_fp_1                       0x080001f3   Thumb Code     0  libinit2.o(.ARM.Collect$$libinit$$00000002)
    __rt_lib_init_heap_1                     0x080001f3   Thumb Code     0  libinit2.o(.ARM.Collect$$libinit$$0000000A)
    __rt_lib_init_lc_common                  0x080001f3   Thumb Code     0  libinit2.o(.ARM.Collect$$libinit$$0000000F)
    __rt_lib_init_preinit_1                  0x080001f3   Thumb Code     0  libinit2.o(.ARM.Collect$$libinit$$00000004)
    __rt_lib_init_rand_1                     0x080001f3   Thumb Code     0  libinit2.o(.ARM.Collect$$libinit$$0000000E)
    __rt_lib_init_user_alloc_1               0x080001f3   Thumb Code     0  libinit2.o(.ARM.Collect$$libinit$$0000000C)
    __rt_lib_init_lc_collate_1               0x080001f9   Thumb Code     0  libinit2.o(.ARM.Collect$$libinit$$00000011)
    __rt_lib_init_lc_ctype_2                 0x080001f9   Thumb Code     0  libinit2.o(.ARM.Collect$$libinit$$00000012)
    __rt_lib_init_lc_ctype_1                 0x08000205   Thumb Code     0  libinit2.o(.ARM.Collect$$libinit$$00000013)
    __rt_lib_init_lc_monetary_1              0x08000205   Thumb Code     0  libinit2.o(.ARM.Collect$$libinit$$00000015)
    __rt_lib_init_lc_numeric_2               0x08000205   Thumb Code     0  libinit2.o(.ARM.Collect$$libinit$$00000016)
    __rt_lib_init_alloca_1                   0x0800020f   Thumb Code     0  libinit2.o(.ARM.Collect$$libinit$$0000002E)
    __rt_lib_init_argv_1                     0x0800020f   Thumb Code     0  libinit2.o(.ARM.Collect$$libinit$$0000002C)
    __rt_lib_init_atexit_1                   0x0800020f   Thumb Code     0  libinit2.o(.ARM.Collect$$libinit$$0000001B)
    __rt_lib_init_clock_1                    0x0800020f   Thumb Code     0  libinit2.o(.ARM.Collect$$libinit$$00000021)
    __rt_lib_init_cpp_1                      0x0800020f   Thumb Code     0  libinit2.o(.ARM.Collect$$libinit$$00000032)
    __rt_lib_init_exceptions_1               0x0800020f   Thumb Code     0  libinit2.o(.ARM.Collect$$libinit$$00000030)
    __rt_lib_init_fp_trap_1                  0x0800020f   Thumb Code     0  libinit2.o(.ARM.Collect$$libinit$$0000001F)
    __rt_lib_init_getenv_1                   0x0800020f   Thumb Code     0  libinit2.o(.ARM.Collect$$libinit$$00000023)
    __rt_lib_init_lc_numeric_1               0x0800020f   Thumb Code     0  libinit2.o(.ARM.Collect$$libinit$$00000017)
    __rt_lib_init_lc_time_1                  0x0800020f   Thumb Code     0  libinit2.o(.ARM.Collect$$libinit$$00000019)
    __rt_lib_init_return                     0x0800020f   Thumb Code     0  libinit2.o(.ARM.Collect$$libinit$$00000033)
    __rt_lib_init_signal_1                   0x0800020f   Thumb Code     0  libinit2.o(.ARM.Collect$$libinit$$0000001D)
    __rt_lib_init_stdio_1                    0x0800020f   Thumb Code     0  libinit2.o(.ARM.Collect$$libinit$$00000025)
    __rt_lib_shutdown                        0x08000211   Thumb Code     0  libshutdown.o(.ARM.Collect$$libshutdown$$00000000)
    __rt_lib_shutdown_cpp_1                  0x08000213   Thumb Code     0  libshutdown2.o(.ARM.Collect$$libshutdown$$00000004)
    __rt_lib_shutdown_fini_1                 0x08000213   Thumb Code     0  libshutdown2.o(.ARM.Collect$$libshutdown$$00000002)
    __rt_lib_shutdown_fp_trap_1              0x08000213   Thumb Code     0  libshutdown2.o(.ARM.Collect$$libshutdown$$00000009)
    __rt_lib_shutdown_heap_1                 0x08000213   Thumb Code     0  libshutdown2.o(.ARM.Collect$$libshutdown$$00000011)
    __rt_lib_shutdown_return                 0x08000213   Thumb Code     0  libshutdown2.o(.ARM.Collect$$libshutdown$$00000012)
    __rt_lib_shutdown_signal_1               0x08000213   Thumb Code     0  libshutdown2.o(.ARM.Collect$$libshutdown$$0000000C)
    __rt_lib_shutdown_stdio_1                0x08000213   Thumb Code     0  libshutdown2.o(.ARM.Collect$$libshutdown$$00000006)
    __rt_lib_shutdown_user_alloc_1           0x08000213   Thumb Code     0  libshutdown2.o(.ARM.Collect$$libshutdown$$0000000E)
    __rt_entry                               0x08000215   Thumb Code     0  __rtentry.o(.ARM.Collect$$rtentry$$00000000)
    __rt_entry_presh_1                       0x08000215   Thumb Code     0  __rtentry2.o(.ARM.Collect$$rtentry$$00000002)
    __rt_entry_sh                            0x08000215   Thumb Code     0  __rtentry4.o(.ARM.Collect$$rtentry$$00000004)
    __rt_entry_li                            0x0800021b   Thumb Code     0  __rtentry2.o(.ARM.Collect$$rtentry$$0000000A)
    __rt_entry_postsh_1                      0x0800021b   Thumb Code     0  __rtentry2.o(.ARM.Collect$$rtentry$$00000009)
    __rt_entry_main                          0x0800021f   Thumb Code     0  __rtentry2.o(.ARM.Collect$$rtentry$$0000000D)
    __rt_entry_postli_1                      0x0800021f   Thumb Code     0  __rtentry2.o(.ARM.Collect$$rtentry$$0000000C)
    __rt_exit                                0x08000227   Thumb Code     0  rtexit.o(.ARM.Collect$$rtexit$$00000000)
    __rt_exit_ls                             0x08000229   Thumb Code     0  rtexit2.o(.ARM.Collect$$rtexit$$00000003)
    __rt_exit_prels_1                        0x08000229   Thumb Code     0  rtexit2.o(.ARM.Collect$$rtexit$$00000002)
    __rt_exit_exit                           0x0800022d   Thumb Code     0  rtexit2.o(.ARM.Collect$$rtexit$$00000004)
    Reset_Handler                            0x08000235   Thumb Code     8  startup_stm32f10x_md.o(.text)
    ADC1_2_IRQHandler                        0x0800024f   Thumb Code     0  startup_stm32f10x_md.o(.text)
    CAN1_RX1_IRQHandler                      0x0800024f   Thumb Code     0  startup_stm32f10x_md.o(.text)
    CAN1_SCE_IRQHandler                      0x0800024f   Thumb Code     0  startup_stm32f10x_md.o(.text)
    DMA1_Channel1_IRQHandler                 0x0800024f   Thumb Code     0  startup_stm32f10x_md.o(.text)
    DMA1_Channel2_IRQHandler                 0x0800024f   Thumb Code     0  startup_stm32f10x_md.o(.text)
    DMA1_Channel3_IRQHandler                 0x0800024f   Thumb Code     0  startup_stm32f10x_md.o(.text)
    DMA1_Channel4_IRQHandler                 0x0800024f   Thumb Code     0  startup_stm32f10x_md.o(.text)
    DMA1_Channel5_IRQHandler                 0x0800024f   Thumb Code     0  startup_stm32f10x_md.o(.text)
    DMA1_Channel6_IRQHandler                 0x0800024f   Thumb Code     0  startup_stm32f10x_md.o(.text)
    DMA1_Channel7_IRQHandler                 0x0800024f   Thumb Code     0  startup_stm32f10x_md.o(.text)
    EXTI0_IRQHandler                         0x0800024f   Thumb Code     0  startup_stm32f10x_md.o(.text)
    EXTI15_10_IRQHandler                     0x0800024f   Thumb Code     0  startup_stm32f10x_md.o(.text)
    EXTI1_IRQHandler                         0x0800024f   Thumb Code     0  startup_stm32f10x_md.o(.text)
    EXTI2_IRQHandler                         0x0800024f   Thumb Code     0  startup_stm32f10x_md.o(.text)
    EXTI3_IRQHandler                         0x0800024f   Thumb Code     0  startup_stm32f10x_md.o(.text)
    EXTI4_IRQHandler                         0x0800024f   Thumb Code     0  startup_stm32f10x_md.o(.text)
    EXTI9_5_IRQHandler                       0x0800024f   Thumb Code     0  startup_stm32f10x_md.o(.text)
    FLASH_IRQHandler                         0x0800024f   Thumb Code     0  startup_stm32f10x_md.o(.text)
    I2C1_ER_IRQHandler                       0x0800024f   Thumb Code     0  startup_stm32f10x_md.o(.text)
    I2C1_EV_IRQHandler                       0x0800024f   Thumb Code     0  startup_stm32f10x_md.o(.text)
    I2C2_ER_IRQHandler                       0x0800024f   Thumb Code     0  startup_stm32f10x_md.o(.text)
    I2C2_EV_IRQHandler                       0x0800024f   Thumb Code     0  startup_stm32f10x_md.o(.text)
    PVD_IRQHandler                           0x0800024f   Thumb Code     0  startup_stm32f10x_md.o(.text)
    RCC_IRQHandler                           0x0800024f   Thumb Code     0  startup_stm32f10x_md.o(.text)
    RTCAlarm_IRQHandler                      0x0800024f   Thumb Code     0  startup_stm32f10x_md.o(.text)
    RTC_IRQHandler                           0x0800024f   Thumb Code     0  startup_stm32f10x_md.o(.text)
    SPI1_IRQHandler                          0x0800024f   Thumb Code     0  startup_stm32f10x_md.o(.text)
    SPI2_IRQHandler                          0x0800024f   Thumb Code     0  startup_stm32f10x_md.o(.text)
    TAMPER_IRQHandler                        0x0800024f   Thumb Code     0  startup_stm32f10x_md.o(.text)
    TIM1_BRK_IRQHandler                      0x0800024f   Thumb Code     0  startup_stm32f10x_md.o(.text)
    TIM1_CC_IRQHandler                       0x0800024f   Thumb Code     0  startup_stm32f10x_md.o(.text)
    TIM1_TRG_COM_IRQHandler                  0x0800024f   Thumb Code     0  startup_stm32f10x_md.o(.text)
    TIM2_IRQHandler                          0x0800024f   Thumb Code     0  startup_stm32f10x_md.o(.text)
    TIM3_IRQHandler                          0x0800024f   Thumb Code     0  startup_stm32f10x_md.o(.text)
    TIM4_IRQHandler                          0x0800024f   Thumb Code     0  startup_stm32f10x_md.o(.text)
    USART1_IRQHandler                        0x0800024f   Thumb Code     0  startup_stm32f10x_md.o(.text)
    USBWakeUp_IRQHandler                     0x0800024f   Thumb Code     0  startup_stm32f10x_md.o(.text)
    USB_HP_CAN1_TX_IRQHandler                0x0800024f   Thumb Code     0  startup_stm32f10x_md.o(.text)
    USB_LP_CAN1_RX0_IRQHandler               0x0800024f   Thumb Code     0  startup_stm32f10x_md.o(.text)
    WWDG_IRQHandler                          0x0800024f   Thumb Code     0  startup_stm32f10x_md.o(.text)
    __user_initial_stackheap                 0x08000251   Thumb Code     0  startup_stm32f10x_md.o(.text)
    vsprintf                                 0x08000275   Thumb Code    32  vsprintf.o(.text)
    strcmp                                   0x08000299   Thumb Code   128  strcmpv7m.o(.text)
    __use_two_region_memory                  0x08000319   Thumb Code     2  heapauxi.o(.text)
    __rt_heap_escrow$2region                 0x0800031b   Thumb Code     2  heapauxi.o(.text)
    __rt_heap_expand$2region                 0x0800031d   Thumb Code     2  heapauxi.o(.text)
    _printf_pre_padding                      0x0800031f   Thumb Code    44  _printf_pad.o(.text)
    _printf_post_padding                     0x0800034b   Thumb Code    34  _printf_pad.o(.text)
    _printf_truncate_signed                  0x0800036d   Thumb Code    18  _printf_truncate.o(.text)
    _printf_truncate_unsigned                0x0800037f   Thumb Code    18  _printf_truncate.o(.text)
    _printf_str                              0x08000391   Thumb Code    82  _printf_str.o(.text)
    _printf_int_dec                          0x080003e5   Thumb Code   104  _printf_dec.o(.text)
    _printf_charcount                        0x0800045d   Thumb Code    40  _printf_charcount.o(.text)
    _printf_char_common                      0x0800048f   Thumb Code    32  _printf_char_common.o(.text)
    _sputc                                   0x080004b5   Thumb Code    10  _sputc.o(.text)
    _printf_wctomb                           0x080004c1   Thumb Code   182  _printf_wctomb.o(.text)
    _printf_longlong_dec                     0x0800057d   Thumb Code   108  _printf_longlong_dec.o(.text)
    _printf_longlong_oct                     0x080005f9   Thumb Code    66  _printf_oct_int_ll.o(.text)
    _printf_int_oct                          0x0800063b   Thumb Code    24  _printf_oct_int_ll.o(.text)
    _printf_ll_oct                           0x08000653   Thumb Code    12  _printf_oct_int_ll.o(.text)
    _printf_longlong_hex                     0x08000669   Thumb Code    86  _printf_hex_int_ll_ptr.o(.text)
    _printf_int_hex                          0x080006bf   Thumb Code    28  _printf_hex_int_ll_ptr.o(.text)
    _printf_ll_hex                           0x080006db   Thumb Code    12  _printf_hex_int_ll_ptr.o(.text)
    _printf_hex_ptr                          0x080006e7   Thumb Code    18  _printf_hex_int_ll_ptr.o(.text)
    __printf                                 0x080006fd   Thumb Code   388  __printf_flags_ss_wp.o(.text)
    _ll_udiv10                               0x08000885   Thumb Code   138  lludiv10.o(.text)
    _printf_int_common                       0x0800090f   Thumb Code   178  _printf_intcommon.o(.text)
    __lib_sel_fp_printf                      0x080009c1   Thumb Code     2  _printf_fp_dec.o(.text)
    _printf_fp_dec_real                      0x08000b73   Thumb Code   620  _printf_fp_dec.o(.text)
    _printf_fp_hex_real                      0x08000de1   Thumb Code   756  _printf_fp_hex.o(.text)
    _printf_cs_common                        0x080010dd   Thumb Code    20  _printf_char.o(.text)
    _printf_char                             0x080010f1   Thumb Code    16  _printf_char.o(.text)
    _printf_string                           0x08001101   Thumb Code     8  _printf_char.o(.text)
    _printf_lcs_common                       0x08001109   Thumb Code    20  _printf_wchar.o(.text)
    _printf_wchar                            0x0800111d   Thumb Code    16  _printf_wchar.o(.text)
    _printf_wstring                          0x0800112d   Thumb Code     8  _printf_wchar.o(.text)
    _wcrtomb                                 0x08001135   Thumb Code    64  _wcrtomb.o(.text)
    __user_libspace                          0x08001175   Thumb Code     8  libspace.o(.text)
    __user_perproc_libspace                  0x08001175   Thumb Code     0  libspace.o(.text)
    __user_perthread_libspace                0x08001175   Thumb Code     0  libspace.o(.text)
    __user_setup_stackheap                   0x0800117d   Thumb Code    74  sys_stackheap_outer.o(.text)
    __rt_ctype_table                         0x080011c9   Thumb Code    16  rt_ctype_table.o(.text)
    __rt_locale                              0x080011d9   Thumb Code     8  rt_locale_intlibspace.o(.text)
    _printf_fp_infnan                        0x080011e1   Thumb Code   112  _printf_fp_infnan.o(.text)
    _btod_etento                             0x08001261   Thumb Code   224  bigflt0.o(.text)
    exit                                     0x08001345   Thumb Code    18  exit.o(.text)
    _sys_exit                                0x08001359   Thumb Code     8  sys_exit.o(.text)
    __I$use$semihosting                      0x08001365   Thumb Code     0  use_no_semi.o(.text)
    __use_no_semihosting_swi                 0x08001365   Thumb Code     2  use_no_semi.o(.text)
    __semihosting_library_function           0x08001367   Thumb Code     0  indicate_semi.o(.text)
    _btod_d2e                                0x08001367   Thumb Code    62  btod.o(CL$$btod_d2e)
    _d2e_denorm_low                          0x080013a5   Thumb Code    70  btod.o(CL$$btod_d2e_denorm_low)
    _d2e_norm_op1                            0x080013eb   Thumb Code    96  btod.o(CL$$btod_d2e_norm_op1)
    __btod_div_common                        0x0800144b   Thumb Code   696  btod.o(CL$$btod_div_common)
    _e2e                                     0x08001783   Thumb Code   220  btod.o(CL$$btod_e2e)
    _btod_ediv                               0x0800185f   Thumb Code    42  btod.o(CL$$btod_ediv)
    _btod_emul                               0x08001889   Thumb Code    42  btod.o(CL$$btod_emul)
    __btod_mult_common                       0x080018b3   Thumb Code   580  btod.o(CL$$btod_mult_common)
    ADC_Cmd                                  0x08001af7   Thumb Code    24  stm32f10x_adc.o(i.ADC_Cmd)
    ADC_GetCalibrationStatus                 0x08001b0f   Thumb Code    14  stm32f10x_adc.o(i.ADC_GetCalibrationStatus)
    ADC_GetResetCalibrationStatus            0x08001b1d   Thumb Code    14  stm32f10x_adc.o(i.ADC_GetResetCalibrationStatus)
    ADC_Init                                 0x08001b2d   Thumb Code    62  stm32f10x_adc.o(i.ADC_Init)
    ADC_ResetCalibration                     0x08001b75   Thumb Code    10  stm32f10x_adc.o(i.ADC_ResetCalibration)
    ADC_StartCalibration                     0x08001b7f   Thumb Code    10  stm32f10x_adc.o(i.ADC_StartCalibration)
    BusFault_Handler                         0x08001b89   Thumb Code     2  stm32f10x_it.o(i.BusFault_Handler)
    DebugMon_Handler                         0x08001b8b   Thumb Code     2  stm32f10x_it.o(i.DebugMon_Handler)
    Delay_ms                                 0x08001b8d   Thumb Code    24  delay.o(i.Delay_ms)
    Delay_us                                 0x08001ba5   Thumb Code    32  delay.o(i.Delay_us)
    Encoder_Init                             0x08001bc5   Thumb Code   278  encoder.o(i.Encoder_Init)
    Encoder_L                                0x08001ced   Thumb Code    24  encoder.o(i.Encoder_L)
    Encoder_R                                0x08001d09   Thumb Code    24  encoder.o(i.Encoder_R)
    GPIO_Init                                0x08001d25   Thumb Code   166  stm32f10x_gpio.o(i.GPIO_Init)
    GPIO_ReadInputDataBit                    0x08001dcb   Thumb Code    14  stm32f10x_gpio.o(i.GPIO_ReadInputDataBit)
    GPIO_ResetBits                           0x08001dd9   Thumb Code     4  stm32f10x_gpio.o(i.GPIO_ResetBits)
    GPIO_SetBits                             0x08001ddd   Thumb Code     4  stm32f10x_gpio.o(i.GPIO_SetBits)
    GPIO_WriteBit                            0x08001de1   Thumb Code    12  stm32f10x_gpio.o(i.GPIO_WriteBit)
    HardFault_Handler                        0x08001ded   Thumb Code     2  stm32f10x_it.o(i.HardFault_Handler)
    JY901_GetAngle                           0x08001df1   Thumb Code   110  jy901.o(i.JY901_GetAngle)
    JY901_Init                               0x08001e69   Thumb Code   170  jy901.o(i.JY901_Init)
    Left_Amend                               0x08001f1d   Thumb Code   112  pid_user.o(i.Left_Amend)
    MemManage_Handler                        0x08001f95   Thumb Code     2  stm32f10x_it.o(i.MemManage_Handler)
    Motor_Init                               0x08001f99   Thumb Code    44  motor.o(i.Motor_Init)
    Motor_L                                  0x08001fc9   Thumb Code    66  motor.o(i.Motor_L)
    Motor_R                                  0x08002011   Thumb Code    66  motor.o(i.Motor_R)
    Move_Forward                             0x08002059   Thumb Code    18  car.o(i.Move_Forward)
    NMI_Handler                              0x0800206b   Thumb Code     2  stm32f10x_it.o(i.NMI_Handler)
    NVIC_Init                                0x0800206d   Thumb Code    96  misc.o(i.NVIC_Init)
    NVIC_PriorityGroupConfig                 0x080020d1   Thumb Code    10  misc.o(i.NVIC_PriorityGroupConfig)
    OLED_Clear                               0x080020e5   Thumb Code    34  oled.o(i.OLED_Clear)
    OLED_ClearArea                           0x0800210d   Thumb Code    88  oled.o(i.OLED_ClearArea)
    OLED_GPIO_Init                           0x08002169   Thumb Code    88  oled.o(i.OLED_GPIO_Init)
    OLED_I2C_SendByte                        0x080021c5   Thumb Code    58  oled.o(i.OLED_I2C_SendByte)
    OLED_I2C_Start                           0x080021ff   Thumb Code    30  oled.o(i.OLED_I2C_Start)
    OLED_I2C_Stop                            0x0800221d   Thumb Code    24  oled.o(i.OLED_I2C_Stop)
    OLED_Init                                0x08002235   Thumb Code   156  oled.o(i.OLED_Init)
    OLED_Printf                              0x080022d1   Thumb Code    42  oled.o(i.OLED_Printf)
    OLED_SetCursor                           0x080022fb   Thumb Code    34  oled.o(i.OLED_SetCursor)
    OLED_ShowChar                            0x0800231d   Thumb Code    52  oled.o(i.OLED_ShowChar)
    OLED_ShowImage                           0x08002359   Thumb Code   176  oled.o(i.OLED_ShowImage)
    OLED_ShowString                          0x0800240d   Thumb Code   382  oled.o(i.OLED_ShowString)
    OLED_Update                              0x08002595   Thumb Code    34  oled.o(i.OLED_Update)
    OLED_W_SCL                               0x080025bd   Thumb Code    12  oled.o(i.OLED_W_SCL)
    OLED_W_SDA                               0x080025cd   Thumb Code    12  oled.o(i.OLED_W_SDA)
    OLED_WriteCommand                        0x080025dd   Thumb Code    34  oled.o(i.OLED_WriteCommand)
    OLED_WriteData                           0x080025ff   Thumb Code    48  oled.o(i.OLED_WriteData)
    PID_L                                    0x08002631   Thumb Code   224  pid.o(i.PID_L)
    PID_R                                    0x0800272d   Thumb Code   224  pid.o(i.PID_R)
    PID_Turn                                 0x08002829   Thumb Code   170  pid.o(i.PID_Turn)
    PWM_Init                                 0x080028f1   Thumb Code   192  pwm.o(i.PWM_Init)
    PWM_SetCompare1                          0x080029b9   Thumb Code     8  pwm.o(i.PWM_SetCompare1)
    PWM_SetCompare4                          0x080029c5   Thumb Code     8  pwm.o(i.PWM_SetCompare4)
    PendSV_Handler                           0x080029d1   Thumb Code     2  stm32f10x_it.o(i.PendSV_Handler)
    RCC_ADCCLKConfig                         0x080029d5   Thumb Code    14  stm32f10x_rcc.o(i.RCC_ADCCLKConfig)
    RCC_APB1PeriphClockCmd                   0x080029e9   Thumb Code    22  stm32f10x_rcc.o(i.RCC_APB1PeriphClockCmd)
    RCC_APB2PeriphClockCmd                   0x08002a05   Thumb Code    22  stm32f10x_rcc.o(i.RCC_APB2PeriphClockCmd)
    RCC_GetClocksFreq                        0x08002a21   Thumb Code   154  stm32f10x_rcc.o(i.RCC_GetClocksFreq)
    RP_Init                                  0x08002acd   Thumb Code   130  rp.o(i.RP_Init)
    Right_Amend                              0x08002b59   Thumb Code   112  pid_user.o(i.Right_Amend)
    SVC_Handler                              0x08002bd1   Thumb Code     2  stm32f10x_it.o(i.SVC_Handler)
    Serial_Init                              0x08002bd5   Thumb Code   174  serial.o(i.Serial_Init)
    SysTick_Handler                          0x08002d41   Thumb Code     2  stm32f10x_it.o(i.SysTick_Handler)
    SystemInit                               0x08002d45   Thumb Code    64  system_stm32f10x.o(i.SystemInit)
    TIM1_UP_IRQHandler                       0x08002f79   Thumb Code   138  pid.o(i.TIM1_UP_IRQHandler)
    TIM_ClearFlag                            0x08003015   Thumb Code     6  stm32f10x_tim.o(i.TIM_ClearFlag)
    TIM_ClearITPendingBit                    0x0800301b   Thumb Code     6  stm32f10x_tim.o(i.TIM_ClearITPendingBit)
    TIM_Cmd                                  0x08003021   Thumb Code    24  stm32f10x_tim.o(i.TIM_Cmd)
    TIM_EncoderInterfaceConfig               0x08003039   Thumb Code    50  stm32f10x_tim.o(i.TIM_EncoderInterfaceConfig)
    TIM_GetCounter                           0x0800306b   Thumb Code     4  stm32f10x_tim.o(i.TIM_GetCounter)
    TIM_GetITStatus                          0x0800306f   Thumb Code    24  stm32f10x_tim.o(i.TIM_GetITStatus)
    TIM_ICInit                               0x08003089   Thumb Code   122  stm32f10x_tim.o(i.TIM_ICInit)
    TIM_ICStructInit                         0x08003115   Thumb Code    16  stm32f10x_tim.o(i.TIM_ICStructInit)
    TIM_ITConfig                             0x08003125   Thumb Code    20  stm32f10x_tim.o(i.TIM_ITConfig)
    TIM_InternalClockConfig                  0x08003139   Thumb Code    10  stm32f10x_tim.o(i.TIM_InternalClockConfig)
    TIM_OC1Init                              0x08003145   Thumb Code   114  stm32f10x_tim.o(i.TIM_OC1Init)
    TIM_OC4Init                              0x080031cd   Thumb Code    94  stm32f10x_tim.o(i.TIM_OC4Init)
    TIM_OCStructInit                         0x08003235   Thumb Code    20  stm32f10x_tim.o(i.TIM_OCStructInit)
    TIM_SetCompare1                          0x08003249   Thumb Code     4  stm32f10x_tim.o(i.TIM_SetCompare1)
    TIM_SetCompare4                          0x0800324d   Thumb Code     6  stm32f10x_tim.o(i.TIM_SetCompare4)
    TIM_SetCounter                           0x08003253   Thumb Code     4  stm32f10x_tim.o(i.TIM_SetCounter)
    TIM_SetIC1Prescaler                      0x08003257   Thumb Code    16  stm32f10x_tim.o(i.TIM_SetIC1Prescaler)
    TIM_SetIC2Prescaler                      0x08003267   Thumb Code    24  stm32f10x_tim.o(i.TIM_SetIC2Prescaler)
    TIM_SetIC3Prescaler                      0x0800327f   Thumb Code    16  stm32f10x_tim.o(i.TIM_SetIC3Prescaler)
    TIM_SetIC4Prescaler                      0x0800328f   Thumb Code    24  stm32f10x_tim.o(i.TIM_SetIC4Prescaler)
    TIM_TimeBaseInit                         0x080032a9   Thumb Code   114  stm32f10x_tim.o(i.TIM_TimeBaseInit)
    Timer_Init                               0x08003345   Thumb Code   118  timer.o(i.Timer_Init)
    Turn_LLeft                               0x080033c1   Thumb Code    20  car.o(i.Turn_LLeft)
    Turn_LRight                              0x080033d5   Thumb Code    20  car.o(i.Turn_LRight)
    Turn_SLeft                               0x080033e9   Thumb Code    20  car.o(i.Turn_SLeft)
    Turn_SRight                              0x080033fd   Thumb Code    20  car.o(i.Turn_SRight)
    USART2_IRQHandler                        0x08003411   Thumb Code    46  jy901.o(i.USART2_IRQHandler)
    USART3_IRQHandler                        0x08003445   Thumb Code    48  serial.o(i.USART3_IRQHandler)
    USART_ClearITPendingBit                  0x0800347d   Thumb Code    16  stm32f10x_usart.o(i.USART_ClearITPendingBit)
    USART_Cmd                                0x0800348d   Thumb Code    24  stm32f10x_usart.o(i.USART_Cmd)
    USART_GetITStatus                        0x080034a5   Thumb Code    64  stm32f10x_usart.o(i.USART_GetITStatus)
    USART_ITConfig                           0x080034e5   Thumb Code    54  stm32f10x_usart.o(i.USART_ITConfig)
    USART_Init                               0x0800351d   Thumb Code   182  stm32f10x_usart.o(i.USART_Init)
    USART_ReceiveData                        0x080035d9   Thumb Code     8  stm32f10x_usart.o(i.USART_ReceiveData)
    UsageFault_Handler                       0x080035e1   Thumb Code     2  stm32f10x_it.o(i.UsageFault_Handler)
    You_xunji                                0x080035e5   Thumb Code   260  pid_user.o(i.You_xunji)
    Zuo_xunji                                0x08003731   Thumb Code   260  pid_user.o(i.Zuo_xunji)
    __ARM_fpclassify                         0x0800387d   Thumb Code    40  fpclassify.o(i.__ARM_fpclassify)
    _is_digit                                0x080038a5   Thumb Code    14  __printf_wp.o(i._is_digit)
    jy901_ReceiveData                        0x080038b5   Thumb Code   116  jy901.o(i.jy901_ReceiveData)
    main                                     0x08003931   Thumb Code   174  main.o(i.main)
    zhuanxiang                               0x08003a1d   Thumb Code   234  pid_user.o(i.zhuanxiang)
    zouzhixian                               0x08003b59   Thumb Code   142  pid_user.o(i.zouzhixian)
    _get_lc_numeric                          0x08003c2d   Thumb Code    44  lc_numeric_c.o(locale$$code)
    _get_lc_ctype                            0x08003c59   Thumb Code    44  lc_ctype_c.o(locale$$code)
    __fpl_dcmp_Inf                           0x08003c85   Thumb Code    24  dcmpi.o(x$fpl$dcmpinf)
    __aeabi_cdcmple                          0x08003c9d   Thumb Code     0  dleqf.o(x$fpl$dleqf)
    _dcmple                                  0x08003c9d   Thumb Code   120  dleqf.o(x$fpl$dleqf)
    __fpl_dcmple_InfNaN                      0x08003cff   Thumb Code     0  dleqf.o(x$fpl$dleqf)
    __fpl_dnaninf                            0x08003d15   Thumb Code   156  dnaninf.o(x$fpl$dnaninf)
    __fpl_dretinf                            0x08003db1   Thumb Code    12  dretinf.o(x$fpl$dretinf)
    __aeabi_f2d                              0x08003dbd   Thumb Code     0  f2d.o(x$fpl$f2d)
    _f2d                                     0x08003dbd   Thumb Code    86  f2d.o(x$fpl$f2d)
    __aeabi_fadd                             0x08003e15   Thumb Code     0  faddsub_clz.o(x$fpl$fadd)
    _fadd                                    0x08003e15   Thumb Code   196  faddsub_clz.o(x$fpl$fadd)
    __fpl_fcheck_NaN1                        0x08003ed9   Thumb Code     6  fcheck1.o(x$fpl$fcheck1)
    __aeabi_f2iz                             0x08003ee5   Thumb Code     0  ffix.o(x$fpl$ffix)
    _ffix                                    0x08003ee5   Thumb Code    54  ffix.o(x$fpl$ffix)
    __aeabi_i2f                              0x08003f1d   Thumb Code     0  fflt_clz.o(x$fpl$fflt)
    _fflt                                    0x08003f1d   Thumb Code    48  fflt_clz.o(x$fpl$fflt)
    __aeabi_fmul                             0x08003f4d   Thumb Code     0  fmul.o(x$fpl$fmul)
    _fmul                                    0x08003f4d   Thumb Code   258  fmul.o(x$fpl$fmul)
    __fpl_fnaninf                            0x0800404f   Thumb Code   140  fnaninf.o(x$fpl$fnaninf)
    __fpl_fretinf                            0x080040db   Thumb Code    10  fretinf.o(x$fpl$fretinf)
    __aeabi_fsub                             0x080040e5   Thumb Code     0  faddsub_clz.o(x$fpl$fsub)
    _fsub                                    0x080040e5   Thumb Code   234  faddsub_clz.o(x$fpl$fsub)
    _printf_fp_dec                           0x080041cf   Thumb Code     4  printf1.o(x$fpl$printf1)
    _printf_fp_hex                           0x080041d3   Thumb Code     4  printf2.o(x$fpl$printf2)
    __fpl_return_NaN                         0x080041d7   Thumb Code   100  retnan.o(x$fpl$retnan)
    __ARM_scalbnf                            0x0800423b   Thumb Code    76  scalbnf.o(x$fpl$scalbnf)
    __fpl_cmpreturn                          0x08004287   Thumb Code    48  trapv.o(x$fpl$trapveneer)
    OLED_F8x16                               0x080042b6   Data        1520  oled_data.o(.constdata)
    __I$use$fp                               0x080042b6   Number         0  usenofp.o(x$fpl$usenofp)
    OLED_F6x8                                0x080048a6   Data         570  oled_data.o(.constdata)
    OLED_CF16x16                             0x08004ae0   Data         259  oled_data.o(.constdata)
    Region$$Table$$Base                      0x08004ce0   Number         0  anon$$obj.o(Region$$Table)
    Region$$Table$$Limit                     0x08004d00   Number         0  anon$$obj.o(Region$$Table)
    __ctype                                  0x08004d29   Data           0  lc_ctype_c.o(locale$$data)
    Serial_RxData                            0x20000014   Data           1  serial.o(.data)
    Serial_RxFlag                            0x20000015   Data           1  serial.o(.data)
    R                                        0x2000001c   Data           4  jy901.o(.data)
    P                                        0x20000020   Data           4  jy901.o(.data)
    Y                                        0x20000024   Data           4  jy901.o(.data)
    Outer                                    0x2000002c   Data           2  pid.o(.data)
    R_Kp                                     0x20000030   Data           4  pid.o(.data)
    R_Ki                                     0x20000034   Data           4  pid.o(.data)
    R_Kd                                     0x20000038   Data           4  pid.o(.data)
    L_Kp                                     0x2000003c   Data           4  pid.o(.data)
    L_Ki                                     0x20000040   Data           4  pid.o(.data)
    L_Kd                                     0x20000044   Data           4  pid.o(.data)
    T_Kp                                     0x20000048   Data           4  pid.o(.data)
    zuosudu                                  0x2000004c   Data           4  pid.o(.data)
    yousudu                                  0x20000050   Data           4  pid.o(.data)
    R_Actual                                 0x20000054   Data           4  pid.o(.data)
    R_Out                                    0x20000058   Data           4  pid.o(.data)
    R_Target                                 0x2000005c   Data           4  pid.o(.data)
    R_Error0                                 0x20000060   Data           4  pid.o(.data)
    R_Error1                                 0x20000064   Data           4  pid.o(.data)
    R_ErrorInt                               0x20000068   Data           4  pid.o(.data)
    L_Actual                                 0x2000006c   Data           4  pid.o(.data)
    L_Out                                    0x20000070   Data           4  pid.o(.data)
    L_Target                                 0x20000074   Data           4  pid.o(.data)
    L_Error0                                 0x20000078   Data           4  pid.o(.data)
    L_Error1                                 0x2000007c   Data           4  pid.o(.data)
    L_ErrorInt                               0x20000080   Data           4  pid.o(.data)
    T_Actual                                 0x20000084   Data           4  pid.o(.data)
    T_Out                                    0x20000088   Data           4  pid.o(.data)
    T_Target                                 0x2000008c   Data           4  pid.o(.data)
    T_Ki                                     0x20000090   Data           4  pid.o(.data)
    T_Kd                                     0x20000094   Data           4  pid.o(.data)
    T_Error0                                 0x20000098   Data           4  pid.o(.data)
    T_Error1                                 0x2000009c   Data           4  pid.o(.data)
    T_ErrorInt                               0x200000a0   Data           4  pid.o(.data)
    Roll                                     0x200000a4   Data           4  main.o(.data)
    Pitch                                    0x200000a8   Data           4  main.o(.data)
    Yaw                                      0x200000ac   Data           4  main.o(.data)
    flag                                     0x200000b0   Data           2  main.o(.data)
    OLED_DisplayBuf                          0x200000b4   Data        1024  oled.o(.bss)
    __libspace_start                         0x200004c0   Data          96  libspace.o(.bss)
    __temporary_stack_top$libspace           0x20000520   Data           0  libspace.o(.bss)



==============================================================================

Memory Map of the image

  Image Entry point : 0x080000ed

  Load Region LR_IROM1 (Base: 0x08000000, Size: 0x00004ee0, Max: 0x00010000, ABSOLUTE)

    Execution Region ER_IROM1 (Exec base: 0x08000000, Load base: 0x08000000, Size: 0x00004e2c, Max: 0x00010000, ABSOLUTE)

    Exec Addr    Load Addr    Size         Type   Attr      Idx    E Section Name        Object

    0x08000000   0x08000000   0x000000ec   Data   RO            3    RESET               startup_stm32f10x_md.o
    0x080000ec   0x080000ec   0x00000008   Code   RO         4056  * !!!main             c_w.l(__main.o)
    0x080000f4   0x080000f4   0x00000034   Code   RO         4499    !!!scatter          c_w.l(__scatter.o)
    0x08000128   0x08000128   0x0000001a   Code   RO         4501    !!handler_copy      c_w.l(__scatter_copy.o)
    0x08000142   0x08000142   0x00000002   PAD
    0x08000144   0x08000144   0x0000001c   Code   RO         4503    !!handler_zi        c_w.l(__scatter_zi.o)
    0x08000160   0x08000160   0x00000000   Code   RO         4206    .ARM.Collect$$_printf_percent$$00000000  c_w.l(_printf_percent.o)
    0x08000160   0x08000160   0x00000006   Code   RO         4195    .ARM.Collect$$_printf_percent$$00000001  c_w.l(_printf_n.o)
    0x08000166   0x08000166   0x00000006   Code   RO         4197    .ARM.Collect$$_printf_percent$$00000002  c_w.l(_printf_p.o)
    0x0800016c   0x0800016c   0x00000006   Code   RO         4202    .ARM.Collect$$_printf_percent$$00000003  c_w.l(_printf_f.o)
    0x08000172   0x08000172   0x00000006   Code   RO         4203    .ARM.Collect$$_printf_percent$$00000004  c_w.l(_printf_e.o)
    0x08000178   0x08000178   0x00000006   Code   RO         4204    .ARM.Collect$$_printf_percent$$00000005  c_w.l(_printf_g.o)
    0x0800017e   0x0800017e   0x00000006   Code   RO         4205    .ARM.Collect$$_printf_percent$$00000006  c_w.l(_printf_a.o)
    0x08000184   0x08000184   0x0000000a   Code   RO         4210    .ARM.Collect$$_printf_percent$$00000007  c_w.l(_printf_ll.o)
    0x0800018e   0x0800018e   0x00000006   Code   RO         4199    .ARM.Collect$$_printf_percent$$00000008  c_w.l(_printf_i.o)
    0x08000194   0x08000194   0x00000006   Code   RO         4200    .ARM.Collect$$_printf_percent$$00000009  c_w.l(_printf_d.o)
    0x0800019a   0x0800019a   0x00000006   Code   RO         4201    .ARM.Collect$$_printf_percent$$0000000A  c_w.l(_printf_u.o)
    0x080001a0   0x080001a0   0x00000006   Code   RO         4198    .ARM.Collect$$_printf_percent$$0000000B  c_w.l(_printf_o.o)
    0x080001a6   0x080001a6   0x00000006   Code   RO         4196    .ARM.Collect$$_printf_percent$$0000000C  c_w.l(_printf_x.o)
    0x080001ac   0x080001ac   0x00000006   Code   RO         4207    .ARM.Collect$$_printf_percent$$0000000D  c_w.l(_printf_lli.o)
    0x080001b2   0x080001b2   0x00000006   Code   RO         4208    .ARM.Collect$$_printf_percent$$0000000E  c_w.l(_printf_lld.o)
    0x080001b8   0x080001b8   0x00000006   Code   RO         4209    .ARM.Collect$$_printf_percent$$0000000F  c_w.l(_printf_llu.o)
    0x080001be   0x080001be   0x00000006   Code   RO         4214    .ARM.Collect$$_printf_percent$$00000010  c_w.l(_printf_llo.o)
    0x080001c4   0x080001c4   0x00000006   Code   RO         4215    .ARM.Collect$$_printf_percent$$00000011  c_w.l(_printf_llx.o)
    0x080001ca   0x080001ca   0x0000000a   Code   RO         4211    .ARM.Collect$$_printf_percent$$00000012  c_w.l(_printf_l.o)
    0x080001d4   0x080001d4   0x00000006   Code   RO         4193    .ARM.Collect$$_printf_percent$$00000013  c_w.l(_printf_c.o)
    0x080001da   0x080001da   0x00000006   Code   RO         4194    .ARM.Collect$$_printf_percent$$00000014  c_w.l(_printf_s.o)
    0x080001e0   0x080001e0   0x00000006   Code   RO         4212    .ARM.Collect$$_printf_percent$$00000015  c_w.l(_printf_lc.o)
    0x080001e6   0x080001e6   0x00000006   Code   RO         4213    .ARM.Collect$$_printf_percent$$00000016  c_w.l(_printf_ls.o)
    0x080001ec   0x080001ec   0x00000004   Code   RO         4301    .ARM.Collect$$_printf_percent$$00000017  c_w.l(_printf_percent_end.o)
    0x080001f0   0x080001f0   0x00000002   Code   RO         4361    .ARM.Collect$$libinit$$00000000  c_w.l(libinit.o)
    0x080001f2   0x080001f2   0x00000000   Code   RO         4374    .ARM.Collect$$libinit$$00000002  c_w.l(libinit2.o)
    0x080001f2   0x080001f2   0x00000000   Code   RO         4376    .ARM.Collect$$libinit$$00000004  c_w.l(libinit2.o)
    0x080001f2   0x080001f2   0x00000000   Code   RO         4379    .ARM.Collect$$libinit$$0000000A  c_w.l(libinit2.o)
    0x080001f2   0x080001f2   0x00000000   Code   RO         4381    .ARM.Collect$$libinit$$0000000C  c_w.l(libinit2.o)
    0x080001f2   0x080001f2   0x00000000   Code   RO         4383    .ARM.Collect$$libinit$$0000000E  c_w.l(libinit2.o)
    0x080001f2   0x080001f2   0x00000006   Code   RO         4384    .ARM.Collect$$libinit$$0000000F  c_w.l(libinit2.o)
    0x080001f8   0x080001f8   0x00000000   Code   RO         4386    .ARM.Collect$$libinit$$00000011  c_w.l(libinit2.o)
    0x080001f8   0x080001f8   0x0000000c   Code   RO         4387    .ARM.Collect$$libinit$$00000012  c_w.l(libinit2.o)
    0x08000204   0x08000204   0x00000000   Code   RO         4388    .ARM.Collect$$libinit$$00000013  c_w.l(libinit2.o)
    0x08000204   0x08000204   0x00000000   Code   RO         4390    .ARM.Collect$$libinit$$00000015  c_w.l(libinit2.o)
    0x08000204   0x08000204   0x0000000a   Code   RO         4391    .ARM.Collect$$libinit$$00000016  c_w.l(libinit2.o)
    0x0800020e   0x0800020e   0x00000000   Code   RO         4392    .ARM.Collect$$libinit$$00000017  c_w.l(libinit2.o)
    0x0800020e   0x0800020e   0x00000000   Code   RO         4394    .ARM.Collect$$libinit$$00000019  c_w.l(libinit2.o)
    0x0800020e   0x0800020e   0x00000000   Code   RO         4396    .ARM.Collect$$libinit$$0000001B  c_w.l(libinit2.o)
    0x0800020e   0x0800020e   0x00000000   Code   RO         4398    .ARM.Collect$$libinit$$0000001D  c_w.l(libinit2.o)
    0x0800020e   0x0800020e   0x00000000   Code   RO         4400    .ARM.Collect$$libinit$$0000001F  c_w.l(libinit2.o)
    0x0800020e   0x0800020e   0x00000000   Code   RO         4402    .ARM.Collect$$libinit$$00000021  c_w.l(libinit2.o)
    0x0800020e   0x0800020e   0x00000000   Code   RO         4404    .ARM.Collect$$libinit$$00000023  c_w.l(libinit2.o)
    0x0800020e   0x0800020e   0x00000000   Code   RO         4406    .ARM.Collect$$libinit$$00000025  c_w.l(libinit2.o)
    0x0800020e   0x0800020e   0x00000000   Code   RO         4410    .ARM.Collect$$libinit$$0000002C  c_w.l(libinit2.o)
    0x0800020e   0x0800020e   0x00000000   Code   RO         4412    .ARM.Collect$$libinit$$0000002E  c_w.l(libinit2.o)
    0x0800020e   0x0800020e   0x00000000   Code   RO         4414    .ARM.Collect$$libinit$$00000030  c_w.l(libinit2.o)
    0x0800020e   0x0800020e   0x00000000   Code   RO         4416    .ARM.Collect$$libinit$$00000032  c_w.l(libinit2.o)
    0x0800020e   0x0800020e   0x00000002   Code   RO         4417    .ARM.Collect$$libinit$$00000033  c_w.l(libinit2.o)
    0x08000210   0x08000210   0x00000002   Code   RO         4437    .ARM.Collect$$libshutdown$$00000000  c_w.l(libshutdown.o)
    0x08000212   0x08000212   0x00000000   Code   RO         4450    .ARM.Collect$$libshutdown$$00000002  c_w.l(libshutdown2.o)
    0x08000212   0x08000212   0x00000000   Code   RO         4452    .ARM.Collect$$libshutdown$$00000004  c_w.l(libshutdown2.o)
    0x08000212   0x08000212   0x00000000   Code   RO         4454    .ARM.Collect$$libshutdown$$00000006  c_w.l(libshutdown2.o)
    0x08000212   0x08000212   0x00000000   Code   RO         4457    .ARM.Collect$$libshutdown$$00000009  c_w.l(libshutdown2.o)
    0x08000212   0x08000212   0x00000000   Code   RO         4460    .ARM.Collect$$libshutdown$$0000000C  c_w.l(libshutdown2.o)
    0x08000212   0x08000212   0x00000000   Code   RO         4462    .ARM.Collect$$libshutdown$$0000000E  c_w.l(libshutdown2.o)
    0x08000212   0x08000212   0x00000000   Code   RO         4465    .ARM.Collect$$libshutdown$$00000011  c_w.l(libshutdown2.o)
    0x08000212   0x08000212   0x00000002   Code   RO         4466    .ARM.Collect$$libshutdown$$00000012  c_w.l(libshutdown2.o)
    0x08000214   0x08000214   0x00000000   Code   RO         4122    .ARM.Collect$$rtentry$$00000000  c_w.l(__rtentry.o)
    0x08000214   0x08000214   0x00000000   Code   RO         4267    .ARM.Collect$$rtentry$$00000002  c_w.l(__rtentry2.o)
    0x08000214   0x08000214   0x00000006   Code   RO         4279    .ARM.Collect$$rtentry$$00000004  c_w.l(__rtentry4.o)
    0x0800021a   0x0800021a   0x00000000   Code   RO         4269    .ARM.Collect$$rtentry$$00000009  c_w.l(__rtentry2.o)
    0x0800021a   0x0800021a   0x00000004   Code   RO         4270    .ARM.Collect$$rtentry$$0000000A  c_w.l(__rtentry2.o)
    0x0800021e   0x0800021e   0x00000000   Code   RO         4272    .ARM.Collect$$rtentry$$0000000C  c_w.l(__rtentry2.o)
    0x0800021e   0x0800021e   0x00000008   Code   RO         4273    .ARM.Collect$$rtentry$$0000000D  c_w.l(__rtentry2.o)
    0x08000226   0x08000226   0x00000002   Code   RO         4368    .ARM.Collect$$rtexit$$00000000  c_w.l(rtexit.o)
    0x08000228   0x08000228   0x00000000   Code   RO         4419    .ARM.Collect$$rtexit$$00000002  c_w.l(rtexit2.o)
    0x08000228   0x08000228   0x00000004   Code   RO         4420    .ARM.Collect$$rtexit$$00000003  c_w.l(rtexit2.o)
    0x0800022c   0x0800022c   0x00000006   Code   RO         4421    .ARM.Collect$$rtexit$$00000004  c_w.l(rtexit2.o)
    0x08000232   0x08000232   0x00000002   PAD
    0x08000234   0x08000234   0x00000040   Code   RO            4    .text               startup_stm32f10x_md.o
    0x08000274   0x08000274   0x00000024   Code   RO         4050    .text               c_w.l(vsprintf.o)
    0x08000298   0x08000298   0x00000080   Code   RO         4052    .text               c_w.l(strcmpv7m.o)
    0x08000318   0x08000318   0x00000006   Code   RO         4054    .text               c_w.l(heapauxi.o)
    0x0800031e   0x0800031e   0x0000004e   Code   RO         4127    .text               c_w.l(_printf_pad.o)
    0x0800036c   0x0800036c   0x00000024   Code   RO         4129    .text               c_w.l(_printf_truncate.o)
    0x08000390   0x08000390   0x00000052   Code   RO         4131    .text               c_w.l(_printf_str.o)
    0x080003e2   0x080003e2   0x00000002   PAD
    0x080003e4   0x080003e4   0x00000078   Code   RO         4133    .text               c_w.l(_printf_dec.o)
    0x0800045c   0x0800045c   0x00000028   Code   RO         4135    .text               c_w.l(_printf_charcount.o)
    0x08000484   0x08000484   0x00000030   Code   RO         4137    .text               c_w.l(_printf_char_common.o)
    0x080004b4   0x080004b4   0x0000000a   Code   RO         4139    .text               c_w.l(_sputc.o)
    0x080004be   0x080004be   0x00000002   PAD
    0x080004c0   0x080004c0   0x000000bc   Code   RO         4141    .text               c_w.l(_printf_wctomb.o)
    0x0800057c   0x0800057c   0x0000007c   Code   RO         4144    .text               c_w.l(_printf_longlong_dec.o)
    0x080005f8   0x080005f8   0x00000070   Code   RO         4150    .text               c_w.l(_printf_oct_int_ll.o)
    0x08000668   0x08000668   0x00000094   Code   RO         4170    .text               c_w.l(_printf_hex_int_ll_ptr.o)
    0x080006fc   0x080006fc   0x00000188   Code   RO         4190    .text               c_w.l(__printf_flags_ss_wp.o)
    0x08000884   0x08000884   0x0000008a   Code   RO         4286    .text               c_w.l(lludiv10.o)
    0x0800090e   0x0800090e   0x000000b2   Code   RO         4288    .text               c_w.l(_printf_intcommon.o)
    0x080009c0   0x080009c0   0x0000041e   Code   RO         4290    .text               c_w.l(_printf_fp_dec.o)
    0x08000dde   0x08000dde   0x00000002   PAD
    0x08000de0   0x08000de0   0x000002fc   Code   RO         4292    .text               c_w.l(_printf_fp_hex.o)
    0x080010dc   0x080010dc   0x0000002c   Code   RO         4297    .text               c_w.l(_printf_char.o)
    0x08001108   0x08001108   0x0000002c   Code   RO         4299    .text               c_w.l(_printf_wchar.o)
    0x08001134   0x08001134   0x00000040   Code   RO         4302    .text               c_w.l(_wcrtomb.o)
    0x08001174   0x08001174   0x00000008   Code   RO         4312    .text               c_w.l(libspace.o)
    0x0800117c   0x0800117c   0x0000004a   Code   RO         4315    .text               c_w.l(sys_stackheap_outer.o)
    0x080011c6   0x080011c6   0x00000002   PAD
    0x080011c8   0x080011c8   0x00000010   Code   RO         4317    .text               c_w.l(rt_ctype_table.o)
    0x080011d8   0x080011d8   0x00000008   Code   RO         4322    .text               c_w.l(rt_locale_intlibspace.o)
    0x080011e0   0x080011e0   0x00000080   Code   RO         4324    .text               c_w.l(_printf_fp_infnan.o)
    0x08001260   0x08001260   0x000000e4   Code   RO         4326    .text               c_w.l(bigflt0.o)
    0x08001344   0x08001344   0x00000012   Code   RO         4354    .text               c_w.l(exit.o)
    0x08001356   0x08001356   0x00000002   PAD
    0x08001358   0x08001358   0x0000000c   Code   RO         4429    .text               c_w.l(sys_exit.o)
    0x08001364   0x08001364   0x00000002   Code   RO         4440    .text               c_w.l(use_no_semi.o)
    0x08001366   0x08001366   0x00000000   Code   RO         4442    .text               c_w.l(indicate_semi.o)
    0x08001366   0x08001366   0x0000003e   Code   RO         4329    CL$$btod_d2e        c_w.l(btod.o)
    0x080013a4   0x080013a4   0x00000046   Code   RO         4331    CL$$btod_d2e_denorm_low  c_w.l(btod.o)
    0x080013ea   0x080013ea   0x00000060   Code   RO         4330    CL$$btod_d2e_norm_op1  c_w.l(btod.o)
    0x0800144a   0x0800144a   0x00000338   Code   RO         4339    CL$$btod_div_common  c_w.l(btod.o)
    0x08001782   0x08001782   0x000000dc   Code   RO         4336    CL$$btod_e2e        c_w.l(btod.o)
    0x0800185e   0x0800185e   0x0000002a   Code   RO         4333    CL$$btod_ediv       c_w.l(btod.o)
    0x08001888   0x08001888   0x0000002a   Code   RO         4332    CL$$btod_emul       c_w.l(btod.o)
    0x080018b2   0x080018b2   0x00000244   Code   RO         4338    CL$$btod_mult_common  c_w.l(btod.o)
    0x08001af6   0x08001af6   0x00000018   Code   RO          202    i.ADC_Cmd           stm32f10x_adc.o
    0x08001b0e   0x08001b0e   0x0000000e   Code   RO          210    i.ADC_GetCalibrationStatus  stm32f10x_adc.o
    0x08001b1c   0x08001b1c   0x0000000e   Code   RO          216    i.ADC_GetResetCalibrationStatus  stm32f10x_adc.o
    0x08001b2a   0x08001b2a   0x00000002   PAD
    0x08001b2c   0x08001b2c   0x00000048   Code   RO          220    i.ADC_Init          stm32f10x_adc.o
    0x08001b74   0x08001b74   0x0000000a   Code   RO          225    i.ADC_ResetCalibration  stm32f10x_adc.o
    0x08001b7e   0x08001b7e   0x0000000a   Code   RO          229    i.ADC_StartCalibration  stm32f10x_adc.o
    0x08001b88   0x08001b88   0x00000002   Code   RO         3985    i.BusFault_Handler  stm32f10x_it.o
    0x08001b8a   0x08001b8a   0x00000002   Code   RO         3986    i.DebugMon_Handler  stm32f10x_it.o
    0x08001b8c   0x08001b8c   0x00000018   Code   RO         3196    i.Delay_ms          delay.o
    0x08001ba4   0x08001ba4   0x00000020   Code   RO         3198    i.Delay_us          delay.o
    0x08001bc4   0x08001bc4   0x00000128   Code   RO         3628    i.Encoder_Init      encoder.o
    0x08001cec   0x08001cec   0x0000001c   Code   RO         3629    i.Encoder_L         encoder.o
    0x08001d08   0x08001d08   0x0000001c   Code   RO         3630    i.Encoder_R         encoder.o
    0x08001d24   0x08001d24   0x000000a6   Code   RO         1347    i.GPIO_Init         stm32f10x_gpio.o
    0x08001dca   0x08001dca   0x0000000e   Code   RO         1351    i.GPIO_ReadInputDataBit  stm32f10x_gpio.o
    0x08001dd8   0x08001dd8   0x00000004   Code   RO         1354    i.GPIO_ResetBits    stm32f10x_gpio.o
    0x08001ddc   0x08001ddc   0x00000004   Code   RO         1355    i.GPIO_SetBits      stm32f10x_gpio.o
    0x08001de0   0x08001de0   0x0000000c   Code   RO         1358    i.GPIO_WriteBit     stm32f10x_gpio.o
    0x08001dec   0x08001dec   0x00000002   Code   RO         3987    i.HardFault_Handler  stm32f10x_it.o
    0x08001dee   0x08001dee   0x00000002   PAD
    0x08001df0   0x08001df0   0x00000078   Code   RO         3731    i.JY901_GetAngle    jy901.o
    0x08001e68   0x08001e68   0x000000b4   Code   RO         3732    i.JY901_Init        jy901.o
    0x08001f1c   0x08001f1c   0x00000078   Code   RO         3832    i.Left_Amend        pid_user.o
    0x08001f94   0x08001f94   0x00000002   Code   RO         3988    i.MemManage_Handler  stm32f10x_it.o
    0x08001f96   0x08001f96   0x00000002   PAD
    0x08001f98   0x08001f98   0x00000030   Code   RO         3577    i.Motor_Init        motor.o
    0x08001fc8   0x08001fc8   0x00000048   Code   RO         3578    i.Motor_L           motor.o
    0x08002010   0x08002010   0x00000048   Code   RO         3579    i.Motor_R           motor.o
    0x08002058   0x08002058   0x00000012   Code   RO         3876    i.Move_Forward      car.o
    0x0800206a   0x0800206a   0x00000002   Code   RO         3989    i.NMI_Handler       stm32f10x_it.o
    0x0800206c   0x0800206c   0x00000064   Code   RO          137    i.NVIC_Init         misc.o
    0x080020d0   0x080020d0   0x00000014   Code   RO          138    i.NVIC_PriorityGroupConfig  misc.o
    0x080020e4   0x080020e4   0x00000028   Code   RO         3262    i.OLED_Clear        oled.o
    0x0800210c   0x0800210c   0x0000005c   Code   RO         3263    i.OLED_ClearArea    oled.o
    0x08002168   0x08002168   0x0000005c   Code   RO         3271    i.OLED_GPIO_Init    oled.o
    0x080021c4   0x080021c4   0x0000003a   Code   RO         3273    i.OLED_I2C_SendByte  oled.o
    0x080021fe   0x080021fe   0x0000001e   Code   RO         3274    i.OLED_I2C_Start    oled.o
    0x0800221c   0x0800221c   0x00000018   Code   RO         3275    i.OLED_I2C_Stop     oled.o
    0x08002234   0x08002234   0x0000009c   Code   RO         3276    i.OLED_Init         oled.o
    0x080022d0   0x080022d0   0x0000002a   Code   RO         3279    i.OLED_Printf       oled.o
    0x080022fa   0x080022fa   0x00000022   Code   RO         3282    i.OLED_SetCursor    oled.o
    0x0800231c   0x0800231c   0x0000003c   Code   RO         3284    i.OLED_ShowChar     oled.o
    0x08002358   0x08002358   0x000000b4   Code   RO         3287    i.OLED_ShowImage    oled.o
    0x0800240c   0x0800240c   0x00000188   Code   RO         3290    i.OLED_ShowString   oled.o
    0x08002594   0x08002594   0x00000028   Code   RO         3291    i.OLED_Update       oled.o
    0x080025bc   0x080025bc   0x00000010   Code   RO         3293    i.OLED_W_SCL        oled.o
    0x080025cc   0x080025cc   0x00000010   Code   RO         3294    i.OLED_W_SDA        oled.o
    0x080025dc   0x080025dc   0x00000022   Code   RO         3295    i.OLED_WriteCommand  oled.o
    0x080025fe   0x080025fe   0x00000030   Code   RO         3296    i.OLED_WriteData    oled.o
    0x0800262e   0x0800262e   0x00000002   PAD
    0x08002630   0x08002630   0x000000fc   Code   RO         3775    i.PID_L             pid.o
    0x0800272c   0x0800272c   0x000000fc   Code   RO         3776    i.PID_R             pid.o
    0x08002828   0x08002828   0x000000c8   Code   RO         3777    i.PID_Turn          pid.o
    0x080028f0   0x080028f0   0x000000c8   Code   RO         3604    i.PWM_Init          pwm.o
    0x080029b8   0x080029b8   0x0000000c   Code   RO         3605    i.PWM_SetCompare1   pwm.o
    0x080029c4   0x080029c4   0x0000000c   Code   RO         3606    i.PWM_SetCompare4   pwm.o
    0x080029d0   0x080029d0   0x00000002   Code   RO         3990    i.PendSV_Handler    stm32f10x_it.o
    0x080029d2   0x080029d2   0x00000002   PAD
    0x080029d4   0x080029d4   0x00000014   Code   RO         1773    i.RCC_ADCCLKConfig  stm32f10x_rcc.o
    0x080029e8   0x080029e8   0x0000001c   Code   RO         1775    i.RCC_APB1PeriphClockCmd  stm32f10x_rcc.o
    0x08002a04   0x08002a04   0x0000001c   Code   RO         1777    i.RCC_APB2PeriphClockCmd  stm32f10x_rcc.o
    0x08002a20   0x08002a20   0x000000ac   Code   RO         1785    i.RCC_GetClocksFreq  stm32f10x_rcc.o
    0x08002acc   0x08002acc   0x0000008c   Code   RO         3560    i.RP_Init           rp.o
    0x08002b58   0x08002b58   0x00000078   Code   RO         3833    i.Right_Amend       pid_user.o
    0x08002bd0   0x08002bd0   0x00000002   Code   RO         3991    i.SVC_Handler       stm32f10x_it.o
    0x08002bd2   0x08002bd2   0x00000002   PAD
    0x08002bd4   0x08002bd4   0x000000b8   Code   RO         3654    i.Serial_Init       serial.o
    0x08002c8c   0x08002c8c   0x00000004   Code   RO           24    i.SetSysClock       system_stm32f10x.o
    0x08002c90   0x08002c90   0x000000b0   Code   RO           25    i.SetSysClockTo72   system_stm32f10x.o
    0x08002d40   0x08002d40   0x00000002   Code   RO         3992    i.SysTick_Handler   stm32f10x_it.o
    0x08002d42   0x08002d42   0x00000002   PAD
    0x08002d44   0x08002d44   0x00000050   Code   RO           27    i.SystemInit        system_stm32f10x.o
    0x08002d94   0x08002d94   0x00000074   Code   RO         2405    i.TI1_Config        stm32f10x_tim.o
    0x08002e08   0x08002e08   0x0000007c   Code   RO         2406    i.TI2_Config        stm32f10x_tim.o
    0x08002e84   0x08002e84   0x00000078   Code   RO         2407    i.TI3_Config        stm32f10x_tim.o
    0x08002efc   0x08002efc   0x0000007c   Code   RO         2408    i.TI4_Config        stm32f10x_tim.o
    0x08002f78   0x08002f78   0x0000009c   Code   RO         3778    i.TIM1_UP_IRQHandler  pid.o
    0x08003014   0x08003014   0x00000006   Code   RO         2415    i.TIM_ClearFlag     stm32f10x_tim.o
    0x0800301a   0x0800301a   0x00000006   Code   RO         2416    i.TIM_ClearITPendingBit  stm32f10x_tim.o
    0x08003020   0x08003020   0x00000018   Code   RO         2421    i.TIM_Cmd           stm32f10x_tim.o
    0x08003038   0x08003038   0x00000032   Code   RO         2430    i.TIM_EncoderInterfaceConfig  stm32f10x_tim.o
    0x0800306a   0x0800306a   0x00000004   Code   RO         2440    i.TIM_GetCounter    stm32f10x_tim.o
    0x0800306e   0x0800306e   0x00000018   Code   RO         2442    i.TIM_GetITStatus   stm32f10x_tim.o
    0x08003086   0x08003086   0x00000002   PAD
    0x08003088   0x08003088   0x0000008c   Code   RO         2444    i.TIM_ICInit        stm32f10x_tim.o
    0x08003114   0x08003114   0x00000010   Code   RO         2445    i.TIM_ICStructInit  stm32f10x_tim.o
    0x08003124   0x08003124   0x00000014   Code   RO         2446    i.TIM_ITConfig      stm32f10x_tim.o
    0x08003138   0x08003138   0x0000000a   Code   RO         2448    i.TIM_InternalClockConfig  stm32f10x_tim.o
    0x08003142   0x08003142   0x00000002   PAD
    0x08003144   0x08003144   0x00000088   Code   RO         2450    i.TIM_OC1Init       stm32f10x_tim.o
    0x080031cc   0x080031cc   0x00000068   Code   RO         2465    i.TIM_OC4Init       stm32f10x_tim.o
    0x08003234   0x08003234   0x00000014   Code   RO         2468    i.TIM_OCStructInit  stm32f10x_tim.o
    0x08003248   0x08003248   0x00000004   Code   RO         2482    i.TIM_SetCompare1   stm32f10x_tim.o
    0x0800324c   0x0800324c   0x00000006   Code   RO         2485    i.TIM_SetCompare4   stm32f10x_tim.o
    0x08003252   0x08003252   0x00000004   Code   RO         2486    i.TIM_SetCounter    stm32f10x_tim.o
    0x08003256   0x08003256   0x00000010   Code   RO         2487    i.TIM_SetIC1Prescaler  stm32f10x_tim.o
    0x08003266   0x08003266   0x00000018   Code   RO         2488    i.TIM_SetIC2Prescaler  stm32f10x_tim.o
    0x0800327e   0x0800327e   0x00000010   Code   RO         2489    i.TIM_SetIC3Prescaler  stm32f10x_tim.o
    0x0800328e   0x0800328e   0x00000018   Code   RO         2490    i.TIM_SetIC4Prescaler  stm32f10x_tim.o
    0x080032a6   0x080032a6   0x00000002   PAD
    0x080032a8   0x080032a8   0x0000009c   Code   RO         2492    i.TIM_TimeBaseInit  stm32f10x_tim.o
    0x08003344   0x08003344   0x0000007c   Code   RO         3220    i.Timer_Init        timer.o
    0x080033c0   0x080033c0   0x00000014   Code   RO         3877    i.Turn_LLeft        car.o
    0x080033d4   0x080033d4   0x00000014   Code   RO         3878    i.Turn_LRight       car.o
    0x080033e8   0x080033e8   0x00000014   Code   RO         3879    i.Turn_SLeft        car.o
    0x080033fc   0x080033fc   0x00000014   Code   RO         3880    i.Turn_SRight       car.o
    0x08003410   0x08003410   0x00000034   Code   RO         3733    i.USART2_IRQHandler  jy901.o
    0x08003444   0x08003444   0x00000038   Code   RO         3661    i.USART3_IRQHandler  serial.o
    0x0800347c   0x0800347c   0x00000010   Code   RO         2957    i.USART_ClearITPendingBit  stm32f10x_usart.o
    0x0800348c   0x0800348c   0x00000018   Code   RO         2960    i.USART_Cmd         stm32f10x_usart.o
    0x080034a4   0x080034a4   0x00000040   Code   RO         2964    i.USART_GetITStatus  stm32f10x_usart.o
    0x080034e4   0x080034e4   0x00000036   Code   RO         2966    i.USART_ITConfig    stm32f10x_usart.o
    0x0800351a   0x0800351a   0x00000002   PAD
    0x0800351c   0x0800351c   0x000000bc   Code   RO         2967    i.USART_Init        stm32f10x_usart.o
    0x080035d8   0x080035d8   0x00000008   Code   RO         2974    i.USART_ReceiveData  stm32f10x_usart.o
    0x080035e0   0x080035e0   0x00000002   Code   RO         3993    i.UsageFault_Handler  stm32f10x_it.o
    0x080035e2   0x080035e2   0x00000002   PAD
    0x080035e4   0x080035e4   0x0000014c   Code   RO         3834    i.You_xunji         pid_user.o
    0x08003730   0x08003730   0x0000014c   Code   RO         3835    i.Zuo_xunji         pid_user.o
    0x0800387c   0x0800387c   0x00000028   Code   RO         4308    i.__ARM_fpclassify  m_ws.l(fpclassify.o)
    0x080038a4   0x080038a4   0x0000000e   Code   RO         4183    i._is_digit         c_w.l(__printf_wp.o)
    0x080038b2   0x080038b2   0x00000002   PAD
    0x080038b4   0x080038b4   0x0000007c   Code   RO         3734    i.jy901_ReceiveData  jy901.o
    0x08003930   0x08003930   0x000000ec   Code   RO         3923    i.main              main.o
    0x08003a1c   0x08003a1c   0x0000013c   Code   RO         3836    i.zhuanxiang        pid_user.o
    0x08003b58   0x08003b58   0x000000d4   Code   RO         3837    i.zouzhixian        pid_user.o
    0x08003c2c   0x08003c2c   0x0000002c   Code   RO         4352    locale$$code        c_w.l(lc_numeric_c.o)
    0x08003c58   0x08003c58   0x0000002c   Code   RO         4371    locale$$code        c_w.l(lc_ctype_c.o)
    0x08003c84   0x08003c84   0x00000018   Code   RO         4216    x$fpl$dcmpinf       fz_ws.l(dcmpi.o)
    0x08003c9c   0x08003c9c   0x00000078   Code   RO         4084    x$fpl$dleqf         fz_ws.l(dleqf.o)
    0x08003d14   0x08003d14   0x0000009c   Code   RO         4220    x$fpl$dnaninf       fz_ws.l(dnaninf.o)
    0x08003db0   0x08003db0   0x0000000c   Code   RO         4222    x$fpl$dretinf       fz_ws.l(dretinf.o)
    0x08003dbc   0x08003dbc   0x00000056   Code   RO         4090    x$fpl$f2d           fz_ws.l(f2d.o)
    0x08003e12   0x08003e12   0x00000002   PAD
    0x08003e14   0x08003e14   0x000000c4   Code   RO         4092    x$fpl$fadd          fz_ws.l(faddsub_clz.o)
    0x08003ed8   0x08003ed8   0x0000000c   Code   RO         4226    x$fpl$fcheck1       fz_ws.l(fcheck1.o)
    0x08003ee4   0x08003ee4   0x00000036   Code   RO         4098    x$fpl$ffix          fz_ws.l(ffix.o)
    0x08003f1a   0x08003f1a   0x00000002   PAD
    0x08003f1c   0x08003f1c   0x00000030   Code   RO         4103    x$fpl$fflt          fz_ws.l(fflt_clz.o)
    0x08003f4c   0x08003f4c   0x00000102   Code   RO         4108    x$fpl$fmul          fz_ws.l(fmul.o)
    0x0800404e   0x0800404e   0x0000008c   Code   RO         4228    x$fpl$fnaninf       fz_ws.l(fnaninf.o)
    0x080040da   0x080040da   0x0000000a   Code   RO         4230    x$fpl$fretinf       fz_ws.l(fretinf.o)
    0x080040e4   0x080040e4   0x000000ea   Code   RO         4094    x$fpl$fsub          fz_ws.l(faddsub_clz.o)
    0x080041ce   0x080041ce   0x00000004   Code   RO         4232    x$fpl$printf1       fz_ws.l(printf1.o)
    0x080041d2   0x080041d2   0x00000004   Code   RO         4234    x$fpl$printf2       fz_ws.l(printf2.o)
    0x080041d6   0x080041d6   0x00000064   Code   RO         4304    x$fpl$retnan        fz_ws.l(retnan.o)
    0x0800423a   0x0800423a   0x0000004c   Code   RO         4110    x$fpl$scalbnf       fz_ws.l(scalbnf.o)
    0x08004286   0x08004286   0x00000030   Code   RO         4366    x$fpl$trapveneer    fz_ws.l(trapv.o)
    0x080042b6   0x080042b6   0x00000000   Code   RO         4240    x$fpl$usenofp       fz_ws.l(usenofp.o)
    0x080042b6   0x080042b6   0x000005f0   Data   RO         3508    .constdata          oled_data.o
    0x080048a6   0x080048a6   0x0000023a   Data   RO         3509    .constdata          oled_data.o
    0x08004ae0   0x08004ae0   0x00000103   Data   RO         3510    .constdata          oled_data.o
    0x08004be3   0x08004be3   0x00000001   PAD
    0x08004be4   0x08004be4   0x00000008   Data   RO         4142    .constdata          c_w.l(_printf_wctomb.o)
    0x08004bec   0x08004bec   0x00000028   Data   RO         4171    .constdata          c_w.l(_printf_hex_int_ll_ptr.o)
    0x08004c14   0x08004c14   0x00000011   Data   RO         4191    .constdata          c_w.l(__printf_flags_ss_wp.o)
    0x08004c25   0x08004c25   0x00000026   Data   RO         4293    .constdata          c_w.l(_printf_fp_hex.o)
    0x08004c4b   0x08004c4b   0x00000001   PAD
    0x08004c4c   0x08004c4c   0x00000094   Data   RO         4327    .constdata          c_w.l(bigflt0.o)
    0x08004ce0   0x08004ce0   0x00000020   Data   RO         4497    Region$$Table       anon$$obj.o
    0x08004d00   0x08004d00   0x0000001c   Data   RO         4351    locale$$data        c_w.l(lc_numeric_c.o)
    0x08004d1c   0x08004d1c   0x00000110   Data   RO         4370    locale$$data        c_w.l(lc_ctype_c.o)


    Execution Region RW_IRAM1 (Exec base: 0x20000000, Load base: 0x08004e2c, Size: 0x00000b20, Max: 0x00005000, ABSOLUTE)

    Exec Addr    Load Addr    Size         Type   Attr      Idx    E Section Name        Object

    0x20000000   0x08004e2c   0x00000014   Data   RW         1805    .data               stm32f10x_rcc.o
    0x20000014   0x08004e40   0x00000002   Data   RW         3663    .data               serial.o
    0x20000016   0x08004e42   0x00000002   PAD
    0x20000018   0x08004e44   0x00000010   Data   RW         3736    .data               jy901.o
    0x20000028   0x08004e54   0x0000007c   Data   RW         3779    .data               pid.o
    0x200000a4   0x08004ed0   0x0000000c   Data   RW         3925    .data               main.o
    0x200000b0   0x08004edc   0x00000002   Data   RW         3927    .data               main.o
    0x200000b2   0x08004ede   0x00000002   PAD
    0x200000b4        -       0x00000400   Zero   RW         3298    .bss                oled.o
    0x200004b4        -       0x0000000b   Zero   RW         3735    .bss                jy901.o
    0x200004bf   0x08004ede   0x00000001   PAD
    0x200004c0        -       0x00000060   Zero   RW         4313    .bss                c_w.l(libspace.o)
    0x20000520        -       0x00000200   Zero   RW            2    HEAP                startup_stm32f10x_md.o
    0x20000720        -       0x00000400   Zero   RW            1    STACK               startup_stm32f10x_md.o


==============================================================================

Image component sizes


      Code (inc. data)   RO Data    RW Data    ZI Data      Debug   Object Name

        98          0          0          0          0       2169   car.o
         0          0          0          0          0       4500   core_cm3.o
        56          0          0          0          0        922   delay.o
       352         26          0          0          0       1663   encoder.o
       476         34          0         16         11       3148   jy901.o
       236         62          0         14          0        847   main.o
       120         14          0          0          0     213775   misc.o
       192         16          0          0          0       1573   motor.o
      1354         50          0          0       1024      11373   oled.o
         0          0       2349          0          0       1058   oled_data.o
       860        104          0        124          0       3524   pid.o
      1432        312          0          0          0       3605   pid_user.o
       224         16          0          0          0       1523   pwm.o
       140         10          0          0          0        570   rp.o
       240         18          0          2          0       1400   serial.o
        64         26        236          0       1536        812   startup_stm32f10x_md.o
       144         10          0          0          0      15914   stm32f10x_adc.o
       200          0          0          0          0      12392   stm32f10x_gpio.o
        18          0          0          0          0       3658   stm32f10x_it.o
       248         36          0         20          0      13597   stm32f10x_rcc.o
      1294        180          0          0          0      36118   stm32f10x_tim.o
       354          6          0          0          0      11644   stm32f10x_usart.o
       260         26          0          0          0      45141   system_stm32f10x.o
       124          6          0          0          0        537   timer.o

    ----------------------------------------------------------------------
      8510        952       2618        180       2572     391463   Object Totals
         0          0         32          0          0          0   (incl. Generated)
        24          0          1          4          1          0   (incl. Padding)

    ----------------------------------------------------------------------

      Code (inc. data)   RO Data    RW Data    ZI Data      Debug   Library Member Name

         8          0          0          0          0         68   __main.o
       392          4         17          0          0         92   __printf_flags_ss_wp.o
        14          0          0          0          0         68   __printf_wp.o
         0          0          0          0          0          0   __rtentry.o
        12          0          0          0          0          0   __rtentry2.o
         6          0          0          0          0          0   __rtentry4.o
        52          8          0          0          0          0   __scatter.o
        26          0          0          0          0          0   __scatter_copy.o
        28          0          0          0          0          0   __scatter_zi.o
         6          0          0          0          0          0   _printf_a.o
         6          0          0          0          0          0   _printf_c.o
        44          0          0          0          0        108   _printf_char.o
        48          6          0          0          0         96   _printf_char_common.o
        40          0          0          0          0         68   _printf_charcount.o
         6          0          0          0          0          0   _printf_d.o
       120         16          0          0          0         92   _printf_dec.o
         6          0          0          0          0          0   _printf_e.o
         6          0          0          0          0          0   _printf_f.o
      1054          0          0          0          0        216   _printf_fp_dec.o
       764          8         38          0          0        100   _printf_fp_hex.o
       128         16          0          0          0         84   _printf_fp_infnan.o
         6          0          0          0          0          0   _printf_g.o
       148          4         40          0          0        160   _printf_hex_int_ll_ptr.o
         6          0          0          0          0          0   _printf_i.o
       178          0          0          0          0         88   _printf_intcommon.o
        10          0          0          0          0          0   _printf_l.o
         6          0          0          0          0          0   _printf_lc.o
        10          0          0          0          0          0   _printf_ll.o
         6          0          0          0          0          0   _printf_lld.o
         6          0          0          0          0          0   _printf_lli.o
         6          0          0          0          0          0   _printf_llo.o
         6          0          0          0          0          0   _printf_llu.o
         6          0          0          0          0          0   _printf_llx.o
       124         16          0          0          0         92   _printf_longlong_dec.o
         6          0          0          0          0          0   _printf_ls.o
         6          0          0          0          0          0   _printf_n.o
         6          0          0          0          0          0   _printf_o.o
       112         10          0          0          0        124   _printf_oct_int_ll.o
         6          0          0          0          0          0   _printf_p.o
        78          0          0          0          0        108   _printf_pad.o
         0          0          0          0          0          0   _printf_percent.o
         4          0          0          0          0          0   _printf_percent_end.o
         6          0          0          0          0          0   _printf_s.o
        82          0          0          0          0         80   _printf_str.o
        36          0          0          0          0         84   _printf_truncate.o
         6          0          0          0          0          0   _printf_u.o
        44          0          0          0          0        108   _printf_wchar.o
       188          6          8          0          0         92   _printf_wctomb.o
         6          0          0          0          0          0   _printf_x.o
        10          0          0          0          0         68   _sputc.o
        64          0          0          0          0         92   _wcrtomb.o
       228          4        148          0          0         96   bigflt0.o
      1936        128          0          0          0        672   btod.o
        18          0          0          0          0         80   exit.o
         6          0          0          0          0        152   heapauxi.o
         0          0          0          0          0          0   indicate_semi.o
        44         10        272          0          0         76   lc_ctype_c.o
        44         10         28          0          0         76   lc_numeric_c.o
         2          0          0          0          0          0   libinit.o
        30          0          0          0          0          0   libinit2.o
         2          0          0          0          0          0   libshutdown.o
         2          0          0          0          0          0   libshutdown2.o
         8          4          0          0         96         68   libspace.o
       138          0          0          0          0         80   lludiv10.o
        16          4          0          0          0         76   rt_ctype_table.o
         8          4          0          0          0         68   rt_locale_intlibspace.o
         2          0          0          0          0          0   rtexit.o
        10          0          0          0          0          0   rtexit2.o
       128          0          0          0          0         68   strcmpv7m.o
        12          4          0          0          0         68   sys_exit.o
        74          0          0          0          0         80   sys_stackheap_outer.o
         2          0          0          0          0         68   use_no_semi.o
        36          4          0          0          0         76   vsprintf.o
        24          0          0          0          0         68   dcmpi.o
       120          4          0          0          0         92   dleqf.o
       156          4          0          0          0         92   dnaninf.o
        12          0          0          0          0         68   dretinf.o
        86          4          0          0          0         84   f2d.o
       430          8          0          0          0        168   faddsub_clz.o
        12          4          0          0          0         68   fcheck1.o
        54          4          0          0          0         84   ffix.o
        48          0          0          0          0         68   fflt_clz.o
       258          4          0          0          0         84   fmul.o
       140          4          0          0          0         84   fnaninf.o
        10          0          0          0          0         68   fretinf.o
         4          0          0          0          0         68   printf1.o
         4          0          0          0          0         68   printf2.o
       100          0          0          0          0         68   retnan.o
        76          0          0          0          0         68   scalbnf.o
        48          0          0          0          0         68   trapv.o
         0          0          0          0          0          0   usenofp.o
        40          0          0          0          0         68   fpclassify.o

    ----------------------------------------------------------------------
      8332        302        552          0         96       5328   Library Totals
        20          0          1          0          0          0   (incl. Padding)

    ----------------------------------------------------------------------

      Code (inc. data)   RO Data    RW Data    ZI Data      Debug   Library Name

      6690        266        551          0         96       3892   c_w.l
      1582         36          0          0          0       1368   fz_ws.l
        40          0          0          0          0         68   m_ws.l

    ----------------------------------------------------------------------
      8332        302        552          0         96       5328   Library Totals

    ----------------------------------------------------------------------

==============================================================================


      Code (inc. data)   RO Data    RW Data    ZI Data      Debug   

     16842       1254       3170        180       2668     388155   Grand Totals
     16842       1254       3170        180       2668     388155   ELF Image Totals
     16842       1254       3170        180          0          0   ROM Totals

==============================================================================

    Total RO  Size (Code + RO Data)                20012 (  19.54kB)
    Total RW  Size (RW Data + ZI Data)              2848 (   2.78kB)
    Total ROM Size (Code + RO Data + RW Data)      20192 (  19.72kB)

==============================================================================

