Component: ARM Compiler 5.06 update 5 (build 528) Tool: armlink [4d35e2]

==============================================================================

Section Cross References

    startup_stm32f10x_md.o(STACK) refers (Special) to heapauxi.o(.text) for __use_two_region_memory
    startup_stm32f10x_md.o(HEAP) refers (Special) to heapauxi.o(.text) for __use_two_region_memory
    startup_stm32f10x_md.o(RESET) refers (Special) to heapauxi.o(.text) for __use_two_region_memory
    startup_stm32f10x_md.o(RESET) refers to startup_stm32f10x_md.o(STACK) for __initial_sp
    startup_stm32f10x_md.o(RESET) refers to startup_stm32f10x_md.o(.text) for Reset_Handler
    startup_stm32f10x_md.o(RESET) refers to stm32f10x_it.o(i.NMI_Handler) for NMI_Handler
    startup_stm32f10x_md.o(RESET) refers to stm32f10x_it.o(i.HardFault_Handler) for HardFault_Handler
    startup_stm32f10x_md.o(RESET) refers to stm32f10x_it.o(i.MemManage_Handler) for MemManage_Handler
    startup_stm32f10x_md.o(RESET) refers to stm32f10x_it.o(i.BusFault_Handler) for BusFault_Handler
    startup_stm32f10x_md.o(RESET) refers to stm32f10x_it.o(i.UsageFault_Handler) for UsageFault_Handler
    startup_stm32f10x_md.o(RESET) refers to stm32f10x_it.o(i.SVC_Handler) for SVC_Handler
    startup_stm32f10x_md.o(RESET) refers to stm32f10x_it.o(i.DebugMon_Handler) for DebugMon_Handler
    startup_stm32f10x_md.o(RESET) refers to stm32f10x_it.o(i.PendSV_Handler) for PendSV_Handler
    startup_stm32f10x_md.o(RESET) refers to stm32f10x_it.o(i.SysTick_Handler) for SysTick_Handler
    startup_stm32f10x_md.o(RESET) refers to pid.o(i.TIM1_UP_IRQHandler) for TIM1_UP_IRQHandler
    startup_stm32f10x_md.o(RESET) refers to jy901.o(i.USART2_IRQHandler) for USART2_IRQHandler
    startup_stm32f10x_md.o(RESET) refers to serial.o(i.USART3_IRQHandler) for USART3_IRQHandler
    startup_stm32f10x_md.o(.text) refers (Special) to heapauxi.o(.text) for __use_two_region_memory
    startup_stm32f10x_md.o(.text) refers to system_stm32f10x.o(i.SystemInit) for SystemInit
    startup_stm32f10x_md.o(.text) refers to __main.o(!!!main) for __main
    startup_stm32f10x_md.o(.text) refers to startup_stm32f10x_md.o(HEAP) for Heap_Mem
    startup_stm32f10x_md.o(.text) refers to startup_stm32f10x_md.o(STACK) for Stack_Mem
    system_stm32f10x.o(i.SetSysClock) refers to system_stm32f10x.o(i.SetSysClockTo72) for SetSysClockTo72
    system_stm32f10x.o(i.SystemCoreClockUpdate) refers to system_stm32f10x.o(.data) for SystemCoreClock
    system_stm32f10x.o(i.SystemInit) refers to system_stm32f10x.o(i.SetSysClock) for SetSysClock
    stm32f10x_adc.o(i.ADC_DeInit) refers to stm32f10x_rcc.o(i.RCC_APB2PeriphResetCmd) for RCC_APB2PeriphResetCmd
    stm32f10x_bkp.o(i.BKP_DeInit) refers to stm32f10x_rcc.o(i.RCC_BackupResetCmd) for RCC_BackupResetCmd
    stm32f10x_can.o(i.CAN_DeInit) refers to stm32f10x_rcc.o(i.RCC_APB1PeriphResetCmd) for RCC_APB1PeriphResetCmd
    stm32f10x_can.o(i.CAN_GetITStatus) refers to stm32f10x_can.o(i.CheckITStatus) for CheckITStatus
    stm32f10x_cec.o(i.CEC_DeInit) refers to stm32f10x_rcc.o(i.RCC_APB1PeriphResetCmd) for RCC_APB1PeriphResetCmd
    stm32f10x_dac.o(i.DAC_DeInit) refers to stm32f10x_rcc.o(i.RCC_APB1PeriphResetCmd) for RCC_APB1PeriphResetCmd
    stm32f10x_flash.o(i.FLASH_EnableWriteProtection) refers to stm32f10x_flash.o(i.FLASH_WaitForLastOperation) for FLASH_WaitForLastOperation
    stm32f10x_flash.o(i.FLASH_EraseAllBank1Pages) refers to stm32f10x_flash.o(i.FLASH_WaitForLastBank1Operation) for FLASH_WaitForLastBank1Operation
    stm32f10x_flash.o(i.FLASH_EraseAllPages) refers to stm32f10x_flash.o(i.FLASH_WaitForLastOperation) for FLASH_WaitForLastOperation
    stm32f10x_flash.o(i.FLASH_EraseOptionBytes) refers to stm32f10x_flash.o(i.FLASH_GetReadOutProtectionStatus) for FLASH_GetReadOutProtectionStatus
    stm32f10x_flash.o(i.FLASH_EraseOptionBytes) refers to stm32f10x_flash.o(i.FLASH_WaitForLastOperation) for FLASH_WaitForLastOperation
    stm32f10x_flash.o(i.FLASH_ErasePage) refers to stm32f10x_flash.o(i.FLASH_WaitForLastOperation) for FLASH_WaitForLastOperation
    stm32f10x_flash.o(i.FLASH_ProgramHalfWord) refers to stm32f10x_flash.o(i.FLASH_WaitForLastOperation) for FLASH_WaitForLastOperation
    stm32f10x_flash.o(i.FLASH_ProgramOptionByteData) refers to stm32f10x_flash.o(i.FLASH_WaitForLastOperation) for FLASH_WaitForLastOperation
    stm32f10x_flash.o(i.FLASH_ProgramWord) refers to stm32f10x_flash.o(i.FLASH_WaitForLastOperation) for FLASH_WaitForLastOperation
    stm32f10x_flash.o(i.FLASH_ReadOutProtection) refers to stm32f10x_flash.o(i.FLASH_WaitForLastOperation) for FLASH_WaitForLastOperation
    stm32f10x_flash.o(i.FLASH_UserOptionByteConfig) refers to stm32f10x_flash.o(i.FLASH_WaitForLastOperation) for FLASH_WaitForLastOperation
    stm32f10x_flash.o(i.FLASH_WaitForLastBank1Operation) refers to stm32f10x_flash.o(i.FLASH_GetBank1Status) for FLASH_GetBank1Status
[...]
    i.TIM_SetCompare4                        0x080036b8   Section        0  stm32f10x_tim.o(i.TIM_SetCompare4)
    i.TIM_SetCounter                         0x080036be   Section        0  stm32f10x_tim.o(i.TIM_SetCounter)
    i.TIM_SetIC1Prescaler                    0x080036c2   Section        0  stm32f10x_tim.o(i.TIM_SetIC1Prescaler)
    i.TIM_SetIC2Prescaler                    0x080036d4   Section        0  stm32f10x_tim.o(i.TIM_SetIC2Prescaler)
    i.TIM_SetIC3Prescaler                    0x080036ee   Section        0  stm32f10x_tim.o(i.TIM_SetIC3Prescaler)
    i.TIM_SetIC4Prescaler                    0x08003700   Section        0  stm32f10x_tim.o(i.TIM_SetIC4Prescaler)
    i.TIM_TimeBaseInit                       0x0800371c   Section        0  stm32f10x_tim.o(i.TIM_TimeBaseInit)
    i.Timer_Init                             0x080037c0   Section        0  timer.o(i.Timer_Init)
    i.Turn_LLeft                             0x0800383c   Section        0  car.o(i.Turn_LLeft)
    i.Turn_LRight                            0x0800384e   Section        0  car.o(i.Turn_LRight)
    i.Turn_SLeft                             0x08003860   Section        0  car.o(i.Turn_SLeft)
    i.Turn_SRight                            0x08003872   Section        0  car.o(i.Turn_SRight)
    i.Turn_circle                            0x08003884   Section        0  car.o(i.Turn_circle)
    i.USART2_IRQHandler                      0x08003898   Section        0  jy901.o(i.USART2_IRQHandler)
    i.USART3_IRQHandler                      0x080038c8   Section        0  serial.o(i.USART3_IRQHandler)
    i.USART_ClearITPendingBit                0x08003900   Section        0  stm32f10x_usart.o(i.USART_ClearITPendingBit)
    i.USART_Cmd                              0x0800391e   Section        0  stm32f10x_usart.o(i.USART_Cmd)
    i.USART_GetITStatus                      0x08003936   Section        0  stm32f10x_usart.o(i.USART_GetITStatus)
    i.USART_ITConfig                         0x0800398a   Section        0  stm32f10x_usart.o(i.USART_ITConfig)
    i.USART_Init                             0x080039d4   Section        0  stm32f10x_usart.o(i.USART_Init)
    i.USART_ReceiveData                      0x08003aac   Section        0  stm32f10x_usart.o(i.USART_ReceiveData)
    i.UsageFault_Handler                     0x08003ab6   Section        0  stm32f10x_it.o(i.UsageFault_Handler)
    i.__ARM_fpclassify                       0x08003aba   Section        0  fpclassify.o(i.__ARM_fpclassify)
    i._is_digit                              0x08003ae2   Section        0  __printf_wp.o(i._is_digit)
    i.jy901_ReceiveData                      0x08003af0   Section        0  jy901.o(i.jy901_ReceiveData)
    i.main                                   0x08003ba0   Section        0  main.o(i.main)
    locale$$code                             0x080040c4   Section       44  lc_numeric_c.o(locale$$code)
    locale$$code                             0x080040f0   Section       44  lc_ctype_c.o(locale$$code)
    x$fpl$dcmpinf                            0x0800411c   Section       24  dcmpi.o(x$fpl$dcmpinf)
    x$fpl$dleqf                              0x08004134   Section      120  dleqf.o(x$fpl$dleqf)
    x$fpl$dnaninf                            0x080041ac   Section      156  dnaninf.o(x$fpl$dnaninf)
    x$fpl$dretinf                            0x08004248   Section       12  dretinf.o(x$fpl$dretinf)
    x$fpl$f2d                                0x08004254   Section       86  f2d.o(x$fpl$f2d)
    x$fpl$fadd                               0x080042ac   Section      196  faddsub_clz.o(x$fpl$fadd)
    _fadd1                                   0x080042bb   Thumb Code     0  faddsub_clz.o(x$fpl$fadd)
    x$fpl$fcmpinf                            0x08004370   Section       24  fcmpi.o(x$fpl$fcmpinf)
    x$fpl$fdiv                               0x08004388   Section      388  fdiv.o(x$fpl$fdiv)
    _fdiv1                                   0x08004389   Thumb Code     0  fdiv.o(x$fpl$fdiv)
    x$fpl$feqf                               0x0800450c   Section      104  feqf.o(x$fpl$feqf)
    x$fpl$ffix                               0x08004574   Section       54  ffix.o(x$fpl$ffix)
    x$fpl$fflt                               0x080045ac   Section       48  fflt_clz.o(x$fpl$fflt)
    x$fpl$fleqf                              0x080045dc   Section      104  fleqf.o(x$fpl$fleqf)
    x$fpl$fmul                               0x08004644   Section      258  fmul.o(x$fpl$fmul)
    x$fpl$fnaninf                            0x08004746   Section      140  fnaninf.o(x$fpl$fnaninf)
    x$fpl$fretinf                            0x080047d2   Section       10  fretinf.o(x$fpl$fretinf)
    x$fpl$frleqf                             0x080047dc   Section       98  frleqf.o(x$fpl$frleqf)
    x$fpl$fsub                               0x08004840   Section      234  faddsub_clz.o(x$fpl$fsub)
    _fsub1                                   0x0800484f   Thumb Code     0  faddsub_clz.o(x$fpl$fsub)
    x$fpl$printf1                            0x0800492a   Section        4  printf1.o(x$fpl$printf1)
    x$fpl$printf2                            0x0800492e   Section        4  printf2.o(x$fpl$printf2)
    .constdata                               0x08004932   Section     2381  oled_data.o(.constdata)
    x$fpl$usenofp                            0x08004932   Section        0  usenofp.o(x$fpl$usenofp)
    .constdata                               0x08005280   Section        8  _printf_wctomb.o(.constdata)
    initial_mbstate                          0x08005280   Data           8  _printf_wctomb.o(.constdata)
    .constdata                               0x08005288   Section       40  _printf_hex_int_ll_ptr.o(.constdata)
    uc_hextab                                0x08005288   Data          20  _printf_hex_int_ll_ptr.o(.constdata)
    lc_hextab                                0x0800529c   Data          20  _printf_hex_int_ll_ptr.o(.constdata)
    .constdata                               0x080052b0   Section       17  __printf_flags_ss_wp.o(.constdata)
    maptable                                 0x080052b0   Data          17  __printf_flags_ss_wp.o(.constdata)
    .constdata                               0x080052c1   Section       38  _printf_fp_hex.o(.constdata)
    lc_hextab                                0x080052c1   Data          19  _printf_fp_hex.o(.constdata)
    uc_hextab                                0x080052d4   Data          19  _printf_fp_hex.o(.constdata)
    .constdata                               0x080052e8   Section      148  bigflt0.o(.constdata)
    tenpwrs_x                                0x080052e8   Data          60  bigflt0.o(.constdata)
    tenpwrs_i                                0x08005324   Data          64  bigflt0.o(.constdata)
    locale$$data                             0x0800539c   Section       28  lc_numeric_c.o(locale$$data)
    __lcnum_c_name                           0x080053a0   Data           2  lc_numeric_c.o(locale$$data)
    __lcnum_c_start                          0x080053a8   Data           0  lc_numeric_c.o(locale$$data)
    __lcnum_c_point                          0x080053b4   Data           0  lc_numeric_c.o(locale$$data)
    __lcnum_c_thousands                      0x080053b6   Data           0  lc_numeric_c.o(locale$$data)
    __lcnum_c_grouping                       0x080053b7   Data           0  lc_numeric_c.o(locale$$data)
    locale$$data                             0x080053b8   Section      272  lc_ctype_c.o(locale$$data)
    __lcnum_c_end                            0x080053b8   Data           0  lc_numeric_c.o(locale$$data)
    __lcctype_c_name                         0x080053bc   Data           2  lc_ctype_c.o(locale$$data)
    __lcctype_c_start                        0x080053c4   Data           0  lc_ctype_c.o(locale$$data)
    __lcctype_c_end                          0x080054c8   Data           0  lc_ctype_c.o(locale$$data)
    .data                                    0x20000000   Section       20  stm32f10x_rcc.o(.data)
    APBAHBPrescTable                         0x20000000   Data          16  stm32f10x_rcc.o(.data)
    ADCPrescTable                            0x20000010   Data           4  stm32f10x_rcc.o(.data)
    .data                                    0x20000014   Section        2  serial.o(.data)
    .data                                    0x20000018   Section       28  jy901.o(.data)
    RxState                                  0x20000018   Data           1  jy901.o(.data)
    RxIndex                                  0x20000019   Data           1  jy901.o(.data)
    .data                                    0x20000034   Section      130  pid.o(.data)
    Count1                                   0x200000b2   Data           2  pid.o(.data)
    Count2                                   0x200000b4   Data           2  pid.o(.data)
    .data                                    0x200000b8   Section       20  main.o(.data)
    .bss                                     0x200000cc   Section     1024  oled.o(.bss)
    .bss                                     0x200004cc   Section       11  jy901.o(.bss)
    RxBuffer                                 0x200004cc   Data          11  jy901.o(.bss)
    .bss                                     0x200004d8   Section       96  libspace.o(.bss)
    HEAP                                     0x20000538   Section      512  startup_stm32f10x_md.o(HEAP)
    Heap_Mem                                 0x20000538   Data         512  startup_stm32f10x_md.o(HEAP)
    STACK                                    0x20000738   Section     1024  startup_stm32f10x_md.o(STACK)
    Stack_Mem                                0x20000738   Data        1024  startup_stm32f10x_md.o(STACK)
    __initial_sp                             0x20000b38   Data           0  startup_stm32f10x_md.o(STACK)

    Global Symbols

    Symbol Name                              Value     Ov Type        Size  Object(Section)

    BuildAttributes$$THM_ISAv4$P$D$K$B$S$PE$A:L22UL41UL21$X:L11$S22US41US21$IEEE1$IW$USESV6$~STKCKD$USESV7$~SHL$OTIME$ROPI$IEEEX$EBA8$UX$STANDARDLIB$REQ8$PRES8$EABIv2 0x00000000   Number         0  anon$$obj.o ABSOLUTE
    __ARM_use_no_argv                        0x00000000   Number         0  main.o ABSOLUTE
    _printf_flags                            0x00000000   Number         0  printf_stubs.o ABSOLUTE
    _printf_return_value                     0x00000000   Number         0  printf_stubs.o ABSOLUTE
    _printf_sizespec                         0x00000000   Number         0  printf_stubs.o ABSOLUTE
    _printf_widthprec                        0x00000000   Number         0  printf_stubs.o ABSOLUTE
    __ARM_exceptions_init                     - Undefined Weak Reference
    __alloca_initialize                       - Undefined Weak Reference
    __arm_preinit_                            - Undefined Weak Reference
    __cpp_initialize__aeabi_                  - Undefined Weak Reference
    __cxa_finalize                            - Undefined Weak Reference
    __sigvec_lookup                           - Undefined Weak Reference
    _atexit_init                              - Undefined Weak Reference
    _call_atexit_fns                          - Undefined Weak Reference
    _clock_init                               - Undefined Weak Reference
    _fp_trap_init                             - Undefined Weak Reference
    _fp_trap_shutdown                         - Undefined Weak Reference
    _get_lc_collate                           - Undefined Weak Reference
    _get_lc_monetary                          - Undefined Weak Reference
    _get_lc_time                              - Undefined Weak Reference
    _getenv_init                              - Undefined Weak Reference
    _handle_redirection                       - Undefined Weak Reference
    _init_alloc                               - Undefined Weak Reference
    _init_user_alloc                          - Undefined Weak Reference
    _initio                                   - Undefined Weak Reference
    _printf_mbtowc                            - Undefined Weak Reference
    _printf_wc                                - Undefined Weak Reference
    _rand_init                                - Undefined Weak Reference
    _signal_finish                            - Undefined Weak Reference
    _signal_init                              - Undefined Weak Reference
    _terminate_alloc                          - Undefined Weak Reference
    _terminate_user_alloc                     - Undefined Weak Reference
    _terminateio                              - Undefined Weak Reference
    __Vectors_Size                           0x000000ec   Number         0  startup_stm32f10x_md.o ABSOLUTE
    __Vectors                                0x08000000   Data           4  startup_stm32f10x_md.o(RESET)
    __Vectors_End                            0x080000ec   Data           0  startup_stm32f10x_md.o(RESET)
    __main                                   0x080000ed   Thumb Code     8  __main.o(!!!main)
    __scatterload                            0x080000f5   Thumb Code     0  __scatter.o(!!!scatter)
    __scatterload_rt2                        0x080000f5   Thumb Code    44  __scatter.o(!!!scatter)
    __scatterload_rt2_thumb_only             0x080000f5   Thumb Code     0  __scatter.o(!!!scatter)
    __scatterload_null                       0x08000103   Thumb Code     0  __scatter.o(!!!scatter)
    __scatterload_copy                       0x08000129   Thumb Code    26  __scatter_copy.o(!!handler_copy)
    __scatterload_zeroinit                   0x08000145   Thumb Code    28  __scatter_zi.o(!!handler_zi)
    _printf_n                                0x08000161   Thumb Code     0  _printf_n.o(.ARM.Collect$$_printf_percent$$00000001)
    _printf_percent                          0x08000161   Thumb Code     0  _printf_percent.o(.ARM.Collect$$_printf_percent$$00000000)
    _printf_p                                0x08000167   Thumb Code     0  _printf_p.o(.ARM.Collect$$_printf_percent$$00000002)
    _printf_f                                0x0800016d   Thumb Code     0  _printf_f.o(.ARM.Collect$$_printf_percent$$00000003)
    _printf_e                                0x08000173   Thumb Code     0  _printf_e.o(.ARM.Collect$$_printf_percent$$00000004)
    _printf_g                                0x08000179   Thumb Code     0  _printf_g.o(.ARM.Collect$$_printf_percent$$00000005)
    _printf_a                                0x0800017f   Thumb Code     0  _printf_a.o(.ARM.Collect$$_printf_percent$$00000006)
    _printf_ll                               0x08000185   Thumb Code     0  _printf_ll.o(.ARM.Collect$$_printf_percent$$00000007)
    _printf_i                                0x0800018f   Thumb Code     0  _printf_i.o(.ARM.Collect$$_printf_percent$$00000008)
    _printf_d                                0x08000195   Thumb Code     0  _printf_d.o(.ARM.Collect$$_printf_percent$$00000009)
    _printf_u                                0x0800019b   Thumb Code     0  _printf_u.o(.ARM.Collect$$_printf_percent$$0000000A)
    _printf_o                                0x080001a1   Thumb Code     0  _printf_o.o(.ARM.Collect$$_printf_percent$$0000000B)
    _printf_x                                0x080001a7   Thumb Code     0  _printf_x.o(.ARM.Collect$$_printf_percent$$0000000C)
    _printf_lli                              0x080001ad   Thumb Code     0  _printf_lli.o(.ARM.Collect$$_printf_percent$$0000000D)
    _printf_lld                              0x080001b3   Thumb Code     0  _printf_lld.o(.ARM.Collect$$_printf_percent$$0000000E)
    _printf_llu                              0x080001b9   Thumb Code     0  _printf_llu.o(.ARM.Collect$$_printf_percent$$0000000F)
    _printf_llo                              0x080001bf   Thumb Code     0  _printf_llo.o(.ARM.Collect$$_printf_percent$$00000010)
    _printf_llx                              0x080001c5   Thumb Code     0  _printf_llx.o(.ARM.Collect$$_printf_percent$$00000011)
    _printf_l                                0x080001cb   Thumb Code     0  _printf_l.o(.ARM.Collect$$_printf_percent$$00000012)
    _printf_c                                0x080001d5   Thumb Code     0  _printf_c.o(.ARM.Collect$$_printf_percent$$00000013)
    _printf_s                                0x080001db   Thumb Code     0  _printf_s.o(.ARM.Collect$$_printf_percent$$00000014)
    _printf_lc                               0x080001e1   Thumb Code     0  _printf_lc.o(.ARM.Collect$$_printf_percent$$00000015)
    _printf_ls                               0x080001e7   Thumb Code     0  _printf_ls.o(.ARM.Collect$$_printf_percent$$00000016)
    _printf_percent_end                      0x080001ed   Thumb Code     0  _printf_percent_end.o(.ARM.Collect$$_printf_percent$$00000017)
    __rt_lib_init                            0x080001f1   Thumb Code     0  libinit.o(.ARM.Collect$$libinit$$00000000)
    __rt_lib_init_fp_1                       0x080001f3   Thumb Code     0  libinit2.o(.ARM.Collect$$libinit$$00000002)
    __rt_lib_init_heap_1                     0x080001f3   Thumb Code     0  libinit2.o(.ARM.Collect$$libinit$$0000000A)
    __rt_lib_init_lc_common                  0x080001f3   Thumb Code     0  libinit2.o(.ARM.Collect$$libinit$$0000000F)
    __rt_lib_init_preinit_1                  0x080001f3   Thumb Code     0  libinit2.o(.ARM.Collect$$libinit$$00000004)
    __rt_lib_init_rand_1                     0x080001f3   Thumb Code     0  libinit2.o(.ARM.Collect$$libinit$$0000000E)
    __rt_lib_init_user_alloc_1               0x080001f3   Thumb Code     0  libinit2.o(.ARM.Collect$$libinit$$0000000C)
    __rt_lib_init_lc_collate_1               0x080001f9   Thumb Code     0  libinit2.o(.ARM.Collect$$libinit$$00000011)
    __rt_lib_init_lc_ctype_2                 0x080001f9   Thumb Code     0  libinit2.o(.ARM.Collect$$libinit$$00000012)
    __rt_lib_init_lc_ctype_1                 0x08000205   Thumb Code     0  libinit2.o(.ARM.Collect$$libinit$$00000013)
    __rt_lib_init_lc_monetary_1              0x08000205   Thumb Code     0  libinit2.o(.ARM.Collect$$libinit$$00000015)
    __rt_lib_init_lc_numeric_2               0x08000205   Thumb Code     0  libinit2.o(.ARM.Collect$$libinit$$00000016)
    __rt_lib_init_alloca_1                   0x0800020f   Thumb Code     0  libinit2.o(.ARM.Collect$$libinit$$0000002E)
    __rt_lib_init_argv_1                     0x0800020f   Thumb Code     0  libinit2.o(.ARM.Collect$$libinit$$0000002C)
    __rt_lib_init_atexit_1                   0x0800020f   Thumb Code     0  libinit2.o(.ARM.Collect$$libinit$$0000001B)
    __rt_lib_init_clock_1                    0x0800020f   Thumb Code     0  libinit2.o(.ARM.Collect$$libinit$$00000021)
    __rt_lib_init_cpp_1                      0x0800020f   Thumb Code     0  libinit2.o(.ARM.Collect$$libinit$$00000032)
    __rt_lib_init_exceptions_1               0x0800020f   Thumb Code     0  libinit2.o(.ARM.Collect$$libinit$$00000030)
    __rt_lib_init_fp_trap_1                  0x0800020f   Thumb Code     0  libinit2.o(.ARM.Collect$$libinit$$0000001F)
    __rt_lib_init_getenv_1                   0x0800020f   Thumb Code     0  libinit2.o(.ARM.Collect$$libinit$$00000023)
    __rt_lib_init_lc_numeric_1               0x0800020f   Thumb Code     0  libinit2.o(.ARM.Collect$$libinit$$00000017)
    __rt_lib_init_lc_time_1                  0x0800020f   Thumb Code     0  libinit2.o(.ARM.Collect$$libinit$$00000019)
    __rt_lib_init_return                     0x0800020f   Thumb Code     0  libinit2.o(.ARM.Collect$$libinit$$00000033)
    __rt_lib_init_signal_1                   0x0800020f   Thumb Code     0  libinit2.o(.ARM.Collect$$libinit$$0000001D)
    __rt_lib_init_stdio_1                    0x0800020f   Thumb Code     0  libinit2.o(.ARM.Collect$$libinit$$00000025)
    __rt_lib_shutdown                        0x08000211   Thumb Code     0  libshutdown.o(.ARM.Collect$$libshutdown$$00000000)
    __rt_lib_shutdown_cpp_1                  0x08000213   Thumb Code     0  libshutdown2.o(.ARM.Collect$$libshutdown$$00000002)
    __rt_lib_shutdown_fp_trap_1              0x08000213   Thumb Code     0  libshutdown2.o(.ARM.Collect$$libshutdown$$00000007)
    __rt_lib_shutdown_heap_1                 0x08000213   Thumb Code     0  libshutdown2.o(.ARM.Collect$$libshutdown$$0000000F)
    __rt_lib_shutdown_return                 0x08000213   Thumb Code     0  libshutdown2.o(.ARM.Collect$$libshutdown$$00000010)
    __rt_lib_shutdown_signal_1               0x08000213   Thumb Code     0  libshutdown2.o(.ARM.Collect$$libshutdown$$0000000A)
    __rt_lib_shutdown_stdio_1                0x08000213   Thumb Code     0  libshutdown2.o(.ARM.Collect$$libshutdown$$00000004)
    __rt_lib_shutdown_user_alloc_1           0x08000213   Thumb Code     0  libshutdown2.o(.ARM.Collect$$libshutdown$$0000000C)
    __rt_entry                               0x08000215   Thumb Code     0  __rtentry.o(.ARM.Collect$$rtentry$$00000000)
    __rt_entry_presh_1                       0x08000215   Thumb Code     0  __rtentry2.o(.ARM.Collect$$rtentry$$00000002)
    __rt_entry_sh                            0x08000215   Thumb Code     0  __rtentry4.o(.ARM.Collect$$rtentry$$00000004)
    __rt_entry_li                            0x0800021b   Thumb Code     0  __rtentry2.o(.ARM.Collect$$rtentry$$0000000A)
    __rt_entry_postsh_1                      0x0800021b   Thumb Code     0  __rtentry2.o(.ARM.Collect$$rtentry$$00000009)
    __rt_entry_main                          0x0800021f   Thumb Code     0  __rtentry2.o(.ARM.Collect$$rtentry$$0000000D)
    __rt_entry_postli_1                      0x0800021f   Thumb Code     0  __rtentry2.o(.ARM.Collect$$rtentry$$0000000C)
    __rt_exit                                0x08000227   Thumb Code     0  rtexit.o(.ARM.Collect$$rtexit$$00000000)
    __rt_exit_ls                             0x08000229   Thumb Code     0  rtexit2.o(.ARM.Collect$$rtexit$$00000003)
    __rt_exit_prels_1                        0x08000229   Thumb Code     0  rtexit2.o(.ARM.Collect$$rtexit$$00000002)
    __rt_exit_exit                           0x0800022d   Thumb Code     0  rtexit2.o(.ARM.Collect$$rtexit$$00000004)
    Reset_Handler                            0x08000235   Thumb Code     8  startup_stm32f10x_md.o(.text)
    ADC1_2_IRQHandler                        0x0800024f   Thumb Code     0  startup_stm32f10x_md.o(.text)
    CAN1_RX1_IRQHandler                      0x0800024f   Thumb Code     0  startup_stm32f10x_md.o(.text)
    CAN1_SCE_IRQHandler                      0x0800024f   Thumb Code     0  startup_stm32f10x_md.o(.text)
    DMA1_Channel1_IRQHandler                 0x0800024f   Thumb Code     0  startup_stm32f10x_md.o(.text)
    DMA1_Channel2_IRQHandler                 0x0800024f   Thumb Code     0  startup_stm32f10x_md.o(.text)
    DMA1_Channel3_IRQHandler                 0x0800024f   Thumb Code     0  startup_stm32f10x_md.o(.text)
    DMA1_Channel4_IRQHandler                 0x0800024f   Thumb Code     0  startup_stm32f10x_md.o(.text)
    DMA1_Channel5_IRQHandler                 0x0800024f   Thumb Code     0  startup_stm32f10x_md.o(.text)
    DMA1_Channel6_IRQHandler                 0x0800024f   Thumb Code     0  startup_stm32f10x_md.o(.text)
    DMA1_Channel7_IRQHandler                 0x0800024f   Thumb Code     0  startup_stm32f10x_md.o(.text)
    EXTI0_IRQHandler                         0x0800024f   Thumb Code     0  startup_stm32f10x_md.o(.text)
    EXTI15_10_IRQHandler                     0x0800024f   Thumb Code     0  startup_stm32f10x_md.o(.text)
    EXTI1_IRQHandler                         0x0800024f   Thumb Code     0  startup_stm32f10x_md.o(.text)
    EXTI2_IRQHandler                         0x0800024f   Thumb Code     0  startup_stm32f10x_md.o(.text)
    EXTI3_IRQHandler                         0x0800024f   Thumb Code     0  startup_stm32f10x_md.o(.text)
    EXTI4_IRQHandler                         0x0800024f   Thumb Code     0  startup_stm32f10x_md.o(.text)
    EXTI9_5_IRQHandler                       0x0800024f   Thumb Code     0  startup_stm32f10x_md.o(.text)
    FLASH_IRQHandler                         0x0800024f   Thumb Code     0  startup_stm32f10x_md.o(.text)
    I2C1_ER_IRQHandler                       0x0800024f   Thumb Code     0  startup_stm32f10x_md.o(.text)
    I2C1_EV_IRQHandler                       0x0800024f   Thumb Code     0  startup_stm32f10x_md.o(.text)
    I2C2_ER_IRQHandler                       0x0800024f   Thumb Code     0  startup_stm32f10x_md.o(.text)
    I2C2_EV_IRQHandler                       0x0800024f   Thumb Code     0  startup_stm32f10x_md.o(.text)
    PVD_IRQHandler                           0x0800024f   Thumb Code     0  startup_stm32f10x_md.o(.text)
    RCC_IRQHandler                           0x0800024f   Thumb Code     0  startup_stm32f10x_md.o(.text)
    RTCAlarm_IRQHandler                      0x0800024f   Thumb Code     0  startup_stm32f10x_md.o(.text)
    RTC_IRQHandler                           0x0800024f   Thumb Code     0  startup_stm32f10x_md.o(.text)
    SPI1_IRQHandler                          0x0800024f   Thumb Code     0  startup_stm32f10x_md.o(.text)
    SPI2_IRQHandler                          0x0800024f   Thumb Code     0  startup_stm32f10x_md.o(.text)
    TAMPER_IRQHandler                        0x0800024f   Thumb Code     0  startup_stm32f10x_md.o(.text)
    TIM1_BRK_IRQHandler                      0x0800024f   Thumb Code     0  startup_stm32f10x_md.o(.text)
    TIM1_CC_IRQHandler                       0x0800024f   Thumb Code     0  startup_stm32f10x_md.o(.text)
    TIM1_TRG_COM_IRQHandler                  0x0800024f   Thumb Code     0  startup_stm32f10x_md.o(.text)
    TIM2_IRQHandler                          0x0800024f   Thumb Code     0  startup_stm32f10x_md.o(.text)
    TIM3_IRQHandler                          0x0800024f   Thumb Code     0  startup_stm32f10x_md.o(.text)
    TIM4_IRQHandler                          0x0800024f   Thumb Code     0  startup_stm32f10x_md.o(.text)
    USART1_IRQHandler                        0x0800024f   Thumb Code     0  startup_stm32f10x_md.o(.text)
    USBWakeUp_IRQHandler                     0x0800024f   Thumb Code     0  startup_stm32f10x_md.o(.text)
    USB_HP_CAN1_TX_IRQHandler                0x0800024f   Thumb Code     0  startup_stm32f10x_md.o(.text)
    USB_LP_CAN1_RX0_IRQHandler               0x0800024f   Thumb Code     0  startup_stm32f10x_md.o(.text)
    WWDG_IRQHandler                          0x0800024f   Thumb Code     0  startup_stm32f10x_md.o(.text)
    __user_initial_stackheap                 0x08000251   Thumb Code     0  startup_stm32f10x_md.o(.text)
    vsprintf                                 0x08000275   Thumb Code    32  vsprintf.o(.text)
    strcmp                                   0x08000299   Thumb Code   128  strcmpv7m.o(.text)
    __use_two_region_memory                  0x08000319   Thumb Code     2  heapauxi.o(.text)
    __rt_heap_escrow$2region                 0x0800031b   Thumb Code     2  heapauxi.o(.text)
    __rt_heap_expand$2region                 0x0800031d   Thumb Code     2  heapauxi.o(.text)
    _printf_pre_padding                      0x0800031f   Thumb Code    44  _printf_pad.o(.text)
    _printf_post_padding                     0x0800034b   Thumb Code    34  _printf_pad.o(.text)
    _printf_truncate_signed                  0x0800036d   Thumb Code    18  _printf_truncate.o(.text)
    _printf_truncate_unsigned                0x0800037f   Thumb Code    18  _printf_truncate.o(.text)
    _printf_str                              0x08000391   Thumb Code    82  _printf_str.o(.text)
    _printf_int_dec                          0x080003e5   Thumb Code   104  _printf_dec.o(.text)
    _printf_charcount                        0x0800045d   Thumb Code    40  _printf_charcount.o(.text)
    _printf_char_common                      0x0800048f   Thumb Code    32  _printf_char_common.o(.text)
    _sputc                                   0x080004b5   Thumb Code    10  _sputc.o(.text)
    _printf_wctomb                           0x080004c1   Thumb Code   182  _printf_wctomb.o(.text)
    _printf_longlong_dec                     0x0800057d   Thumb Code   108  _printf_longlong_dec.o(.text)
    _printf_longlong_oct                     0x080005f9   Thumb Code    66  _printf_oct_int_ll.o(.text)
    _printf_int_oct                          0x0800063b   Thumb Code    24  _printf_oct_int_ll.o(.text)
    _printf_ll_oct                           0x08000653   Thumb Code    12  _printf_oct_int_ll.o(.text)
    _printf_longlong_hex                     0x08000669   Thumb Code    86  _printf_hex_int_ll_ptr.o(.text)
    _printf_int_hex                          0x080006bf   Thumb Code    28  _printf_hex_int_ll_ptr.o(.text)
    _printf_ll_hex                           0x080006db   Thumb Code    12  _printf_hex_int_ll_ptr.o(.text)
    _printf_hex_ptr                          0x080006e7   Thumb Code    18  _printf_hex_int_ll_ptr.o(.text)
    __printf                                 0x080006fd   Thumb Code   388  __printf_flags_ss_wp.o(.text)
    _ll_udiv10                               0x08000885   Thumb Code   138  lludiv10.o(.text)
    _printf_int_common                       0x0800090f   Thumb Code   178  _printf_intcommon.o(.text)
    __lib_sel_fp_printf                      0x080009c1   Thumb Code     2  _printf_fp_dec.o(.text)
    _printf_fp_dec_real                      0x08000b73   Thumb Code   620  _printf_fp_dec.o(.text)
    _printf_fp_hex_real                      0x08000de1   Thumb Code   756  _printf_fp_hex.o(.text)
    _printf_cs_common                        0x080010dd   Thumb Code    20  _printf_char.o(.text)
    _printf_char                             0x080010f1   Thumb Code    16  _printf_char.o(.text)
    _printf_string                           0x08001101   Thumb Code     8  _printf_char.o(.text)
    _printf_lcs_common                       0x08001109   Thumb Code    20  _printf_wchar.o(.text)
    _printf_wchar                            0x0800111d   Thumb Code    16  _printf_wchar.o(.text)
    _printf_wstring                          0x0800112d   Thumb Code     8  _printf_wchar.o(.text)
    _wcrtomb                                 0x08001135   Thumb Code    64  _wcrtomb.o(.text)
    __user_libspace                          0x08001175   Thumb Code     8  libspace.o(.text)
    __user_perproc_libspace                  0x08001175   Thumb Code     0  libspace.o(.text)
    __user_perthread_libspace                0x08001175   Thumb Code     0  libspace.o(.text)
    __user_setup_stackheap                   0x0800117d   Thumb Code    74  sys_stackheap_outer.o(.text)
    __rt_ctype_table                         0x080011c9   Thumb Code    16  rt_ctype_table.o(.text)
    __rt_locale                              0x080011d9   Thumb Code     8  rt_locale_intlibspace.o(.text)
    _printf_fp_infnan                        0x080011e1   Thumb Code   112  _printf_fp_infnan.o(.text)
    _btod_etento                             0x08001261   Thumb Code   224  bigflt0.o(.text)
    exit                                     0x08001345   Thumb Code    18  exit.o(.text)
    _sys_exit                                0x08001359   Thumb Code     8  sys_exit.o(.text)
    __I$use$semihosting                      0x08001365   Thumb Code     0  use_no_semi.o(.text)
    __use_no_semihosting_swi                 0x08001365   Thumb Code     2  use_no_semi.o(.text)
    __semihosting_library_function           0x08001367   Thumb Code     0  indicate_semi.o(.text)
    _btod_d2e                                0x08001367   Thumb Code    62  btod.o(CL$$btod_d2e)
    _d2e_denorm_low                          0x080013a5   Thumb Code    70  btod.o(CL$$btod_d2e_denorm_low)
    _d2e_norm_op1                            0x080013eb   Thumb Code    96  btod.o(CL$$btod_d2e_norm_op1)
    __btod_div_common                        0x0800144b   Thumb Code   696  btod.o(CL$$btod_div_common)
    _e2e                                     0x08001783   Thumb Code   220  btod.o(CL$$btod_e2e)
    _btod_ediv                               0x0800185f   Thumb Code    42  btod.o(CL$$btod_ediv)
    _btod_emul                               0x08001889   Thumb Code    42  btod.o(CL$$btod_emul)
    __btod_mult_common                       0x080018b3   Thumb Code   580  btod.o(CL$$btod_mult_common)
    ADC_Cmd                                  0x08001af7   Thumb Code    22  stm32f10x_adc.o(i.ADC_Cmd)
    ADC_GetCalibrationStatus                 0x08001b0d   Thumb Code    20  stm32f10x_adc.o(i.ADC_GetCalibrationStatus)
    ADC_GetResetCalibrationStatus            0x08001b21   Thumb Code    20  stm32f10x_adc.o(i.ADC_GetResetCalibrationStatus)
    ADC_Init                                 0x08001b35   Thumb Code    70  stm32f10x_adc.o(i.ADC_Init)
    ADC_ResetCalibration                     0x08001b85   Thumb Code    10  stm32f10x_adc.o(i.ADC_ResetCalibration)
    ADC_StartCalibration                     0x08001b8f   Thumb Code    10  stm32f10x_adc.o(i.ADC_StartCalibration)
    BusFault_Handler                         0x08001b99   Thumb Code     4  stm32f10x_it.o(i.BusFault_Handler)
    Car_Amend                                0x08001b9d   Thumb Code    96  main.o(i.Car_Amend)
    Car_Stop                                 0x08001c05   Thumb Code    16  car.o(i.Car_Stop)
    DebugMon_Handler                         0x08001c15   Thumb Code     2  stm32f10x_it.o(i.DebugMon_Handler)
    Delay_ms                                 0x08001c17   Thumb Code    24  delay.o(i.Delay_ms)
    Delay_s                                  0x08001c2f   Thumb Code    24  delay.o(i.Delay_s)
    Delay_us                                 0x08001c47   Thumb Code    46  delay.o(i.Delay_us)
    Encoder_Init                             0x08001c75   Thumb Code   296  encoder.o(i.Encoder_Init)
    Encoder_L                                0x08001dad   Thumb Code    22  encoder.o(i.Encoder_L)
    Encoder_R                                0x08001dc9   Thumb Code    22  encoder.o(i.Encoder_R)
    GPIO_Init                                0x08001de5   Thumb Code   278  stm32f10x_gpio.o(i.GPIO_Init)
    GPIO_ReadInputDataBit                    0x08001efb   Thumb Code    18  stm32f10x_gpio.o(i.GPIO_ReadInputDataBit)
    GPIO_ResetBits                           0x08001f0d   Thumb Code     4  stm32f10x_gpio.o(i.GPIO_ResetBits)
    GPIO_SetBits                             0x08001f11   Thumb Code     4  stm32f10x_gpio.o(i.GPIO_SetBits)
    GPIO_WriteBit                            0x08001f15   Thumb Code    10  stm32f10x_gpio.o(i.GPIO_WriteBit)
    HardFault_Handler                        0x08001f1f   Thumb Code     4  stm32f10x_it.o(i.HardFault_Handler)
    JY901_GetAngle                           0x08001f25   Thumb Code   128  jy901.o(i.JY901_GetAngle)
    JY901_Init                               0x08001fad   Thumb Code   172  jy901.o(i.JY901_Init)
    MemManage_Handler                        0x08002061   Thumb Code     4  stm32f10x_it.o(i.MemManage_Handler)
    Motor_Init                               0x08002065   Thumb Code    44  motor.o(i.Motor_Init)
    Motor_L                                  0x08002095   Thumb Code    66  motor.o(i.Motor_L)
    Motor_R                                  0x080020dd   Thumb Code    66  motor.o(i.Motor_R)
    Move_Forward                             0x08002125   Thumb Code    16  car.o(i.Move_Forward)
    NMI_Handler                              0x08002135   Thumb Code     2  stm32f10x_it.o(i.NMI_Handler)
    NVIC_Init                                0x08002139   Thumb Code   100  misc.o(i.NVIC_Init)
    NVIC_PriorityGroupConfig                 0x080021a9   Thumb Code    10  misc.o(i.NVIC_PriorityGroupConfig)
    OLED_Clear                               0x080021bd   Thumb Code    36  oled.o(i.OLED_Clear)
    OLED_ClearArea                           0x080021e5   Thumb Code   140  oled.o(i.OLED_ClearArea)
    OLED_GPIO_Init                           0x08002275   Thumb Code    92  oled.o(i.OLED_GPIO_Init)
    OLED_I2C_SendByte                        0x080022d5   Thumb Code    62  oled.o(i.OLED_I2C_SendByte)
    OLED_I2C_Start                           0x08002313   Thumb Code    28  oled.o(i.OLED_I2C_Start)
    OLED_I2C_Stop                            0x0800232f   Thumb Code    22  oled.o(i.OLED_I2C_Stop)
    OLED_Init                                0x08002345   Thumb Code   154  oled.o(i.OLED_Init)
    OLED_Printf                              0x080023df   Thumb Code    50  oled.o(i.OLED_Printf)
    OLED_SetCursor                           0x08002411   Thumb Code    34  oled.o(i.OLED_SetCursor)
    OLED_ShowChar                            0x08002435   Thumb Code    74  oled.o(i.OLED_ShowChar)
    OLED_ShowImage                           0x08002489   Thumb Code   248  oled.o(i.OLED_ShowImage)
    OLED_ShowString                          0x08002585   Thumb Code   442  oled.o(i.OLED_ShowString)
    OLED_Update                              0x08002749   Thumb Code    36  oled.o(i.OLED_Update)
    OLED_W_SCL                               0x08002771   Thumb Code    18  oled.o(i.OLED_W_SCL)
    OLED_W_SDA                               0x08002789   Thumb Code    18  oled.o(i.OLED_W_SDA)
    OLED_WriteCommand                        0x080027a1   Thumb Code    32  oled.o(i.OLED_WriteCommand)
    OLED_WriteData                           0x080027c1   Thumb Code    46  oled.o(i.OLED_WriteData)
    PID_L                                    0x080027f1   Thumb Code   334  pid.o(i.PID_L)
    PID_R                                    0x08002981   Thumb Code   338  pid.o(i.PID_R)
    PID_Turn                                 0x08002b15   Thumb Code   266  pid.o(i.PID_Turn)
    PWM_Init                                 0x08002c5d   Thumb Code   206  pwm.o(i.PWM_Init)
    PWM_SetCompare1                          0x08002d35   Thumb Code    14  pwm.o(i.PWM_SetCompare1)
    PWM_SetCompare4                          0x08002d49   Thumb Code    14  pwm.o(i.PWM_SetCompare4)
    PendSV_Handler                           0x08002d5d   Thumb Code     2  stm32f10x_it.o(i.PendSV_Handler)
    RCC_ADCCLKConfig                         0x08002d61   Thumb Code    18  stm32f10x_rcc.o(i.RCC_ADCCLKConfig)
    RCC_APB1PeriphClockCmd                   0x08002d79   Thumb Code    26  stm32f10x_rcc.o(i.RCC_APB1PeriphClockCmd)
    RCC_APB2PeriphClockCmd                   0x08002d99   Thumb Code    26  stm32f10x_rcc.o(i.RCC_APB2PeriphClockCmd)
    RCC_GetClocksFreq                        0x08002db9   Thumb Code   192  stm32f10x_rcc.o(i.RCC_GetClocksFreq)
    RP_Init                                  0x08002e8d   Thumb Code   136  rp.o(i.RP_Init)
    SVC_Handler                              0x08002f1d   Thumb Code     2  stm32f10x_it.o(i.SVC_Handler)
    Serial_Init                              0x08002f21   Thumb Code   176  serial.o(i.Serial_Init)
    SysTick_Handler                          0x080030c1   Thumb Code     2  stm32f10x_it.o(i.SysTick_Handler)
    SystemInit                               0x080030c5   Thumb Code    78  system_stm32f10x.o(i.SystemInit)
    TIM1_UP_IRQHandler                       0x08003365   Thumb Code   162  pid.o(i.TIM1_UP_IRQHandler)
    TIM_ClearFlag                            0x08003421   Thumb Code     6  stm32f10x_tim.o(i.TIM_ClearFlag)
    TIM_ClearITPendingBit                    0x08003427   Thumb Code     6  stm32f10x_tim.o(i.TIM_ClearITPendingBit)
    TIM_Cmd                                  0x0800342d   Thumb Code    24  stm32f10x_tim.o(i.TIM_Cmd)
    TIM_EncoderInterfaceConfig               0x08003445   Thumb Code    66  stm32f10x_tim.o(i.TIM_EncoderInterfaceConfig)
    TIM_GetCounter                           0x08003487   Thumb Code     6  stm32f10x_tim.o(i.TIM_GetCounter)
    TIM_GetITStatus                          0x0800348d   Thumb Code    34  stm32f10x_tim.o(i.TIM_GetITStatus)
    TIM_ICInit                               0x080034b1   Thumb Code   150  stm32f10x_tim.o(i.TIM_ICInit)
    TIM_ICStructInit                         0x0800355d   Thumb Code    18  stm32f10x_tim.o(i.TIM_ICStructInit)
    TIM_ITConfig                             0x0800356f   Thumb Code    18  stm32f10x_tim.o(i.TIM_ITConfig)
    TIM_InternalClockConfig                  0x08003581   Thumb Code    12  stm32f10x_tim.o(i.TIM_InternalClockConfig)
    TIM_OC1Init                              0x0800358d   Thumb Code   132  stm32f10x_tim.o(i.TIM_OC1Init)
    TIM_OC4Init                              0x08003625   Thumb Code   114  stm32f10x_tim.o(i.TIM_OC4Init)
    TIM_OCStructInit                         0x080036a1   Thumb Code    20  stm32f10x_tim.o(i.TIM_OCStructInit)
    TIM_SetCompare1                          0x080036b5   Thumb Code     4  stm32f10x_tim.o(i.TIM_SetCompare1)
    TIM_SetCompare4                          0x080036b9   Thumb Code     6  stm32f10x_tim.o(i.TIM_SetCompare4)
    TIM_SetCounter                           0x080036bf   Thumb Code     4  stm32f10x_tim.o(i.TIM_SetCounter)
    TIM_SetIC1Prescaler                      0x080036c3   Thumb Code    18  stm32f10x_tim.o(i.TIM_SetIC1Prescaler)
    TIM_SetIC2Prescaler                      0x080036d5   Thumb Code    26  stm32f10x_tim.o(i.TIM_SetIC2Prescaler)
    TIM_SetIC3Prescaler                      0x080036ef   Thumb Code    18  stm32f10x_tim.o(i.TIM_SetIC3Prescaler)
    TIM_SetIC4Prescaler                      0x08003701   Thumb Code    26  stm32f10x_tim.o(i.TIM_SetIC4Prescaler)
    TIM_TimeBaseInit                         0x0800371d   Thumb Code   122  stm32f10x_tim.o(i.TIM_TimeBaseInit)
    Timer_Init                               0x080037c1   Thumb Code   118  timer.o(i.Timer_Init)
    Turn_LLeft                               0x0800383d   Thumb Code    18  car.o(i.Turn_LLeft)
    Turn_LRight                              0x0800384f   Thumb Code    18  car.o(i.Turn_LRight)
    Turn_SLeft                               0x08003861   Thumb Code    18  car.o(i.Turn_SLeft)
    Turn_SRight                              0x08003873   Thumb Code    18  car.o(i.Turn_SRight)
    Turn_circle                              0x08003885   Thumb Code    18  car.o(i.Turn_circle)
    USART2_IRQHandler                        0x08003899   Thumb Code    42  jy901.o(i.USART2_IRQHandler)
    USART3_IRQHandler                        0x080038c9   Thumb Code    44  serial.o(i.USART3_IRQHandler)
    USART_ClearITPendingBit                  0x08003901   Thumb Code    30  stm32f10x_usart.o(i.USART_ClearITPendingBit)
    USART_Cmd                                0x0800391f   Thumb Code    24  stm32f10x_usart.o(i.USART_Cmd)
    USART_GetITStatus                        0x08003937   Thumb Code    84  stm32f10x_usart.o(i.USART_GetITStatus)
    USART_ITConfig                           0x0800398b   Thumb Code    74  stm32f10x_usart.o(i.USART_ITConfig)
    USART_Init                               0x080039d5   Thumb Code   210  stm32f10x_usart.o(i.USART_Init)
    USART_ReceiveData                        0x08003aad   Thumb Code    10  stm32f10x_usart.o(i.USART_ReceiveData)
    UsageFault_Handler                       0x08003ab7   Thumb Code     4  stm32f10x_it.o(i.UsageFault_Handler)
    __ARM_fpclassify                         0x08003abb   Thumb Code    40  fpclassify.o(i.__ARM_fpclassify)
    _is_digit                                0x08003ae3   Thumb Code    14  __printf_wp.o(i._is_digit)
    jy901_ReceiveData                        0x08003af1   Thumb Code   150  jy901.o(i.jy901_ReceiveData)
    main                                     0x08003ba1   Thumb Code  1298  main.o(i.main)
    _get_lc_numeric                          0x080040c5   Thumb Code    44  lc_numeric_c.o(locale$$code)
    _get_lc_ctype                            0x080040f1   Thumb Code    44  lc_ctype_c.o(locale$$code)
    __fpl_dcmp_Inf                           0x0800411d   Thumb Code    24  dcmpi.o(x$fpl$dcmpinf)
    __aeabi_cdcmple                          0x08004135   Thumb Code     0  dleqf.o(x$fpl$dleqf)
    _dcmple                                  0x08004135   Thumb Code   120  dleqf.o(x$fpl$dleqf)
    __fpl_dcmple_InfNaN                      0x08004197   Thumb Code     0  dleqf.o(x$fpl$dleqf)
    __fpl_dnaninf                            0x080041ad   Thumb Code   156  dnaninf.o(x$fpl$dnaninf)
    __fpl_dretinf                            0x08004249   Thumb Code    12  dretinf.o(x$fpl$dretinf)
    __aeabi_f2d                              0x08004255   Thumb Code     0  f2d.o(x$fpl$f2d)
    _f2d                                     0x08004255   Thumb Code    86  f2d.o(x$fpl$f2d)
    __aeabi_fadd                             0x080042ad   Thumb Code     0  faddsub_clz.o(x$fpl$fadd)
    _fadd                                    0x080042ad   Thumb Code   196  faddsub_clz.o(x$fpl$fadd)
    __fpl_fcmp_Inf                           0x08004371   Thumb Code    24  fcmpi.o(x$fpl$fcmpinf)
    __aeabi_fdiv                             0x08004389   Thumb Code     0  fdiv.o(x$fpl$fdiv)
    _fdiv                                    0x08004389   Thumb Code   384  fdiv.o(x$fpl$fdiv)
    __aeabi_cfcmpeq                          0x0800450d   Thumb Code     0  feqf.o(x$fpl$feqf)
    _fcmpeq                                  0x0800450d   Thumb Code   104  feqf.o(x$fpl$feqf)
    __aeabi_f2iz                             0x08004575   Thumb Code     0  ffix.o(x$fpl$ffix)
    _ffix                                    0x08004575   Thumb Code    54  ffix.o(x$fpl$ffix)
    __aeabi_i2f                              0x080045ad   Thumb Code     0  fflt_clz.o(x$fpl$fflt)
    _fflt                                    0x080045ad   Thumb Code    48  fflt_clz.o(x$fpl$fflt)
    __aeabi_cfcmple                          0x080045dd   Thumb Code     0  fleqf.o(x$fpl$fleqf)
    _fcmple                                  0x080045dd   Thumb Code   104  fleqf.o(x$fpl$fleqf)
    __fpl_fcmple_InfNaN                      0x0800462f   Thumb Code     0  fleqf.o(x$fpl$fleqf)
    __aeabi_fmul                             0x08004645   Thumb Code     0  fmul.o(x$fpl$fmul)
    _fmul                                    0x08004645   Thumb Code   258  fmul.o(x$fpl$fmul)
    __fpl_fnaninf                            0x08004747   Thumb Code   140  fnaninf.o(x$fpl$fnaninf)
    __fpl_fretinf                            0x080047d3   Thumb Code    10  fretinf.o(x$fpl$fretinf)
    __aeabi_cfrcmple                         0x080047dd   Thumb Code     0  frleqf.o(x$fpl$frleqf)
    _frcmple                                 0x080047dd   Thumb Code    98  frleqf.o(x$fpl$frleqf)
    __aeabi_fsub                             0x08004841   Thumb Code     0  faddsub_clz.o(x$fpl$fsub)
    _fsub                                    0x08004841   Thumb Code   234  faddsub_clz.o(x$fpl$fsub)
    _printf_fp_dec                           0x0800492b   Thumb Code     4  printf1.o(x$fpl$printf1)
    _printf_fp_hex                           0x0800492f   Thumb Code     4  printf2.o(x$fpl$printf2)
    OLED_F8x16                               0x08004932   Data        1520  oled_data.o(.constdata)
    __I$use$fp                               0x08004932   Number         0  usenofp.o(x$fpl$usenofp)
    OLED_F6x8                                0x08004f22   Data         570  oled_data.o(.constdata)
    OLED_CF16x16                             0x0800515c   Data         259  oled_data.o(.constdata)
    Diode                                    0x0800525f   Data          32  oled_data.o(.constdata)
    Region$$Table$$Base                      0x0800537c   Number         0  anon$$obj.o(Region$$Table)
    Region$$Table$$Limit                     0x0800539c   Number         0  anon$$obj.o(Region$$Table)
    __ctype                                  0x080053c5   Data           0  lc_ctype_c.o(locale$$data)
    Serial_RxData                            0x20000014   Data           1  serial.o(.data)
    Serial_RxFlag                            0x20000015   Data           1  serial.o(.data)
    Ro                                       0x2000001c   Data           4  jy901.o(.data)
    Pit                                      0x20000020   Data           4  jy901.o(.data)
    Ya                                       0x20000024   Data           4  jy901.o(.data)
    R                                        0x20000028   Data           4  jy901.o(.data)
    P                                        0x2000002c   Data           4  jy901.o(.data)
    Y                                        0x20000030   Data           4  jy901.o(.data)
    Speed_R                                  0x20000034   Data           2  pid.o(.data)
    Speed_L                                  0x20000036   Data           2  pid.o(.data)
    V                                        0x20000038   Data           4  pid.o(.data)
    zuosudu                                  0x2000003c   Data           4  pid.o(.data)
    yousudu                                  0x20000040   Data           4  pid.o(.data)
    R_Actual                                 0x20000044   Data           4  pid.o(.data)
    R_Out                                    0x20000048   Data           4  pid.o(.data)
    R_Target                                 0x2000004c   Data           4  pid.o(.data)
    R_Kp                                     0x20000050   Data           4  pid.o(.data)
    R_Ki                                     0x20000054   Data           4  pid.o(.data)
    R_Kd                                     0x20000058   Data           4  pid.o(.data)
    R_Error0                                 0x2000005c   Data           4  pid.o(.data)
    R_Error1                                 0x20000060   Data           4  pid.o(.data)
    R_ErrorInt                               0x20000064   Data           4  pid.o(.data)
    L_Actual                                 0x20000068   Data           4  pid.o(.data)
    L_Out                                    0x2000006c   Data           4  pid.o(.data)
    L_Target                                 0x20000070   Data           4  pid.o(.data)
    L_Kp                                     0x20000074   Data           4  pid.o(.data)
    L_Ki                                     0x20000078   Data           4  pid.o(.data)
    L_Kd                                     0x2000007c   Data           4  pid.o(.data)
    L_Error0                                 0x20000080   Data           4  pid.o(.data)
    L_Error1                                 0x20000084   Data           4  pid.o(.data)
    L_ErrorInt                               0x20000088   Data           4  pid.o(.data)
    T_Actual                                 0x2000008c   Data           4  pid.o(.data)
    T_Out                                    0x20000090   Data           4  pid.o(.data)
    T_Target                                 0x20000094   Data           4  pid.o(.data)
    T_Kp                                     0x20000098   Data           4  pid.o(.data)
    T_Ki                                     0x2000009c   Data           4  pid.o(.data)
    T_Kd                                     0x200000a0   Data           4  pid.o(.data)
    T_Error0                                 0x200000a4   Data           4  pid.o(.data)
    T_Error1                                 0x200000a8   Data           4  pid.o(.data)
    T_ErrorInt                               0x200000ac   Data           4  pid.o(.data)
    Outer                                    0x200000b0   Data           2  pid.o(.data)
    Roll                                     0x200000b8   Data           4  main.o(.data)
    Pitch                                    0x200000bc   Data           4  main.o(.data)
    Yaw                                      0x200000c0   Data           4  main.o(.data)
    Num                                      0x200000c4   Data           4  main.o(.data)
    flag                                     0x200000c8   Data           2  main.o(.data)
    i                                        0x200000ca   Data           2  main.o(.data)
    OLED_DisplayBuf                          0x200000cc   Data        1024  oled.o(.bss)
    __libspace_start                         0x200004d8   Data          96  libspace.o(.bss)
    __temporary_stack_top$libspace           0x20000538   Data           0  libspace.o(.bss)



==============================================================================

Memory Map of the image

  Image Entry point : 0x080000ed

  Load Region LR_IROM1 (Base: 0x08000000, Size: 0x00005594, Max: 0x00010000, ABSOLUTE)

    Execution Region ER_IROM1 (Exec base: 0x08000000, Load base: 0x08000000, Size: 0x000054c8, Max: 0x00010000, ABSOLUTE)

    Exec Addr    Load Addr    Size         Type   Attr      Idx    E Section Name        Object

    0x08000000   0x08000000   0x000000ec   Data   RO            3    RESET               startup_stm32f10x_md.o
    0x080000ec   0x080000ec   0x00000008   Code   RO         4021  * !!!main             c_w.l(__main.o)
    0x080000f4   0x080000f4   0x00000034   Code   RO         4468    !!!scatter          c_w.l(__scatter.o)
    0x08000128   0x08000128   0x0000001a   Code   RO         4470    !!handler_copy      c_w.l(__scatter_copy.o)
    0x08000142   0x08000142   0x00000002   PAD
    0x08000144   0x08000144   0x0000001c   Code   RO         4472    !!handler_zi        c_w.l(__scatter_zi.o)
    0x08000160   0x08000160   0x00000000   Code   RO         4179    .ARM.Collect$$_printf_percent$$00000000  c_w.l(_printf_percent.o)
    0x08000160   0x08000160   0x00000006   Code   RO         4168    .ARM.Collect$$_printf_percent$$00000001  c_w.l(_printf_n.o)
    0x08000166   0x08000166   0x00000006   Code   RO         4170    .ARM.Collect$$_printf_percent$$00000002  c_w.l(_printf_p.o)
    0x0800016c   0x0800016c   0x00000006   Code   RO         4175    .ARM.Collect$$_printf_percent$$00000003  c_w.l(_printf_f.o)
    0x08000172   0x08000172   0x00000006   Code   RO         4176    .ARM.Collect$$_printf_percent$$00000004  c_w.l(_printf_e.o)
    0x08000178   0x08000178   0x00000006   Code   RO         4177    .ARM.Collect$$_printf_percent$$00000005  c_w.l(_printf_g.o)
    0x0800017e   0x0800017e   0x00000006   Code   RO         4178    .ARM.Collect$$_printf_percent$$00000006  c_w.l(_printf_a.o)
    0x08000184   0x08000184   0x0000000a   Code   RO         4183    .ARM.Collect$$_printf_percent$$00000007  c_w.l(_printf_ll.o)
    0x0800018e   0x0800018e   0x00000006   Code   RO         4172    .ARM.Collect$$_printf_percent$$00000008  c_w.l(_printf_i.o)
    0x08000194   0x08000194   0x00000006   Code   RO         4173    .ARM.Collect$$_printf_percent$$00000009  c_w.l(_printf_d.o)
    0x0800019a   0x0800019a   0x00000006   Code   RO         4174    .ARM.Collect$$_printf_percent$$0000000A  c_w.l(_printf_u.o)
    0x080001a0   0x080001a0   0x00000006   Code   RO         4171    .ARM.Collect$$_printf_percent$$0000000B  c_w.l(_printf_o.o)
    0x080001a6   0x080001a6   0x00000006   Code   RO         4169    .ARM.Collect$$_printf_percent$$0000000C  c_w.l(_printf_x.o)
    0x080001ac   0x080001ac   0x00000006   Code   RO         4180    .ARM.Collect$$_printf_percent$$0000000D  c_w.l(_printf_lli.o)
    0x080001b2   0x080001b2   0x00000006   Code   RO         4181    .ARM.Collect$$_printf_percent$$0000000E  c_w.l(_printf_lld.o)
    0x080001b8   0x080001b8   0x00000006   Code   RO         4182    .ARM.Collect$$_printf_percent$$0000000F  c_w.l(_printf_llu.o)
    0x080001be   0x080001be   0x00000006   Code   RO         4187    .ARM.Collect$$_printf_percent$$00000010  c_w.l(_printf_llo.o)
    0x080001c4   0x080001c4   0x00000006   Code   RO         4188    .ARM.Collect$$_printf_percent$$00000011  c_w.l(_printf_llx.o)
    0x080001ca   0x080001ca   0x0000000a   Code   RO         4184    .ARM.Collect$$_printf_percent$$00000012  c_w.l(_printf_l.o)
    0x080001d4   0x080001d4   0x00000006   Code   RO         4166    .ARM.Collect$$_printf_percent$$00000013  c_w.l(_printf_c.o)
    0x080001da   0x080001da   0x00000006   Code   RO         4167    .ARM.Collect$$_printf_percent$$00000014  c_w.l(_printf_s.o)
    0x080001e0   0x080001e0   0x00000006   Code   RO         4185    .ARM.Collect$$_printf_percent$$00000015  c_w.l(_printf_lc.o)
    0x080001e6   0x080001e6   0x00000006   Code   RO         4186    .ARM.Collect$$_printf_percent$$00000016  c_w.l(_printf_ls.o)
    0x080001ec   0x080001ec   0x00000004   Code   RO         4272    .ARM.Collect$$_printf_percent$$00000017  c_w.l(_printf_percent_end.o)
    0x080001f0   0x080001f0   0x00000002   Code   RO         4330    .ARM.Collect$$libinit$$00000000  c_w.l(libinit.o)
    0x080001f2   0x080001f2   0x00000000   Code   RO         4341    .ARM.Collect$$libinit$$00000002  c_w.l(libinit2.o)
    0x080001f2   0x080001f2   0x00000000   Code   RO         4343    .ARM.Collect$$libinit$$00000004  c_w.l(libinit2.o)
    0x080001f2   0x080001f2   0x00000000   Code   RO         4346    .ARM.Collect$$libinit$$0000000A  c_w.l(libinit2.o)
    0x080001f2   0x080001f2   0x00000000   Code   RO         4348    .ARM.Collect$$libinit$$0000000C  c_w.l(libinit2.o)
    0x080001f2   0x080001f2   0x00000000   Code   RO         4350    .ARM.Collect$$libinit$$0000000E  c_w.l(libinit2.o)
    0x080001f2   0x080001f2   0x00000006   Code   RO         4351    .ARM.Collect$$libinit$$0000000F  c_w.l(libinit2.o)
    0x080001f8   0x080001f8   0x00000000   Code   RO         4353    .ARM.Collect$$libinit$$00000011  c_w.l(libinit2.o)
    0x080001f8   0x080001f8   0x0000000c   Code   RO         4354    .ARM.Collect$$libinit$$00000012  c_w.l(libinit2.o)
    0x08000204   0x08000204   0x00000000   Code   RO         4355    .ARM.Collect$$libinit$$00000013  c_w.l(libinit2.o)
    0x08000204   0x08000204   0x00000000   Code   RO         4357    .ARM.Collect$$libinit$$00000015  c_w.l(libinit2.o)
    0x08000204   0x08000204   0x0000000a   Code   RO         4358    .ARM.Collect$$libinit$$00000016  c_w.l(libinit2.o)
    0x0800020e   0x0800020e   0x00000000   Code   RO         4359    .ARM.Collect$$libinit$$00000017  c_w.l(libinit2.o)
    0x0800020e   0x0800020e   0x00000000   Code   RO         4361    .ARM.Collect$$libinit$$00000019  c_w.l(libinit2.o)
    0x0800020e   0x0800020e   0x00000000   Code   RO         4363    .ARM.Collect$$libinit$$0000001B  c_w.l(libinit2.o)
    0x0800020e   0x0800020e   0x00000000   Code   RO         4365    .ARM.Collect$$libinit$$0000001D  c_w.l(libinit2.o)
    0x0800020e   0x0800020e   0x00000000   Code   RO         4367    .ARM.Collect$$libinit$$0000001F  c_w.l(libinit2.o)
    0x0800020e   0x0800020e   0x00000000   Code   RO         4369    .ARM.Collect$$libinit$$00000021  c_w.l(libinit2.o)
    0x0800020e   0x0800020e   0x00000000   Code   RO         4371    .ARM.Collect$$libinit$$00000023  c_w.l(libinit2.o)
    0x0800020e   0x0800020e   0x00000000   Code   RO         4373    .ARM.Collect$$libinit$$00000025  c_w.l(libinit2.o)
    0x0800020e   0x0800020e   0x00000000   Code   RO         4377    .ARM.Collect$$libinit$$0000002C  c_w.l(libinit2.o)
    0x0800020e   0x0800020e   0x00000000   Code   RO         4379    .ARM.Collect$$libinit$$0000002E  c_w.l(libinit2.o)
    0x0800020e   0x0800020e   0x00000000   Code   RO         4381    .ARM.Collect$$libinit$$00000030  c_w.l(libinit2.o)
    0x0800020e   0x0800020e   0x00000000   Code   RO         4383    .ARM.Collect$$libinit$$00000032  c_w.l(libinit2.o)
    0x0800020e   0x0800020e   0x00000002   Code   RO         4384    .ARM.Collect$$libinit$$00000033  c_w.l(libinit2.o)
    0x08000210   0x08000210   0x00000002   Code   RO         4408    .ARM.Collect$$libshutdown$$00000000  c_w.l(libshutdown.o)
    0x08000212   0x08000212   0x00000000   Code   RO         4421    .ARM.Collect$$libshutdown$$00000002  c_w.l(libshutdown2.o)
    0x08000212   0x08000212   0x00000000   Code   RO         4423    .ARM.Collect$$libshutdown$$00000004  c_w.l(libshutdown2.o)
    0x08000212   0x08000212   0x00000000   Code   RO         4426    .ARM.Collect$$libshutdown$$00000007  c_w.l(libshutdown2.o)
    0x08000212   0x08000212   0x00000000   Code   RO         4429    .ARM.Collect$$libshutdown$$0000000A  c_w.l(libshutdown2.o)
    0x08000212   0x08000212   0x00000000   Code   RO         4431    .ARM.Collect$$libshutdown$$0000000C  c_w.l(libshutdown2.o)
    0x08000212   0x08000212   0x00000000   Code   RO         4434    .ARM.Collect$$libshutdown$$0000000F  c_w.l(libshutdown2.o)
    0x08000212   0x08000212   0x00000002   Code   RO         4435    .ARM.Collect$$libshutdown$$00000010  c_w.l(libshutdown2.o)
    0x08000214   0x08000214   0x00000000   Code   RO         4095    .ARM.Collect$$rtentry$$00000000  c_w.l(__rtentry.o)
    0x08000214   0x08000214   0x00000000   Code   RO         4238    .ARM.Collect$$rtentry$$00000002  c_w.l(__rtentry2.o)
    0x08000214   0x08000214   0x00000006   Code   RO         4250    .ARM.Collect$$rtentry$$00000004  c_w.l(__rtentry4.o)
    0x0800021a   0x0800021a   0x00000000   Code   RO         4240    .ARM.Collect$$rtentry$$00000009  c_w.l(__rtentry2.o)
    0x0800021a   0x0800021a   0x00000004   Code   RO         4241    .ARM.Collect$$rtentry$$0000000A  c_w.l(__rtentry2.o)
    0x0800021e   0x0800021e   0x00000000   Code   RO         4243    .ARM.Collect$$rtentry$$0000000C  c_w.l(__rtentry2.o)
    0x0800021e   0x0800021e   0x00000008   Code   RO         4244    .ARM.Collect$$rtentry$$0000000D  c_w.l(__rtentry2.o)
    0x08000226   0x08000226   0x00000002   Code   RO         4335    .ARM.Collect$$rtexit$$00000000  c_w.l(rtexit.o)
    0x08000228   0x08000228   0x00000000   Code   RO         4388    .ARM.Collect$$rtexit$$00000002  c_w.l(rtexit2.o)
    0x08000228   0x08000228   0x00000004   Code   RO         4389    .ARM.Collect$$rtexit$$00000003  c_w.l(rtexit2.o)
    0x0800022c   0x0800022c   0x00000006   Code   RO         4390    .ARM.Collect$$rtexit$$00000004  c_w.l(rtexit2.o)
    0x08000232   0x08000232   0x00000002   PAD
    0x08000234   0x08000234   0x00000040   Code   RO            4    .text               startup_stm32f10x_md.o
    0x08000274   0x08000274   0x00000024   Code   RO         4015    .text               c_w.l(vsprintf.o)
    0x08000298   0x08000298   0x00000080   Code   RO         4017    .text               c_w.l(strcmpv7m.o)
    0x08000318   0x08000318   0x00000006   Code   RO         4019    .text               c_w.l(heapauxi.o)
    0x0800031e   0x0800031e   0x0000004e   Code   RO         4100    .text               c_w.l(_printf_pad.o)
    0x0800036c   0x0800036c   0x00000024   Code   RO         4102    .text               c_w.l(_printf_truncate.o)
    0x08000390   0x08000390   0x00000052   Code   RO         4104    .text               c_w.l(_printf_str.o)
    0x080003e2   0x080003e2   0x00000002   PAD
    0x080003e4   0x080003e4   0x00000078   Code   RO         4106    .text               c_w.l(_printf_dec.o)
    0x0800045c   0x0800045c   0x00000028   Code   RO         4108    .text               c_w.l(_printf_charcount.o)
    0x08000484   0x08000484   0x00000030   Code   RO         4110    .text               c_w.l(_printf_char_common.o)
    0x080004b4   0x080004b4   0x0000000a   Code   RO         4112    .text               c_w.l(_sputc.o)
    0x080004be   0x080004be   0x00000002   PAD
    0x080004c0   0x080004c0   0x000000bc   Code   RO         4114    .text               c_w.l(_printf_wctomb.o)
    0x0800057c   0x0800057c   0x0000007c   Code   RO         4117    .text               c_w.l(_printf_longlong_dec.o)
    0x080005f8   0x080005f8   0x00000070   Code   RO         4123    .text               c_w.l(_printf_oct_int_ll.o)
    0x08000668   0x08000668   0x00000094   Code   RO         4143    .text               c_w.l(_printf_hex_int_ll_ptr.o)
    0x080006fc   0x080006fc   0x00000188   Code   RO         4163    .text               c_w.l(__printf_flags_ss_wp.o)
    0x08000884   0x08000884   0x0000008a   Code   RO         4257    .text               c_w.l(lludiv10.o)
    0x0800090e   0x0800090e   0x000000b2   Code   RO         4259    .text               c_w.l(_printf_intcommon.o)
    0x080009c0   0x080009c0   0x0000041e   Code   RO         4261    .text               c_w.l(_printf_fp_dec.o)
    0x08000dde   0x08000dde   0x00000002   PAD
    0x08000de0   0x08000de0   0x000002fc   Code   RO         4263    .text               c_w.l(_printf_fp_hex.o)
    0x080010dc   0x080010dc   0x0000002c   Code   RO         4268    .text               c_w.l(_printf_char.o)
    0x08001108   0x08001108   0x0000002c   Code   RO         4270    .text               c_w.l(_printf_wchar.o)
    0x08001134   0x08001134   0x00000040   Code   RO         4273    .text               c_w.l(_wcrtomb.o)
    0x08001174   0x08001174   0x00000008   Code   RO         4281    .text               c_w.l(libspace.o)
    0x0800117c   0x0800117c   0x0000004a   Code   RO         4284    .text               c_w.l(sys_stackheap_outer.o)
    0x080011c6   0x080011c6   0x00000002   PAD
    0x080011c8   0x080011c8   0x00000010   Code   RO         4286    .text               c_w.l(rt_ctype_table.o)
    0x080011d8   0x080011d8   0x00000008   Code   RO         4291    .text               c_w.l(rt_locale_intlibspace.o)
    0x080011e0   0x080011e0   0x00000080   Code   RO         4293    .text               c_w.l(_printf_fp_infnan.o)
    0x08001260   0x08001260   0x000000e4   Code   RO         4295    .text               c_w.l(bigflt0.o)
    0x08001344   0x08001344   0x00000012   Code   RO         4323    .text               c_w.l(exit.o)
    0x08001356   0x08001356   0x00000002   PAD
    0x08001358   0x08001358   0x0000000c   Code   RO         4400    .text               c_w.l(sys_exit.o)
    0x08001364   0x08001364   0x00000002   Code   RO         4411    .text               c_w.l(use_no_semi.o)
    0x08001366   0x08001366   0x00000000   Code   RO         4413    .text               c_w.l(indicate_semi.o)
    0x08001366   0x08001366   0x0000003e   Code   RO         4298    CL$$btod_d2e        c_w.l(btod.o)
    0x080013a4   0x080013a4   0x00000046   Code   RO         4300    CL$$btod_d2e_denorm_low  c_w.l(btod.o)
    0x080013ea   0x080013ea   0x00000060   Code   RO         4299    CL$$btod_d2e_norm_op1  c_w.l(btod.o)
    0x0800144a   0x0800144a   0x00000338   Code   RO         4308    CL$$btod_div_common  c_w.l(btod.o)
    0x08001782   0x08001782   0x000000dc   Code   RO         4305    CL$$btod_e2e        c_w.l(btod.o)
    0x0800185e   0x0800185e   0x0000002a   Code   RO         4302    CL$$btod_ediv       c_w.l(btod.o)
    0x08001888   0x08001888   0x0000002a   Code   RO         4301    CL$$btod_emul       c_w.l(btod.o)
    0x080018b2   0x080018b2   0x00000244   Code   RO         4307    CL$$btod_mult_common  c_w.l(btod.o)
    0x08001af6   0x08001af6   0x00000016   Code   RO          202    i.ADC_Cmd           stm32f10x_adc.o
    0x08001b0c   0x08001b0c   0x00000014   Code   RO          210    i.ADC_GetCalibrationStatus  stm32f10x_adc.o
    0x08001b20   0x08001b20   0x00000014   Code   RO          216    i.ADC_GetResetCalibrationStatus  stm32f10x_adc.o
    0x08001b34   0x08001b34   0x00000050   Code   RO          220    i.ADC_Init          stm32f10x_adc.o
    0x08001b84   0x08001b84   0x0000000a   Code   RO          225    i.ADC_ResetCalibration  stm32f10x_adc.o
    0x08001b8e   0x08001b8e   0x0000000a   Code   RO          229    i.ADC_StartCalibration  stm32f10x_adc.o
    0x08001b98   0x08001b98   0x00000004   Code   RO         3950    i.BusFault_Handler  stm32f10x_it.o
    0x08001b9c   0x08001b9c   0x00000068   Code   RO         3885    i.Car_Amend         main.o
    0x08001c04   0x08001c04   0x00000010   Code   RO         3837    i.Car_Stop          car.o
    0x08001c14   0x08001c14   0x00000002   Code   RO         3951    i.DebugMon_Handler  stm32f10x_it.o
    0x08001c16   0x08001c16   0x00000018   Code   RO         3196    i.Delay_ms          delay.o
    0x08001c2e   0x08001c2e   0x00000018   Code   RO         3197    i.Delay_s           delay.o
    0x08001c46   0x08001c46   0x0000002e   Code   RO         3198    i.Delay_us          delay.o
    0x08001c74   0x08001c74   0x00000138   Code   RO         3625    i.Encoder_Init      encoder.o
    0x08001dac   0x08001dac   0x0000001c   Code   RO         3626    i.Encoder_L         encoder.o
    0x08001dc8   0x08001dc8   0x0000001c   Code   RO         3627    i.Encoder_R         encoder.o
    0x08001de4   0x08001de4   0x00000116   Code   RO         1347    i.GPIO_Init         stm32f10x_gpio.o
    0x08001efa   0x08001efa   0x00000012   Code   RO         1351    i.GPIO_ReadInputDataBit  stm32f10x_gpio.o
    0x08001f0c   0x08001f0c   0x00000004   Code   RO         1354    i.GPIO_ResetBits    stm32f10x_gpio.o
    0x08001f10   0x08001f10   0x00000004   Code   RO         1355    i.GPIO_SetBits      stm32f10x_gpio.o
    0x08001f14   0x08001f14   0x0000000a   Code   RO         1358    i.GPIO_WriteBit     stm32f10x_gpio.o
    0x08001f1e   0x08001f1e   0x00000004   Code   RO         3952    i.HardFault_Handler  stm32f10x_it.o
    0x08001f22   0x08001f22   0x00000002   PAD
    0x08001f24   0x08001f24   0x00000088   Code   RO         3728    i.JY901_GetAngle    jy901.o
    0x08001fac   0x08001fac   0x000000b4   Code   RO         3729    i.JY901_Init        jy901.o
    0x08002060   0x08002060   0x00000004   Code   RO         3953    i.MemManage_Handler  stm32f10x_it.o
    0x08002064   0x08002064   0x00000030   Code   RO         3574    i.Motor_Init        motor.o
    0x08002094   0x08002094   0x00000048   Code   RO         3575    i.Motor_L           motor.o
    0x080020dc   0x080020dc   0x00000048   Code   RO         3576    i.Motor_R           motor.o
    0x08002124   0x08002124   0x00000010   Code   RO         3838    i.Move_Forward      car.o
    0x08002134   0x08002134   0x00000002   Code   RO         3954    i.NMI_Handler       stm32f10x_it.o
    0x08002136   0x08002136   0x00000002   PAD
    0x08002138   0x08002138   0x00000070   Code   RO          137    i.NVIC_Init         misc.o
    0x080021a8   0x080021a8   0x00000014   Code   RO          138    i.NVIC_PriorityGroupConfig  misc.o
    0x080021bc   0x080021bc   0x00000028   Code   RO         3262    i.OLED_Clear        oled.o
    0x080021e4   0x080021e4   0x00000090   Code   RO         3263    i.OLED_ClearArea    oled.o
    0x08002274   0x08002274   0x00000060   Code   RO         3271    i.OLED_GPIO_Init    oled.o
    0x080022d4   0x080022d4   0x0000003e   Code   RO         3273    i.OLED_I2C_SendByte  oled.o
    0x08002312   0x08002312   0x0000001c   Code   RO         3274    i.OLED_I2C_Start    oled.o
    0x0800232e   0x0800232e   0x00000016   Code   RO         3275    i.OLED_I2C_Stop     oled.o
    0x08002344   0x08002344   0x0000009a   Code   RO         3276    i.OLED_Init         oled.o
    0x080023de   0x080023de   0x00000032   Code   RO         3279    i.OLED_Printf       oled.o
    0x08002410   0x08002410   0x00000022   Code   RO         3282    i.OLED_SetCursor    oled.o
    0x08002432   0x08002432   0x00000002   PAD
    0x08002434   0x08002434   0x00000054   Code   RO         3284    i.OLED_ShowChar     oled.o
    0x08002488   0x08002488   0x000000fc   Code   RO         3287    i.OLED_ShowImage    oled.o
    0x08002584   0x08002584   0x000001c4   Code   RO         3290    i.OLED_ShowString   oled.o
    0x08002748   0x08002748   0x00000028   Code   RO         3291    i.OLED_Update       oled.o
    0x08002770   0x08002770   0x00000018   Code   RO         3293    i.OLED_W_SCL        oled.o
    0x08002788   0x08002788   0x00000018   Code   RO         3294    i.OLED_W_SDA        oled.o
    0x080027a0   0x080027a0   0x00000020   Code   RO         3295    i.OLED_WriteCommand  oled.o
    0x080027c0   0x080027c0   0x0000002e   Code   RO         3296    i.OLED_WriteData    oled.o
    0x080027ee   0x080027ee   0x00000002   PAD
    0x080027f0   0x080027f0   0x00000190   Code   RO         3769    i.PID_L             pid.o
    0x08002980   0x08002980   0x00000194   Code   RO         3770    i.PID_R             pid.o
    0x08002b14   0x08002b14   0x00000148   Code   RO         3771    i.PID_Turn          pid.o
    0x08002c5c   0x08002c5c   0x000000d8   Code   RO         3601    i.PWM_Init          pwm.o
    0x08002d34   0x08002d34   0x00000014   Code   RO         3602    i.PWM_SetCompare1   pwm.o
    0x08002d48   0x08002d48   0x00000014   Code   RO         3603    i.PWM_SetCompare4   pwm.o
    0x08002d5c   0x08002d5c   0x00000002   Code   RO         3955    i.PendSV_Handler    stm32f10x_it.o
    0x08002d5e   0x08002d5e   0x00000002   PAD
    0x08002d60   0x08002d60   0x00000018   Code   RO         1773    i.RCC_ADCCLKConfig  stm32f10x_rcc.o
    0x08002d78   0x08002d78   0x00000020   Code   RO         1775    i.RCC_APB1PeriphClockCmd  stm32f10x_rcc.o
    0x08002d98   0x08002d98   0x00000020   Code   RO         1777    i.RCC_APB2PeriphClockCmd  stm32f10x_rcc.o
    0x08002db8   0x08002db8   0x000000d4   Code   RO         1785    i.RCC_GetClocksFreq  stm32f10x_rcc.o
    0x08002e8c   0x08002e8c   0x00000090   Code   RO         3557    i.RP_Init           rp.o
    0x08002f1c   0x08002f1c   0x00000002   Code   RO         3956    i.SVC_Handler       stm32f10x_it.o
    0x08002f1e   0x08002f1e   0x00000002   PAD
    0x08002f20   0x08002f20   0x000000b8   Code   RO         3651    i.Serial_Init       serial.o
    0x08002fd8   0x08002fd8   0x00000008   Code   RO           24    i.SetSysClock       system_stm32f10x.o
    0x08002fe0   0x08002fe0   0x000000e0   Code   RO           25    i.SetSysClockTo72   system_stm32f10x.o
    0x080030c0   0x080030c0   0x00000002   Code   RO         3957    i.SysTick_Handler   stm32f10x_it.o
    0x080030c2   0x080030c2   0x00000002   PAD
    0x080030c4   0x080030c4   0x00000060   Code   RO           27    i.SystemInit        system_stm32f10x.o
    0x08003124   0x08003124   0x00000080   Code   RO         2405    i.TI1_Config        stm32f10x_tim.o
    0x080031a4   0x080031a4   0x00000098   Code   RO         2406    i.TI2_Config        stm32f10x_tim.o
    0x0800323c   0x0800323c   0x00000090   Code   RO         2407    i.TI3_Config        stm32f10x_tim.o
    0x080032cc   0x080032cc   0x00000098   Code   RO         2408    i.TI4_Config        stm32f10x_tim.o
    0x08003364   0x08003364   0x000000bc   Code   RO         3772    i.TIM1_UP_IRQHandler  pid.o
    0x08003420   0x08003420   0x00000006   Code   RO         2415    i.TIM_ClearFlag     stm32f10x_tim.o
    0x08003426   0x08003426   0x00000006   Code   RO         2416    i.TIM_ClearITPendingBit  stm32f10x_tim.o
    0x0800342c   0x0800342c   0x00000018   Code   RO         2421    i.TIM_Cmd           stm32f10x_tim.o
    0x08003444   0x08003444   0x00000042   Code   RO         2430    i.TIM_EncoderInterfaceConfig  stm32f10x_tim.o
    0x08003486   0x08003486   0x00000006   Code   RO         2440    i.TIM_GetCounter    stm32f10x_tim.o
    0x0800348c   0x0800348c   0x00000022   Code   RO         2442    i.TIM_GetITStatus   stm32f10x_tim.o
    0x080034ae   0x080034ae   0x00000002   PAD
    0x080034b0   0x080034b0   0x000000ac   Code   RO         2444    i.TIM_ICInit        stm32f10x_tim.o
    0x0800355c   0x0800355c   0x00000012   Code   RO         2445    i.TIM_ICStructInit  stm32f10x_tim.o
    0x0800356e   0x0800356e   0x00000012   Code   RO         2446    i.TIM_ITConfig      stm32f10x_tim.o
    0x08003580   0x08003580   0x0000000c   Code   RO         2448    i.TIM_InternalClockConfig  stm32f10x_tim.o
    0x0800358c   0x0800358c   0x00000098   Code   RO         2450    i.TIM_OC1Init       stm32f10x_tim.o
    0x08003624   0x08003624   0x0000007c   Code   RO         2465    i.TIM_OC4Init       stm32f10x_tim.o
    0x080036a0   0x080036a0   0x00000014   Code   RO         2468    i.TIM_OCStructInit  stm32f10x_tim.o
    0x080036b4   0x080036b4   0x00000004   Code   RO         2482    i.TIM_SetCompare1   stm32f10x_tim.o
    0x080036b8   0x080036b8   0x00000006   Code   RO         2485    i.TIM_SetCompare4   stm32f10x_tim.o
    0x080036be   0x080036be   0x00000004   Code   RO         2486    i.TIM_SetCounter    stm32f10x_tim.o
    0x080036c2   0x080036c2   0x00000012   Code   RO         2487    i.TIM_SetIC1Prescaler  stm32f10x_tim.o
    0x080036d4   0x080036d4   0x0000001a   Code   RO         2488    i.TIM_SetIC2Prescaler  stm32f10x_tim.o
    0x080036ee   0x080036ee   0x00000012   Code   RO         2489    i.TIM_SetIC3Prescaler  stm32f10x_tim.o
    0x08003700   0x08003700   0x0000001a   Code   RO         2490    i.TIM_SetIC4Prescaler  stm32f10x_tim.o
    0x0800371a   0x0800371a   0x00000002   PAD
    0x0800371c   0x0800371c   0x000000a4   Code   RO         2492    i.TIM_TimeBaseInit  stm32f10x_tim.o
    0x080037c0   0x080037c0   0x0000007c   Code   RO         3220    i.Timer_Init        timer.o
    0x0800383c   0x0800383c   0x00000012   Code   RO         3839    i.Turn_LLeft        car.o
    0x0800384e   0x0800384e   0x00000012   Code   RO         3840    i.Turn_LRight       car.o
    0x08003860   0x08003860   0x00000012   Code   RO         3841    i.Turn_SLeft        car.o
    0x08003872   0x08003872   0x00000012   Code   RO         3842    i.Turn_SRight       car.o
    0x08003884   0x08003884   0x00000012   Code   RO         3843    i.Turn_circle       car.o
    0x08003896   0x08003896   0x00000002   PAD
    0x08003898   0x08003898   0x00000030   Code   RO         3730    i.USART2_IRQHandler  jy901.o
    0x080038c8   0x080038c8   0x00000038   Code   RO         3658    i.USART3_IRQHandler  serial.o
    0x08003900   0x08003900   0x0000001e   Code   RO         2957    i.USART_ClearITPendingBit  stm32f10x_usart.o
    0x0800391e   0x0800391e   0x00000018   Code   RO         2960    i.USART_Cmd         stm32f10x_usart.o
    0x08003936   0x08003936   0x00000054   Code   RO         2964    i.USART_GetITStatus  stm32f10x_usart.o
    0x0800398a   0x0800398a   0x0000004a   Code   RO         2966    i.USART_ITConfig    stm32f10x_usart.o
    0x080039d4   0x080039d4   0x000000d8   Code   RO         2967    i.USART_Init        stm32f10x_usart.o
    0x08003aac   0x08003aac   0x0000000a   Code   RO         2974    i.USART_ReceiveData  stm32f10x_usart.o
    0x08003ab6   0x08003ab6   0x00000004   Code   RO         3958    i.UsageFault_Handler  stm32f10x_it.o
    0x08003aba   0x08003aba   0x00000028   Code   RO         4277    i.__ARM_fpclassify  m_ws.l(fpclassify.o)
    0x08003ae2   0x08003ae2   0x0000000e   Code   RO         4156    i._is_digit         c_w.l(__printf_wp.o)
    0x08003af0   0x08003af0   0x000000b0   Code   RO         3731    i.jy901_ReceiveData  jy901.o
    0x08003ba0   0x08003ba0   0x00000524   Code   RO         3886    i.main              main.o
    0x080040c4   0x080040c4   0x0000002c   Code   RO         4321    locale$$code        c_w.l(lc_numeric_c.o)
    0x080040f0   0x080040f0   0x0000002c   Code   RO         4338    locale$$code        c_w.l(lc_ctype_c.o)
    0x0800411c   0x0800411c   0x00000018   Code   RO         4189    x$fpl$dcmpinf       fz_ws.l(dcmpi.o)
    0x08004134   0x08004134   0x00000078   Code   RO         4049    x$fpl$dleqf         fz_ws.l(dleqf.o)
    0x080041ac   0x080041ac   0x0000009c   Code   RO         4191    x$fpl$dnaninf       fz_ws.l(dnaninf.o)
    0x08004248   0x08004248   0x0000000c   Code   RO         4193    x$fpl$dretinf       fz_ws.l(dretinf.o)
    0x08004254   0x08004254   0x00000056   Code   RO         4055    x$fpl$f2d           fz_ws.l(f2d.o)
    0x080042aa   0x080042aa   0x00000002   PAD
    0x080042ac   0x080042ac   0x000000c4   Code   RO         4057    x$fpl$fadd          fz_ws.l(faddsub_clz.o)
    0x08004370   0x08004370   0x00000018   Code   RO         4197    x$fpl$fcmpinf       fz_ws.l(fcmpi.o)
    0x08004388   0x08004388   0x00000184   Code   RO         4064    x$fpl$fdiv          fz_ws.l(fdiv.o)
    0x0800450c   0x0800450c   0x00000068   Code   RO         4067    x$fpl$feqf          fz_ws.l(feqf.o)
    0x08004574   0x08004574   0x00000036   Code   RO         4069    x$fpl$ffix          fz_ws.l(ffix.o)
    0x080045aa   0x080045aa   0x00000002   PAD
    0x080045ac   0x080045ac   0x00000030   Code   RO         4074    x$fpl$fflt          fz_ws.l(fflt_clz.o)
    0x080045dc   0x080045dc   0x00000068   Code   RO         4079    x$fpl$fleqf         fz_ws.l(fleqf.o)
    0x08004644   0x08004644   0x00000102   Code   RO         4081    x$fpl$fmul          fz_ws.l(fmul.o)
    0x08004746   0x08004746   0x0000008c   Code   RO         4199    x$fpl$fnaninf       fz_ws.l(fnaninf.o)
    0x080047d2   0x080047d2   0x0000000a   Code   RO         4201    x$fpl$fretinf       fz_ws.l(fretinf.o)
    0x080047dc   0x080047dc   0x00000062   Code   RO         4083    x$fpl$frleqf        fz_ws.l(frleqf.o)
    0x0800483e   0x0800483e   0x00000002   PAD
    0x08004840   0x08004840   0x000000ea   Code   RO         4059    x$fpl$fsub          fz_ws.l(faddsub_clz.o)
    0x0800492a   0x0800492a   0x00000004   Code   RO         4203    x$fpl$printf1       fz_ws.l(printf1.o)
    0x0800492e   0x0800492e   0x00000004   Code   RO         4205    x$fpl$printf2       fz_ws.l(printf2.o)
    0x08004932   0x08004932   0x00000000   Code   RO         4211    x$fpl$usenofp       fz_ws.l(usenofp.o)
    0x08004932   0x08004932   0x0000094d   Data   RO         3508    .constdata          oled_data.o
    0x0800527f   0x0800527f   0x00000001   PAD
    0x08005280   0x08005280   0x00000008   Data   RO         4115    .constdata          c_w.l(_printf_wctomb.o)
    0x08005288   0x08005288   0x00000028   Data   RO         4144    .constdata          c_w.l(_printf_hex_int_ll_ptr.o)
    0x080052b0   0x080052b0   0x00000011   Data   RO         4164    .constdata          c_w.l(__printf_flags_ss_wp.o)
    0x080052c1   0x080052c1   0x00000026   Data   RO         4264    .constdata          c_w.l(_printf_fp_hex.o)
    0x080052e7   0x080052e7   0x00000001   PAD
    0x080052e8   0x080052e8   0x00000094   Data   RO         4296    .constdata          c_w.l(bigflt0.o)
    0x0800537c   0x0800537c   0x00000020   Data   RO         4466    Region$$Table       anon$$obj.o
    0x0800539c   0x0800539c   0x0000001c   Data   RO         4320    locale$$data        c_w.l(lc_numeric_c.o)
    0x080053b8   0x080053b8   0x00000110   Data   RO         4337    locale$$data        c_w.l(lc_ctype_c.o)


    Execution Region RW_IRAM1 (Exec base: 0x20000000, Load base: 0x080054c8, Size: 0x00000b38, Max: 0x00005000, ABSOLUTE)

    Exec Addr    Load Addr    Size         Type   Attr      Idx    E Section Name        Object

    0x20000000   0x080054c8   0x00000014   Data   RW         1805    .data               stm32f10x_rcc.o
    0x20000014   0x080054dc   0x00000002   Data   RW         3660    .data               serial.o
    0x20000016   0x080054de   0x00000002   PAD
    0x20000018   0x080054e0   0x0000001c   Data   RW         3733    .data               jy901.o
    0x20000034   0x080054fc   0x00000082   Data   RW         3773    .data               pid.o
    0x200000b6   0x0800557e   0x00000002   PAD
    0x200000b8   0x08005580   0x00000014   Data   RW         3887    .data               main.o
    0x200000cc        -       0x00000400   Zero   RW         3298    .bss                oled.o
    0x200004cc        -       0x0000000b   Zero   RW         3732    .bss                jy901.o
    0x200004d7   0x08005594   0x00000001   PAD
    0x200004d8        -       0x00000060   Zero   RW         4282    .bss                c_w.l(libspace.o)
    0x20000538        -       0x00000200   Zero   RW            2    HEAP                startup_stm32f10x_md.o
    0x20000738        -       0x00000400   Zero   RW            1    STACK               startup_stm32f10x_md.o


==============================================================================

Image component sizes


      Code (inc. data)   RO Data    RW Data    ZI Data      Debug   Object Name

       122          0          0          0          0       2946   car.o
         0          0          0          0          0       4500   core_cm3.o
        94          0          0          0          0       1380   delay.o
       368         28          0          0          0       1639   encoder.o
       540         48          0         28         11       3036   jy901.o
      1420        142          0         20          0       1767   main.o
       132         22          0          0          0     213719   misc.o
       192         16          0          0          0       1445   motor.o
      1584         52          0          0       1024      11085   oled.o
         0          0       2381          0          0       1058   oled_data.o
      1320        220          0        130          0       3486   pid.o
       256         22          0          0          0       1599   pwm.o
       144          8          0          0          0        566   rp.o
       240         20          0          2          0       1348   serial.o
        64         26        236          0       1536        812   startup_stm32f10x_md.o
       162         10          0          0          0      15774   stm32f10x_adc.o
       314          0          0          0          0      12284   stm32f10x_gpio.o
        26          0          0          0          0       3674   stm32f10x_it.o
       300         38          0         20          0      13433   stm32f10x_rcc.o
      1500        180          0          0          0      35170   stm32f10x_tim.o
       438          6          0          0          0      11328   stm32f10x_usart.o
       328         28          0          0          0      45161   system_stm32f10x.o
       124          6          0          0          0        537   timer.o

    ----------------------------------------------------------------------
      9688        872       2650        204       2572     387747   Object Totals
         0          0         32          0          0          0   (incl. Generated)
        20          0          1          4          1          0   (incl. Padding)

    ----------------------------------------------------------------------

      Code (inc. data)   RO Data    RW Data    ZI Data      Debug   Library Member Name

         8          0          0          0          0         68   __main.o
       392          4         17          0          0         92   __printf_flags_ss_wp.o
        14          0          0          0          0         68   __printf_wp.o
         0          0          0          0          0          0   __rtentry.o
        12          0          0          0          0          0   __rtentry2.o
         6          0          0          0          0          0   __rtentry4.o
        52          8          0          0          0          0   __scatter.o
        26          0          0          0          0          0   __scatter_copy.o
        28          0          0          0          0          0   __scatter_zi.o
         6          0          0          0          0          0   _printf_a.o
         6          0          0          0          0          0   _printf_c.o
        44          0          0          0          0        108   _printf_char.o
        48          6          0          0          0         96   _printf_char_common.o
        40          0          0          0          0         68   _printf_charcount.o
         6          0          0          0          0          0   _printf_d.o
       120         16          0          0          0         92   _printf_dec.o
         6          0          0          0          0          0   _printf_e.o
         6          0          0          0          0          0   _printf_f.o
      1054          0          0          0          0        216   _printf_fp_dec.o
       764          8         38          0          0        100   _printf_fp_hex.o
       128         16          0          0          0         84   _printf_fp_infnan.o
         6          0          0          0          0          0   _printf_g.o
       148          4         40          0          0        160   _printf_hex_int_ll_ptr.o
         6          0          0          0          0          0   _printf_i.o
       178          0          0          0          0         88   _printf_intcommon.o
        10          0          0          0          0          0   _printf_l.o
         6          0          0          0          0          0   _printf_lc.o
        10          0          0          0          0          0   _printf_ll.o
         6          0          0          0          0          0   _printf_lld.o
         6          0          0          0          0          0   _printf_lli.o
         6          0          0          0          0          0   _printf_llo.o
         6          0          0          0          0          0   _printf_llu.o
         6          0          0          0          0          0   _printf_llx.o
       124         16          0          0          0         92   _printf_longlong_dec.o
         6          0          0          0          0          0   _printf_ls.o
         6          0          0          0          0          0   _printf_n.o
         6          0          0          0          0          0   _printf_o.o
       112         10          0          0          0        124   _printf_oct_int_ll.o
         6          0          0          0          0          0   _printf_p.o
        78          0          0          0          0        108   _printf_pad.o
         0          0          0          0          0          0   _printf_percent.o
         4          0          0          0          0          0   _printf_percent_end.o
         6          0          0          0          0          0   _printf_s.o
        82          0          0          0          0         80   _printf_str.o
        36          0          0          0          0         84   _printf_truncate.o
         6          0          0          0          0          0   _printf_u.o
        44          0          0          0          0        108   _printf_wchar.o
       188          6          8          0          0         92   _printf_wctomb.o
         6          0          0          0          0          0   _printf_x.o
        10          0          0          0          0         68   _sputc.o
        64          0          0          0          0         92   _wcrtomb.o
       228          4        148          0          0         96   bigflt0.o
      1936        128          0          0          0        672   btod.o
        18          0          0          0          0         80   exit.o
         6          0          0          0          0        152   heapauxi.o
         0          0          0          0          0          0   indicate_semi.o
        44         10        272          0          0         76   lc_ctype_c.o
        44         10         28          0          0         76   lc_numeric_c.o
         2          0          0          0          0          0   libinit.o
        30          0          0          0          0          0   libinit2.o
         2          0          0          0          0          0   libshutdown.o
         2          0          0          0          0          0   libshutdown2.o
         8          4          0          0         96         68   libspace.o
       138          0          0          0          0         80   lludiv10.o
        16          4          0          0          0         76   rt_ctype_table.o
         8          4          0          0          0         68   rt_locale_intlibspace.o
         2          0          0          0          0          0   rtexit.o
        10          0          0          0          0          0   rtexit2.o
       128          0          0          0          0         68   strcmpv7m.o
        12          4          0          0          0         68   sys_exit.o
        74          0          0          0          0         80   sys_stackheap_outer.o
         2          0          0          0          0         68   use_no_semi.o
        36          4          0          0          0         76   vsprintf.o
        24          0          0          0          0         68   dcmpi.o
       120          4          0          0          0         92   dleqf.o
       156          4          0          0          0         92   dnaninf.o
        12          0          0          0          0         68   dretinf.o
        86          4          0          0          0         84   f2d.o
       430          8          0          0          0        168   faddsub_clz.o
        24          0          0          0          0         68   fcmpi.o
       388         76          0          0          0         96   fdiv.o
       104          4          0          0          0         84   feqf.o
        54          4          0          0          0         84   ffix.o
        48          0          0          0          0         68   fflt_clz.o
       104          4          0          0          0         84   fleqf.o
       258          4          0          0          0         84   fmul.o
       140          4          0          0          0         84   fnaninf.o
        10          0          0          0          0         68   fretinf.o
        98          0          0          0          0         68   frleqf.o
         4          0          0          0          0         68   printf1.o
         4          0          0          0          0         68   printf2.o
         0          0          0          0          0          0   usenofp.o
        40          0          0          0          0         68   fpclassify.o

    ----------------------------------------------------------------------
      8814        382        552          0         96       5456   Library Totals
        20          0          1          0          0          0   (incl. Padding)

    ----------------------------------------------------------------------

      Code (inc. data)   RO Data    RW Data    ZI Data      Debug   Library Name

      6690        266        551          0         96       3892   c_w.l
      2064        116          0          0          0       1496   fz_ws.l
        40          0          0          0          0         68   m_ws.l

    ----------------------------------------------------------------------
      8814        382        552          0         96       5456   Library Totals

    ----------------------------------------------------------------------

==============================================================================


      Code (inc. data)   RO Data    RW Data    ZI Data      Debug   

     18502       1254       3202        204       2668     384567   Grand Totals
     18502       1254       3202        204       2668     384567   ELF Image Totals
     18502       1254       3202        204          0          0   ROM Totals

==============================================================================

    Total RO  Size (Code + RO Data)                21704 (  21.20kB)
    Total RW  Size (RW Data + ZI Data)              2872 (   2.80kB)
    Total ROM Size (Code + RO Data + RW Data)      21908 (  21.39kB)

==============================================================================

